<!doctype html public "-//w3c//dtd html 4.0 transitional//en">
<html><head>
<title>Static Call Graph - [.\Objects\Exin_motor.axf]</title></head>
<body><HR>
<H1>Static Call Graph for image .\Objects\Exin_motor.axf</H1><HR>
<BR><P>#&#060CALLGRAPH&#062# ARM Linker, 5060750: Last Updated: Tue Feb 15 18:07:38 2022
<BR><P>
<H3>Maximum Stack Usage =         80 bytes + Unknown(Cycles, Untraceable Function Pointers)</H3><H3>
Call chain for Maximum Stack Depth:</H3>
__rt_entry_main &rArr; main &rArr; system_init &rArr; systic_delayms &rArr; systic_delayus &rArr; systic_read &rArr; __aeabi_d2iz
<P>
<H3>
Mutually Recursive functions
</H3> <LI><a href="#[4]">NMI_Handler</a>&nbsp;&nbsp;&nbsp;&rArr;&nbsp;&nbsp;&nbsp;<a href="#[4]">NMI_Handler</a><BR>
 <LI><a href="#[5]">HardFault_Handler</a>&nbsp;&nbsp;&nbsp;&rArr;&nbsp;&nbsp;&nbsp;<a href="#[5]">HardFault_Handler</a><BR>
 <LI><a href="#[6]">MemManage_Handler</a>&nbsp;&nbsp;&nbsp;&rArr;&nbsp;&nbsp;&nbsp;<a href="#[6]">MemManage_Handler</a><BR>
 <LI><a href="#[7]">BusFault_Handler</a>&nbsp;&nbsp;&nbsp;&rArr;&nbsp;&nbsp;&nbsp;<a href="#[7]">BusFault_Handler</a><BR>
 <LI><a href="#[8]">UsageFault_Handler</a>&nbsp;&nbsp;&nbsp;&rArr;&nbsp;&nbsp;&nbsp;<a href="#[8]">UsageFault_Handler</a><BR>
 <LI><a href="#[9]">SVC_Handler</a>&nbsp;&nbsp;&nbsp;&rArr;&nbsp;&nbsp;&nbsp;<a href="#[9]">SVC_Handler</a><BR>
 <LI><a href="#[a]">DebugMon_Handler</a>&nbsp;&nbsp;&nbsp;&rArr;&nbsp;&nbsp;&nbsp;<a href="#[a]">DebugMon_Handler</a><BR>
 <LI><a href="#[b]">PendSV_Handler</a>&nbsp;&nbsp;&nbsp;&rArr;&nbsp;&nbsp;&nbsp;<a href="#[b]">PendSV_Handler</a><BR>
 <LI><a href="#[29]">AES256_IRQHandler</a>&nbsp;&nbsp;&nbsp;&rArr;&nbsp;&nbsp;&nbsp;<a href="#[29]">AES256_IRQHandler</a><BR>
</UL>
<P>
<H3>
Function Pointers
</H3><UL>
 <LI><a href="#[25]">ADC14_IRQHandler</a> from exinadc.o(i.ADC14_IRQHandler) referenced from startup_msp432p401x_keil.o(RESET)
 <LI><a href="#[29]">AES256_IRQHandler</a> from startup_msp432p401x_keil.o(.text) referenced from startup_msp432p401x_keil.o(RESET)
 <LI><a href="#[7]">BusFault_Handler</a> from startup_msp432p401x_keil.o(.text) referenced from startup_msp432p401x_keil.o(RESET)
 <LI><a href="#[13]">COMP_E0_IRQHandler</a> from startup_msp432p401x_keil.o(.text) referenced from startup_msp432p401x_keil.o(RESET)
 <LI><a href="#[14]">COMP_E1_IRQHandler</a> from startup_msp432p401x_keil.o(.text) referenced from startup_msp432p401x_keil.o(RESET)
 <LI><a href="#[e]">CS_IRQHandler</a> from startup_msp432p401x_keil.o(.text) referenced from startup_msp432p401x_keil.o(RESET)
 <LI><a href="#[2b]">DMA_ERR_IRQHandler</a> from startup_msp432p401x_keil.o(.text) referenced from startup_msp432p401x_keil.o(RESET)
 <LI><a href="#[2f]">DMA_INT0_IRQHandler</a> from startup_msp432p401x_keil.o(.text) referenced from startup_msp432p401x_keil.o(RESET)
 <LI><a href="#[2e]">DMA_INT1_IRQHandler</a> from startup_msp432p401x_keil.o(.text) referenced from startup_msp432p401x_keil.o(RESET)
 <LI><a href="#[2d]">DMA_INT2_IRQHandler</a> from startup_msp432p401x_keil.o(.text) referenced from startup_msp432p401x_keil.o(RESET)
 <LI><a href="#[2c]">DMA_INT3_IRQHandler</a> from startup_msp432p401x_keil.o(.text) referenced from startup_msp432p401x_keil.o(RESET)
 <LI><a href="#[a]">DebugMon_Handler</a> from startup_msp432p401x_keil.o(.text) referenced from startup_msp432p401x_keil.o(RESET)
 <LI><a href="#[1d]">EUSCIA0_IRQHandler</a> from exinuart.o(i.EUSCIA0_IRQHandler) referenced from startup_msp432p401x_keil.o(RESET)
 <LI><a href="#[1e]">EUSCIA1_IRQHandler</a> from exinuart.o(i.EUSCIA1_IRQHandler) referenced from startup_msp432p401x_keil.o(RESET)
 <LI><a href="#[1f]">EUSCIA2_IRQHandler</a> from exinuart.o(i.EUSCIA2_IRQHandler) referenced from startup_msp432p401x_keil.o(RESET)
 <LI><a href="#[20]">EUSCIA3_IRQHandler</a> from exinuart.o(i.EUSCIA3_IRQHandler) referenced from startup_msp432p401x_keil.o(RESET)
 <LI><a href="#[21]">EUSCIB0_IRQHandler</a> from startup_msp432p401x_keil.o(.text) referenced from startup_msp432p401x_keil.o(RESET)
 <LI><a href="#[22]">EUSCIB1_IRQHandler</a> from startup_msp432p401x_keil.o(.text) referenced from startup_msp432p401x_keil.o(RESET)
 <LI><a href="#[23]">EUSCIB2_IRQHandler</a> from startup_msp432p401x_keil.o(.text) referenced from startup_msp432p401x_keil.o(RESET)
 <LI><a href="#[24]">EUSCIB3_IRQHandler</a> from startup_msp432p401x_keil.o(.text) referenced from startup_msp432p401x_keil.o(RESET)
 <LI><a href="#[12]">FLCTL_IRQHandler</a> from startup_msp432p401x_keil.o(.text) referenced from startup_msp432p401x_keil.o(RESET)
 <LI><a href="#[11]">FPU_IRQHandler</a> from startup_msp432p401x_keil.o(.text) referenced from startup_msp432p401x_keil.o(RESET)
 <LI><a href="#[5]">HardFault_Handler</a> from startup_msp432p401x_keil.o(.text) referenced from startup_msp432p401x_keil.o(RESET)
 <LI><a href="#[6]">MemManage_Handler</a> from startup_msp432p401x_keil.o(.text) referenced from startup_msp432p401x_keil.o(RESET)
 <LI><a href="#[4]">NMI_Handler</a> from startup_msp432p401x_keil.o(.text) referenced from startup_msp432p401x_keil.o(RESET)
 <LI><a href="#[f]">PCM_IRQHandler</a> from startup_msp432p401x_keil.o(.text) referenced from startup_msp432p401x_keil.o(RESET)
 <LI><a href="#[30]">PORT1_IRQHandler</a> from exinisr.o(i.PORT1_IRQHandler) referenced from startup_msp432p401x_keil.o(RESET)
 <LI><a href="#[31]">PORT2_IRQHandler</a> from exinisr.o(i.PORT2_IRQHandler) referenced from startup_msp432p401x_keil.o(RESET)
 <LI><a href="#[32]">PORT3_IRQHandler</a> from exinisr.o(i.PORT3_IRQHandler) referenced from startup_msp432p401x_keil.o(RESET)
 <LI><a href="#[33]">PORT4_IRQHandler</a> from exinisr.o(i.PORT4_IRQHandler) referenced from startup_msp432p401x_keil.o(RESET)
 <LI><a href="#[34]">PORT5_IRQHandler</a> from exinisr.o(i.PORT5_IRQHandler) referenced from startup_msp432p401x_keil.o(RESET)
 <LI><a href="#[35]">PORT6_IRQHandler</a> from exinisr.o(i.PORT6_IRQHandler) referenced from startup_msp432p401x_keil.o(RESET)
 <LI><a href="#[d]">PSS_IRQHandler</a> from startup_msp432p401x_keil.o(.text) referenced from startup_msp432p401x_keil.o(RESET)
 <LI><a href="#[b]">PendSV_Handler</a> from startup_msp432p401x_keil.o(.text) referenced from startup_msp432p401x_keil.o(RESET)
 <LI><a href="#[2a]">RTC_C_IRQHandler</a> from startup_msp432p401x_keil.o(.text) referenced from startup_msp432p401x_keil.o(RESET)
 <LI><a href="#[3]">Reset_Handler</a> from startup_msp432p401x_keil.o(.text) referenced from startup_msp432p401x_keil.o(RESET)
 <LI><a href="#[9]">SVC_Handler</a> from startup_msp432p401x_keil.o(.text) referenced from startup_msp432p401x_keil.o(RESET)
 <LI><a href="#[c]">SysTick_Handler</a> from exinsystem.o(i.SysTick_Handler) referenced from startup_msp432p401x_keil.o(RESET)
 <LI><a href="#[36]">SystemInit</a> from system_msp432p401x.o(i.SystemInit) referenced from startup_msp432p401x_keil.o(.text)
 <LI><a href="#[26]">T32_INT1_IRQHandler</a> from startup_msp432p401x_keil.o(.text) referenced from startup_msp432p401x_keil.o(RESET)
 <LI><a href="#[27]">T32_INT2_IRQHandler</a> from startup_msp432p401x_keil.o(.text) referenced from startup_msp432p401x_keil.o(RESET)
 <LI><a href="#[28]">T32_INTC_IRQHandler</a> from startup_msp432p401x_keil.o(.text) referenced from startup_msp432p401x_keil.o(RESET)
 <LI><a href="#[15]">TA0_0_IRQHandler</a> from exinisr.o(i.TA0_0_IRQHandler) referenced from startup_msp432p401x_keil.o(RESET)
 <LI><a href="#[16]">TA0_N_IRQHandler</a> from exinisr.o(i.TA0_N_IRQHandler) referenced from startup_msp432p401x_keil.o(RESET)
 <LI><a href="#[17]">TA1_0_IRQHandler</a> from exinisr.o(i.TA1_0_IRQHandler) referenced from startup_msp432p401x_keil.o(RESET)
 <LI><a href="#[18]">TA1_N_IRQHandler</a> from exinisr.o(i.TA1_N_IRQHandler) referenced from startup_msp432p401x_keil.o(RESET)
 <LI><a href="#[19]">TA2_0_IRQHandler</a> from exinisr.o(i.TA2_0_IRQHandler) referenced from startup_msp432p401x_keil.o(RESET)
 <LI><a href="#[1a]">TA2_N_IRQHandler</a> from exinisr.o(i.TA2_N_IRQHandler) referenced from startup_msp432p401x_keil.o(RESET)
 <LI><a href="#[1b]">TA3_0_IRQHandler</a> from exinisr.o(i.TA3_0_IRQHandler) referenced from startup_msp432p401x_keil.o(RESET)
 <LI><a href="#[1c]">TA3_N_IRQHandler</a> from exinisr.o(i.TA3_N_IRQHandler) referenced from startup_msp432p401x_keil.o(RESET)
 <LI><a href="#[8]">UsageFault_Handler</a> from startup_msp432p401x_keil.o(.text) referenced from startup_msp432p401x_keil.o(RESET)
 <LI><a href="#[10]">WDT_A_IRQHandler</a> from startup_msp432p401x_keil.o(.text) referenced from startup_msp432p401x_keil.o(RESET)
 <LI><a href="#[38]">__main</a> from __main.o(!!!main) referenced from startup_msp432p401x_keil.o(.text)
</UL>
<P>
<H3>
Global Symbols
</H3>
<P><STRONG><a name="[38]"></a>__main</STRONG> (Thumb, 8 bytes, Stack size 0 bytes, __main.o(!!!main))
<BR><BR>[Calls]<UL><LI><a href="#[39]">&gt;&gt;</a>&nbsp;&nbsp;&nbsp;__scatterload
<LI><a href="#[3a]">&gt;&gt;</a>&nbsp;&nbsp;&nbsp;__rt_entry
</UL>

<P><STRONG><a name="[39]"></a>__scatterload</STRONG> (Thumb, 0 bytes, Stack size unknown bytes, __scatter.o(!!!scatter))
<BR><BR>[Called By]<UL><LI><a href="#[38]">&gt;&gt;</a>&nbsp;&nbsp;&nbsp;__main
</UL>

<P><STRONG><a name="[3b]"></a>__scatterload_rt2</STRONG> (Thumb, 44 bytes, Stack size unknown bytes, __scatter.o(!!!scatter), UNUSED)
<BR><BR>[Calls]<UL><LI><a href="#[3a]">&gt;&gt;</a>&nbsp;&nbsp;&nbsp;__rt_entry
</UL>

<P><STRONG><a name="[7c]"></a>__scatterload_rt2_thumb_only</STRONG> (Thumb, 0 bytes, Stack size unknown bytes, __scatter.o(!!!scatter), UNUSED)

<P><STRONG><a name="[7d]"></a>__scatterload_null</STRONG> (Thumb, 0 bytes, Stack size unknown bytes, __scatter.o(!!!scatter), UNUSED)

<P><STRONG><a name="[3c]"></a>__scatterload_copy</STRONG> (Thumb, 26 bytes, Stack size unknown bytes, __scatter_copy.o(!!handler_copy), UNUSED)
<BR><BR>[Calls]<UL><LI><a href="#[3c]">&gt;&gt;</a>&nbsp;&nbsp;&nbsp;__scatterload_copy
</UL>
<BR>[Called By]<UL><LI><a href="#[3c]">&gt;&gt;</a>&nbsp;&nbsp;&nbsp;__scatterload_copy
</UL>

<P><STRONG><a name="[7e]"></a>__scatterload_zeroinit</STRONG> (Thumb, 28 bytes, Stack size unknown bytes, __scatter_zi.o(!!handler_zi), UNUSED)

<P><STRONG><a name="[42]"></a>__rt_lib_init</STRONG> (Thumb, 0 bytes, Stack size unknown bytes, libinit.o(.ARM.Collect$$libinit$$00000000))
<BR><BR>[Called By]<UL><LI><a href="#[41]">&gt;&gt;</a>&nbsp;&nbsp;&nbsp;__rt_entry_li
</UL>

<P><STRONG><a name="[3d]"></a>__rt_lib_init_fp_1</STRONG> (Thumb, 0 bytes, Stack size unknown bytes, libinit2.o(.ARM.Collect$$libinit$$00000001))
<BR><BR>[Calls]<UL><LI><a href="#[3e]">&gt;&gt;</a>&nbsp;&nbsp;&nbsp;_fp_init
</UL>

<P><STRONG><a name="[7f]"></a>__rt_lib_init_alloca_1</STRONG> (Thumb, 0 bytes, Stack size unknown bytes, libinit2.o(.ARM.Collect$$libinit$$0000002E))

<P><STRONG><a name="[80]"></a>__rt_lib_init_argv_1</STRONG> (Thumb, 0 bytes, Stack size unknown bytes, libinit2.o(.ARM.Collect$$libinit$$0000002C))

<P><STRONG><a name="[81]"></a>__rt_lib_init_atexit_1</STRONG> (Thumb, 0 bytes, Stack size unknown bytes, libinit2.o(.ARM.Collect$$libinit$$0000001B))

<P><STRONG><a name="[82]"></a>__rt_lib_init_clock_1</STRONG> (Thumb, 0 bytes, Stack size unknown bytes, libinit2.o(.ARM.Collect$$libinit$$00000021))

<P><STRONG><a name="[83]"></a>__rt_lib_init_cpp_1</STRONG> (Thumb, 0 bytes, Stack size unknown bytes, libinit2.o(.ARM.Collect$$libinit$$00000032))

<P><STRONG><a name="[84]"></a>__rt_lib_init_exceptions_1</STRONG> (Thumb, 0 bytes, Stack size unknown bytes, libinit2.o(.ARM.Collect$$libinit$$00000030))

<P><STRONG><a name="[85]"></a>__rt_lib_init_fp_trap_1</STRONG> (Thumb, 0 bytes, Stack size unknown bytes, libinit2.o(.ARM.Collect$$libinit$$0000001F))

<P><STRONG><a name="[86]"></a>__rt_lib_init_getenv_1</STRONG> (Thumb, 0 bytes, Stack size unknown bytes, libinit2.o(.ARM.Collect$$libinit$$00000023))

<P><STRONG><a name="[87]"></a>__rt_lib_init_heap_1</STRONG> (Thumb, 0 bytes, Stack size unknown bytes, libinit2.o(.ARM.Collect$$libinit$$0000000A))

<P><STRONG><a name="[88]"></a>__rt_lib_init_lc_collate_1</STRONG> (Thumb, 0 bytes, Stack size unknown bytes, libinit2.o(.ARM.Collect$$libinit$$00000011))

<P><STRONG><a name="[89]"></a>__rt_lib_init_lc_ctype_1</STRONG> (Thumb, 0 bytes, Stack size unknown bytes, libinit2.o(.ARM.Collect$$libinit$$00000013))

<P><STRONG><a name="[8a]"></a>__rt_lib_init_lc_monetary_1</STRONG> (Thumb, 0 bytes, Stack size unknown bytes, libinit2.o(.ARM.Collect$$libinit$$00000015))

<P><STRONG><a name="[8b]"></a>__rt_lib_init_lc_numeric_1</STRONG> (Thumb, 0 bytes, Stack size unknown bytes, libinit2.o(.ARM.Collect$$libinit$$00000017))

<P><STRONG><a name="[8c]"></a>__rt_lib_init_lc_time_1</STRONG> (Thumb, 0 bytes, Stack size unknown bytes, libinit2.o(.ARM.Collect$$libinit$$00000019))

<P><STRONG><a name="[8d]"></a>__rt_lib_init_preinit_1</STRONG> (Thumb, 0 bytes, Stack size unknown bytes, libinit2.o(.ARM.Collect$$libinit$$00000004))

<P><STRONG><a name="[8e]"></a>__rt_lib_init_rand_1</STRONG> (Thumb, 0 bytes, Stack size unknown bytes, libinit2.o(.ARM.Collect$$libinit$$0000000E))

<P><STRONG><a name="[8f]"></a>__rt_lib_init_return</STRONG> (Thumb, 0 bytes, Stack size unknown bytes, libinit2.o(.ARM.Collect$$libinit$$00000033))

<P><STRONG><a name="[90]"></a>__rt_lib_init_signal_1</STRONG> (Thumb, 0 bytes, Stack size unknown bytes, libinit2.o(.ARM.Collect$$libinit$$0000001D))

<P><STRONG><a name="[91]"></a>__rt_lib_init_stdio_1</STRONG> (Thumb, 0 bytes, Stack size unknown bytes, libinit2.o(.ARM.Collect$$libinit$$00000025))

<P><STRONG><a name="[92]"></a>__rt_lib_init_user_alloc_1</STRONG> (Thumb, 0 bytes, Stack size unknown bytes, libinit2.o(.ARM.Collect$$libinit$$0000000C))

<P><STRONG><a name="[47]"></a>__rt_lib_shutdown</STRONG> (Thumb, 0 bytes, Stack size unknown bytes, libshutdown.o(.ARM.Collect$$libshutdown$$00000000))
<BR><BR>[Called By]<UL><LI><a href="#[46]">&gt;&gt;</a>&nbsp;&nbsp;&nbsp;__rt_exit_ls
</UL>

<P><STRONG><a name="[93]"></a>__rt_lib_shutdown_cpp_1</STRONG> (Thumb, 0 bytes, Stack size unknown bytes, libshutdown2.o(.ARM.Collect$$libshutdown$$00000002))

<P><STRONG><a name="[94]"></a>__rt_lib_shutdown_fp_trap_1</STRONG> (Thumb, 0 bytes, Stack size unknown bytes, libshutdown2.o(.ARM.Collect$$libshutdown$$00000007))

<P><STRONG><a name="[95]"></a>__rt_lib_shutdown_heap_1</STRONG> (Thumb, 0 bytes, Stack size unknown bytes, libshutdown2.o(.ARM.Collect$$libshutdown$$0000000F))

<P><STRONG><a name="[96]"></a>__rt_lib_shutdown_return</STRONG> (Thumb, 0 bytes, Stack size unknown bytes, libshutdown2.o(.ARM.Collect$$libshutdown$$00000010))

<P><STRONG><a name="[97]"></a>__rt_lib_shutdown_signal_1</STRONG> (Thumb, 0 bytes, Stack size unknown bytes, libshutdown2.o(.ARM.Collect$$libshutdown$$0000000A))

<P><STRONG><a name="[98]"></a>__rt_lib_shutdown_stdio_1</STRONG> (Thumb, 0 bytes, Stack size unknown bytes, libshutdown2.o(.ARM.Collect$$libshutdown$$00000004))

<P><STRONG><a name="[99]"></a>__rt_lib_shutdown_user_alloc_1</STRONG> (Thumb, 0 bytes, Stack size unknown bytes, libshutdown2.o(.ARM.Collect$$libshutdown$$0000000C))

<P><STRONG><a name="[3a]"></a>__rt_entry</STRONG> (Thumb, 0 bytes, Stack size unknown bytes, __rtentry.o(.ARM.Collect$$rtentry$$00000000))
<BR><BR>[Called By]<UL><LI><a href="#[38]">&gt;&gt;</a>&nbsp;&nbsp;&nbsp;__main
<LI><a href="#[3b]">&gt;&gt;</a>&nbsp;&nbsp;&nbsp;__scatterload_rt2
</UL>

<P><STRONG><a name="[9a]"></a>__rt_entry_presh_1</STRONG> (Thumb, 0 bytes, Stack size unknown bytes, __rtentry2.o(.ARM.Collect$$rtentry$$00000002))

<P><STRONG><a name="[3f]"></a>__rt_entry_sh</STRONG> (Thumb, 0 bytes, Stack size unknown bytes, __rtentry4.o(.ARM.Collect$$rtentry$$00000004))
<BR><BR>[Stack]<UL><LI>Max Depth = 8 + Unknown Stack Size
<LI>Call Chain = __rt_entry_sh &rArr; __user_setup_stackheap
</UL>
<BR>[Calls]<UL><LI><a href="#[40]">&gt;&gt;</a>&nbsp;&nbsp;&nbsp;__user_setup_stackheap
</UL>

<P><STRONG><a name="[41]"></a>__rt_entry_li</STRONG> (Thumb, 0 bytes, Stack size unknown bytes, __rtentry2.o(.ARM.Collect$$rtentry$$0000000A))
<BR><BR>[Calls]<UL><LI><a href="#[42]">&gt;&gt;</a>&nbsp;&nbsp;&nbsp;__rt_lib_init
</UL>

<P><STRONG><a name="[9b]"></a>__rt_entry_postsh_1</STRONG> (Thumb, 0 bytes, Stack size unknown bytes, __rtentry2.o(.ARM.Collect$$rtentry$$00000009))

<P><STRONG><a name="[43]"></a>__rt_entry_main</STRONG> (Thumb, 0 bytes, Stack size unknown bytes, __rtentry2.o(.ARM.Collect$$rtentry$$0000000D))
<BR><BR>[Stack]<UL><LI>Max Depth = 80 + Unknown Stack Size
<LI>Call Chain = __rt_entry_main &rArr; main &rArr; system_init &rArr; systic_delayms &rArr; systic_delayus &rArr; systic_read &rArr; __aeabi_d2iz
</UL>
<BR>[Calls]<UL><LI><a href="#[44]">&gt;&gt;</a>&nbsp;&nbsp;&nbsp;main
<LI><a href="#[45]">&gt;&gt;</a>&nbsp;&nbsp;&nbsp;exit
</UL>

<P><STRONG><a name="[9c]"></a>__rt_entry_postli_1</STRONG> (Thumb, 0 bytes, Stack size unknown bytes, __rtentry2.o(.ARM.Collect$$rtentry$$0000000C))

<P><STRONG><a name="[4c]"></a>__rt_exit</STRONG> (Thumb, 0 bytes, Stack size unknown bytes, rtexit.o(.ARM.Collect$$rtexit$$00000000))
<BR><BR>[Called By]<UL><LI><a href="#[45]">&gt;&gt;</a>&nbsp;&nbsp;&nbsp;exit
</UL>

<P><STRONG><a name="[46]"></a>__rt_exit_ls</STRONG> (Thumb, 0 bytes, Stack size unknown bytes, rtexit2.o(.ARM.Collect$$rtexit$$00000003))
<BR><BR>[Calls]<UL><LI><a href="#[47]">&gt;&gt;</a>&nbsp;&nbsp;&nbsp;__rt_lib_shutdown
</UL>

<P><STRONG><a name="[9d]"></a>__rt_exit_prels_1</STRONG> (Thumb, 0 bytes, Stack size unknown bytes, rtexit2.o(.ARM.Collect$$rtexit$$00000002))

<P><STRONG><a name="[48]"></a>__rt_exit_exit</STRONG> (Thumb, 0 bytes, Stack size unknown bytes, rtexit2.o(.ARM.Collect$$rtexit$$00000004))
<BR><BR>[Calls]<UL><LI><a href="#[49]">&gt;&gt;</a>&nbsp;&nbsp;&nbsp;_sys_exit
</UL>

<P><STRONG><a name="[3]"></a>Reset_Handler</STRONG> (Thumb, 8 bytes, Stack size 0 bytes, startup_msp432p401x_keil.o(.text))
<BR>[Address Reference Count : 1]<UL><LI> startup_msp432p401x_keil.o(RESET)
</UL>
<P><STRONG><a name="[4]"></a>NMI_Handler</STRONG> (Thumb, 2 bytes, Stack size 0 bytes, startup_msp432p401x_keil.o(.text))
<BR><BR>[Calls]<UL><LI><a href="#[4]">&gt;&gt;</a>&nbsp;&nbsp;&nbsp;NMI_Handler
</UL>
<BR>[Called By]<UL><LI><a href="#[4]">&gt;&gt;</a>&nbsp;&nbsp;&nbsp;NMI_Handler
</UL>
<BR>[Address Reference Count : 1]<UL><LI> startup_msp432p401x_keil.o(RESET)
</UL>
<P><STRONG><a name="[5]"></a>HardFault_Handler</STRONG> (Thumb, 2 bytes, Stack size 0 bytes, startup_msp432p401x_keil.o(.text))
<BR><BR>[Calls]<UL><LI><a href="#[5]">&gt;&gt;</a>&nbsp;&nbsp;&nbsp;HardFault_Handler
</UL>
<BR>[Called By]<UL><LI><a href="#[5]">&gt;&gt;</a>&nbsp;&nbsp;&nbsp;HardFault_Handler
</UL>
<BR>[Address Reference Count : 1]<UL><LI> startup_msp432p401x_keil.o(RESET)
</UL>
<P><STRONG><a name="[6]"></a>MemManage_Handler</STRONG> (Thumb, 2 bytes, Stack size 0 bytes, startup_msp432p401x_keil.o(.text))
<BR><BR>[Calls]<UL><LI><a href="#[6]">&gt;&gt;</a>&nbsp;&nbsp;&nbsp;MemManage_Handler
</UL>
<BR>[Called By]<UL><LI><a href="#[6]">&gt;&gt;</a>&nbsp;&nbsp;&nbsp;MemManage_Handler
</UL>
<BR>[Address Reference Count : 1]<UL><LI> startup_msp432p401x_keil.o(RESET)
</UL>
<P><STRONG><a name="[7]"></a>BusFault_Handler</STRONG> (Thumb, 2 bytes, Stack size 0 bytes, startup_msp432p401x_keil.o(.text))
<BR><BR>[Calls]<UL><LI><a href="#[7]">&gt;&gt;</a>&nbsp;&nbsp;&nbsp;BusFault_Handler
</UL>
<BR>[Called By]<UL><LI><a href="#[7]">&gt;&gt;</a>&nbsp;&nbsp;&nbsp;BusFault_Handler
</UL>
<BR>[Address Reference Count : 1]<UL><LI> startup_msp432p401x_keil.o(RESET)
</UL>
<P><STRONG><a name="[8]"></a>UsageFault_Handler</STRONG> (Thumb, 2 bytes, Stack size 0 bytes, startup_msp432p401x_keil.o(.text))
<BR><BR>[Calls]<UL><LI><a href="#[8]">&gt;&gt;</a>&nbsp;&nbsp;&nbsp;UsageFault_Handler
</UL>
<BR>[Called By]<UL><LI><a href="#[8]">&gt;&gt;</a>&nbsp;&nbsp;&nbsp;UsageFault_Handler
</UL>
<BR>[Address Reference Count : 1]<UL><LI> startup_msp432p401x_keil.o(RESET)
</UL>
<P><STRONG><a name="[9]"></a>SVC_Handler</STRONG> (Thumb, 2 bytes, Stack size 0 bytes, startup_msp432p401x_keil.o(.text))
<BR><BR>[Calls]<UL><LI><a href="#[9]">&gt;&gt;</a>&nbsp;&nbsp;&nbsp;SVC_Handler
</UL>
<BR>[Called By]<UL><LI><a href="#[9]">&gt;&gt;</a>&nbsp;&nbsp;&nbsp;SVC_Handler
</UL>
<BR>[Address Reference Count : 1]<UL><LI> startup_msp432p401x_keil.o(RESET)
</UL>
<P><STRONG><a name="[a]"></a>DebugMon_Handler</STRONG> (Thumb, 2 bytes, Stack size 0 bytes, startup_msp432p401x_keil.o(.text))
<BR><BR>[Calls]<UL><LI><a href="#[a]">&gt;&gt;</a>&nbsp;&nbsp;&nbsp;DebugMon_Handler
</UL>
<BR>[Called By]<UL><LI><a href="#[a]">&gt;&gt;</a>&nbsp;&nbsp;&nbsp;DebugMon_Handler
</UL>
<BR>[Address Reference Count : 1]<UL><LI> startup_msp432p401x_keil.o(RESET)
</UL>
<P><STRONG><a name="[b]"></a>PendSV_Handler</STRONG> (Thumb, 2 bytes, Stack size 0 bytes, startup_msp432p401x_keil.o(.text))
<BR><BR>[Calls]<UL><LI><a href="#[b]">&gt;&gt;</a>&nbsp;&nbsp;&nbsp;PendSV_Handler
</UL>
<BR>[Called By]<UL><LI><a href="#[b]">&gt;&gt;</a>&nbsp;&nbsp;&nbsp;PendSV_Handler
</UL>
<BR>[Address Reference Count : 1]<UL><LI> startup_msp432p401x_keil.o(RESET)
</UL>
<P><STRONG><a name="[29]"></a>AES256_IRQHandler</STRONG> (Thumb, 0 bytes, Stack size 0 bytes, startup_msp432p401x_keil.o(.text))
<BR><BR>[Calls]<UL><LI><a href="#[29]">&gt;&gt;</a>&nbsp;&nbsp;&nbsp;AES256_IRQHandler
</UL>
<BR>[Called By]<UL><LI><a href="#[29]">&gt;&gt;</a>&nbsp;&nbsp;&nbsp;AES256_IRQHandler
</UL>
<BR>[Address Reference Count : 1]<UL><LI> startup_msp432p401x_keil.o(RESET)
</UL>
<P><STRONG><a name="[13]"></a>COMP_E0_IRQHandler</STRONG> (Thumb, 0 bytes, Stack size 0 bytes, startup_msp432p401x_keil.o(.text))
<BR>[Address Reference Count : 1]<UL><LI> startup_msp432p401x_keil.o(RESET)
</UL>
<P><STRONG><a name="[14]"></a>COMP_E1_IRQHandler</STRONG> (Thumb, 0 bytes, Stack size 0 bytes, startup_msp432p401x_keil.o(.text))
<BR>[Address Reference Count : 1]<UL><LI> startup_msp432p401x_keil.o(RESET)
</UL>
<P><STRONG><a name="[e]"></a>CS_IRQHandler</STRONG> (Thumb, 0 bytes, Stack size 0 bytes, startup_msp432p401x_keil.o(.text))
<BR>[Address Reference Count : 1]<UL><LI> startup_msp432p401x_keil.o(RESET)
</UL>
<P><STRONG><a name="[2b]"></a>DMA_ERR_IRQHandler</STRONG> (Thumb, 0 bytes, Stack size 0 bytes, startup_msp432p401x_keil.o(.text))
<BR>[Address Reference Count : 1]<UL><LI> startup_msp432p401x_keil.o(RESET)
</UL>
<P><STRONG><a name="[2f]"></a>DMA_INT0_IRQHandler</STRONG> (Thumb, 0 bytes, Stack size 0 bytes, startup_msp432p401x_keil.o(.text))
<BR>[Address Reference Count : 1]<UL><LI> startup_msp432p401x_keil.o(RESET)
</UL>
<P><STRONG><a name="[2e]"></a>DMA_INT1_IRQHandler</STRONG> (Thumb, 0 bytes, Stack size 0 bytes, startup_msp432p401x_keil.o(.text))
<BR>[Address Reference Count : 1]<UL><LI> startup_msp432p401x_keil.o(RESET)
</UL>
<P><STRONG><a name="[2d]"></a>DMA_INT2_IRQHandler</STRONG> (Thumb, 0 bytes, Stack size 0 bytes, startup_msp432p401x_keil.o(.text))
<BR>[Address Reference Count : 1]<UL><LI> startup_msp432p401x_keil.o(RESET)
</UL>
<P><STRONG><a name="[2c]"></a>DMA_INT3_IRQHandler</STRONG> (Thumb, 0 bytes, Stack size 0 bytes, startup_msp432p401x_keil.o(.text))
<BR>[Address Reference Count : 1]<UL><LI> startup_msp432p401x_keil.o(RESET)
</UL>
<P><STRONG><a name="[21]"></a>EUSCIB0_IRQHandler</STRONG> (Thumb, 0 bytes, Stack size 0 bytes, startup_msp432p401x_keil.o(.text))
<BR>[Address Reference Count : 1]<UL><LI> startup_msp432p401x_keil.o(RESET)
</UL>
<P><STRONG><a name="[22]"></a>EUSCIB1_IRQHandler</STRONG> (Thumb, 0 bytes, Stack size 0 bytes, startup_msp432p401x_keil.o(.text))
<BR>[Address Reference Count : 1]<UL><LI> startup_msp432p401x_keil.o(RESET)
</UL>
<P><STRONG><a name="[23]"></a>EUSCIB2_IRQHandler</STRONG> (Thumb, 0 bytes, Stack size 0 bytes, startup_msp432p401x_keil.o(.text))
<BR>[Address Reference Count : 1]<UL><LI> startup_msp432p401x_keil.o(RESET)
</UL>
<P><STRONG><a name="[24]"></a>EUSCIB3_IRQHandler</STRONG> (Thumb, 0 bytes, Stack size 0 bytes, startup_msp432p401x_keil.o(.text))
<BR>[Address Reference Count : 1]<UL><LI> startup_msp432p401x_keil.o(RESET)
</UL>
<P><STRONG><a name="[12]"></a>FLCTL_IRQHandler</STRONG> (Thumb, 0 bytes, Stack size 0 bytes, startup_msp432p401x_keil.o(.text))
<BR>[Address Reference Count : 1]<UL><LI> startup_msp432p401x_keil.o(RESET)
</UL>
<P><STRONG><a name="[11]"></a>FPU_IRQHandler</STRONG> (Thumb, 0 bytes, Stack size 0 bytes, startup_msp432p401x_keil.o(.text))
<BR>[Address Reference Count : 1]<UL><LI> startup_msp432p401x_keil.o(RESET)
</UL>
<P><STRONG><a name="[f]"></a>PCM_IRQHandler</STRONG> (Thumb, 0 bytes, Stack size 0 bytes, startup_msp432p401x_keil.o(.text))
<BR>[Address Reference Count : 1]<UL><LI> startup_msp432p401x_keil.o(RESET)
</UL>
<P><STRONG><a name="[d]"></a>PSS_IRQHandler</STRONG> (Thumb, 0 bytes, Stack size 0 bytes, startup_msp432p401x_keil.o(.text))
<BR>[Address Reference Count : 1]<UL><LI> startup_msp432p401x_keil.o(RESET)
</UL>
<P><STRONG><a name="[2a]"></a>RTC_C_IRQHandler</STRONG> (Thumb, 0 bytes, Stack size 0 bytes, startup_msp432p401x_keil.o(.text))
<BR>[Address Reference Count : 1]<UL><LI> startup_msp432p401x_keil.o(RESET)
</UL>
<P><STRONG><a name="[26]"></a>T32_INT1_IRQHandler</STRONG> (Thumb, 0 bytes, Stack size 0 bytes, startup_msp432p401x_keil.o(.text))
<BR>[Address Reference Count : 1]<UL><LI> startup_msp432p401x_keil.o(RESET)
</UL>
<P><STRONG><a name="[27]"></a>T32_INT2_IRQHandler</STRONG> (Thumb, 0 bytes, Stack size 0 bytes, startup_msp432p401x_keil.o(.text))
<BR>[Address Reference Count : 1]<UL><LI> startup_msp432p401x_keil.o(RESET)
</UL>
<P><STRONG><a name="[28]"></a>T32_INTC_IRQHandler</STRONG> (Thumb, 0 bytes, Stack size 0 bytes, startup_msp432p401x_keil.o(.text))
<BR>[Address Reference Count : 1]<UL><LI> startup_msp432p401x_keil.o(RESET)
</UL>
<P><STRONG><a name="[10]"></a>WDT_A_IRQHandler</STRONG> (Thumb, 0 bytes, Stack size 0 bytes, startup_msp432p401x_keil.o(.text))
<BR>[Address Reference Count : 1]<UL><LI> startup_msp432p401x_keil.o(RESET)
</UL>
<P><STRONG><a name="[4b]"></a>__user_initial_stackheap</STRONG> (Thumb, 10 bytes, Stack size 0 bytes, startup_msp432p401x_keil.o(.text))
<BR><BR>[Called By]<UL><LI><a href="#[40]">&gt;&gt;</a>&nbsp;&nbsp;&nbsp;__user_setup_stackheap
</UL>

<P><STRONG><a name="[9e]"></a>__use_two_region_memory</STRONG> (Thumb, 2 bytes, Stack size 0 bytes, heapauxi.o(.text), UNUSED)

<P><STRONG><a name="[9f]"></a>__rt_heap_escrow$2region</STRONG> (Thumb, 2 bytes, Stack size 0 bytes, heapauxi.o(.text), UNUSED)

<P><STRONG><a name="[a0]"></a>__rt_heap_expand$2region</STRONG> (Thumb, 2 bytes, Stack size 0 bytes, heapauxi.o(.text), UNUSED)

<P><STRONG><a name="[a1]"></a>__user_libspace</STRONG> (Thumb, 8 bytes, Stack size 0 bytes, libspace.o(.text), UNUSED)

<P><STRONG><a name="[4a]"></a>__user_perproc_libspace</STRONG> (Thumb, 0 bytes, Stack size 0 bytes, libspace.o(.text))
<BR><BR>[Called By]<UL><LI><a href="#[40]">&gt;&gt;</a>&nbsp;&nbsp;&nbsp;__user_setup_stackheap
</UL>

<P><STRONG><a name="[a2]"></a>__user_perthread_libspace</STRONG> (Thumb, 0 bytes, Stack size 0 bytes, libspace.o(.text), UNUSED)

<P><STRONG><a name="[40]"></a>__user_setup_stackheap</STRONG> (Thumb, 74 bytes, Stack size 8 bytes, sys_stackheap_outer.o(.text))
<BR><BR>[Stack]<UL><LI>Max Depth = 8<LI>Call Chain = __user_setup_stackheap
</UL>
<BR>[Calls]<UL><LI><a href="#[4b]">&gt;&gt;</a>&nbsp;&nbsp;&nbsp;__user_initial_stackheap
<LI><a href="#[4a]">&gt;&gt;</a>&nbsp;&nbsp;&nbsp;__user_perproc_libspace
</UL>
<BR>[Called By]<UL><LI><a href="#[3f]">&gt;&gt;</a>&nbsp;&nbsp;&nbsp;__rt_entry_sh
</UL>

<P><STRONG><a name="[45]"></a>exit</STRONG> (Thumb, 18 bytes, Stack size 8 bytes, exit.o(.text))
<BR><BR>[Stack]<UL><LI>Max Depth = 8 + Unknown Stack Size
<LI>Call Chain = exit
</UL>
<BR>[Calls]<UL><LI><a href="#[4c]">&gt;&gt;</a>&nbsp;&nbsp;&nbsp;__rt_exit
</UL>
<BR>[Called By]<UL><LI><a href="#[43]">&gt;&gt;</a>&nbsp;&nbsp;&nbsp;__rt_entry_main
</UL>

<P><STRONG><a name="[49]"></a>_sys_exit</STRONG> (Thumb, 8 bytes, Stack size 0 bytes, sys_exit.o(.text))
<BR><BR>[Called By]<UL><LI><a href="#[48]">&gt;&gt;</a>&nbsp;&nbsp;&nbsp;__rt_exit_exit
</UL>

<P><STRONG><a name="[a3]"></a>__I$use$semihosting</STRONG> (Thumb, 0 bytes, Stack size 0 bytes, use_no_semi.o(.text), UNUSED)

<P><STRONG><a name="[a4]"></a>__use_no_semihosting_swi</STRONG> (Thumb, 2 bytes, Stack size 0 bytes, use_no_semi.o(.text), UNUSED)

<P><STRONG><a name="[a5]"></a>__semihosting_library_function</STRONG> (Thumb, 0 bytes, Stack size unknown bytes, indicate_semi.o(.text), UNUSED)

<P><STRONG><a name="[25]"></a>ADC14_IRQHandler</STRONG> (Thumb, 58 bytes, Stack size 4 bytes, exinadc.o(i.ADC14_IRQHandler))
<BR><BR>[Stack]<UL><LI>Max Depth = 4<LI>Call Chain = ADC14_IRQHandler
</UL>
<BR>[Calls]<UL><LI><a href="#[4d]">&gt;&gt;</a>&nbsp;&nbsp;&nbsp;ADC14_repeatmod_rec
</UL>
<BR>[Address Reference Count : 1]<UL><LI> startup_msp432p401x_keil.o(RESET)
</UL>
<P><STRONG><a name="[4d]"></a>ADC14_repeatmod_rec</STRONG> (Thumb, 24 bytes, Stack size 0 bytes, exinadc.o(i.ADC14_repeatmod_rec))
<BR><BR>[Called By]<UL><LI><a href="#[25]">&gt;&gt;</a>&nbsp;&nbsp;&nbsp;ADC14_IRQHandler
</UL>

<P><STRONG><a name="[66]"></a>CCRn_MOD_sel</STRONG> (Thumb, 108 bytes, Stack size 8 bytes, exintimera.o(i.CCRn_MOD_sel))
<BR><BR>[Stack]<UL><LI>Max Depth = 8<LI>Call Chain = CCRn_MOD_sel
</UL>
<BR>[Called By]<UL><LI><a href="#[55]">&gt;&gt;</a>&nbsp;&nbsp;&nbsp;pwm_init
</UL>

<P><STRONG><a name="[6c]"></a>CS_locked</STRONG> (Thumb, 8 bytes, Stack size 0 bytes, exinsystem.o(i.CS_locked))
<BR><BR>[Called By]<UL><LI><a href="#[61]">&gt;&gt;</a>&nbsp;&nbsp;&nbsp;set_DCO_48MH
</UL>

<P><STRONG><a name="[68]"></a>CS_unlocked</STRONG> (Thumb, 10 bytes, Stack size 0 bytes, exinsystem.o(i.CS_unlocked))
<BR><BR>[Called By]<UL><LI><a href="#[61]">&gt;&gt;</a>&nbsp;&nbsp;&nbsp;set_DCO_48MH
</UL>

<P><STRONG><a name="[69]"></a>DCO_set</STRONG> (Thumb, 92 bytes, Stack size 0 bytes, exinsystem.o(i.DCO_set))
<BR><BR>[Called By]<UL><LI><a href="#[61]">&gt;&gt;</a>&nbsp;&nbsp;&nbsp;set_DCO_48MH
</UL>

<P><STRONG><a name="[1d]"></a>EUSCIA0_IRQHandler</STRONG> (Thumb, 6 bytes, Stack size 0 bytes, exinuart.o(i.EUSCIA0_IRQHandler))
<BR>[Address Reference Count : 1]<UL><LI> startup_msp432p401x_keil.o(RESET)
</UL>
<P><STRONG><a name="[1e]"></a>EUSCIA1_IRQHandler</STRONG> (Thumb, 6 bytes, Stack size 0 bytes, exinuart.o(i.EUSCIA1_IRQHandler))
<BR>[Address Reference Count : 1]<UL><LI> startup_msp432p401x_keil.o(RESET)
</UL>
<P><STRONG><a name="[1f]"></a>EUSCIA2_IRQHandler</STRONG> (Thumb, 6 bytes, Stack size 0 bytes, exinuart.o(i.EUSCIA2_IRQHandler))
<BR>[Address Reference Count : 1]<UL><LI> startup_msp432p401x_keil.o(RESET)
</UL>
<P><STRONG><a name="[20]"></a>EUSCIA3_IRQHandler</STRONG> (Thumb, 6 bytes, Stack size 0 bytes, exinuart.o(i.EUSCIA3_IRQHandler))
<BR>[Address Reference Count : 1]<UL><LI> startup_msp432p401x_keil.o(RESET)
</UL>
<P><STRONG><a name="[59]"></a>Encoder_clr</STRONG> (Thumb, 52 bytes, Stack size 0 bytes, exinencoder.o(i.Encoder_clr))
<BR><BR>[Called By]<UL><LI><a href="#[1b]">&gt;&gt;</a>&nbsp;&nbsp;&nbsp;TA3_0_IRQHandler
</UL>

<P><STRONG><a name="[6a]"></a>MCLK_set</STRONG> (Thumb, 260 bytes, Stack size 0 bytes, exinsystem.o(i.MCLK_set))
<BR><BR>[Called By]<UL><LI><a href="#[61]">&gt;&gt;</a>&nbsp;&nbsp;&nbsp;set_DCO_48MH
</UL>

<P><STRONG><a name="[4e]"></a>MOTOR_TEST</STRONG> (Thumb, 54 bytes, Stack size 0 bytes, exinmotor.o(i.MOTOR_TEST))
<BR><BR>[Stack]<UL><LI>Max Depth = 80<LI>Call Chain = MOTOR_TEST &rArr; system_init &rArr; systic_delayms &rArr; systic_delayus &rArr; systic_read &rArr; __aeabi_d2iz
</UL>
<BR>[Calls]<UL><LI><a href="#[4f]">&gt;&gt;</a>&nbsp;&nbsp;&nbsp;system_init
<LI><a href="#[51]">&gt;&gt;</a>&nbsp;&nbsp;&nbsp;Motor_pwm_duty
<LI><a href="#[50]">&gt;&gt;</a>&nbsp;&nbsp;&nbsp;Motor_init
</UL>
<BR>[Called By]<UL><LI><a href="#[44]">&gt;&gt;</a>&nbsp;&nbsp;&nbsp;main
</UL>

<P><STRONG><a name="[52]"></a>Motor_DIR_PIN_INIT</STRONG> (Thumb, 80 bytes, Stack size 8 bytes, exinmotor.o(i.Motor_DIR_PIN_INIT))
<BR><BR>[Stack]<UL><LI>Max Depth = 28<LI>Call Chain = Motor_DIR_PIN_INIT &rArr; gpio_init
</UL>
<BR>[Calls]<UL><LI><a href="#[53]">&gt;&gt;</a>&nbsp;&nbsp;&nbsp;gpio_init
</UL>
<BR>[Called By]<UL><LI><a href="#[50]">&gt;&gt;</a>&nbsp;&nbsp;&nbsp;Motor_init
</UL>

<P><STRONG><a name="[54]"></a>Motor_PWM_INIT</STRONG> (Thumb, 74 bytes, Stack size 16 bytes, exinmotor.o(i.Motor_PWM_INIT))
<BR><BR>[Stack]<UL><LI>Max Depth = 52<LI>Call Chain = Motor_PWM_INIT &rArr; pwm_init &rArr; TimerA_CLK_set
</UL>
<BR>[Calls]<UL><LI><a href="#[55]">&gt;&gt;</a>&nbsp;&nbsp;&nbsp;pwm_init
</UL>
<BR>[Called By]<UL><LI><a href="#[50]">&gt;&gt;</a>&nbsp;&nbsp;&nbsp;Motor_init
</UL>

<P><STRONG><a name="[50]"></a>Motor_init</STRONG> (Thumb, 22 bytes, Stack size 16 bytes, exinmotor.o(i.Motor_init))
<BR><BR>[Stack]<UL><LI>Max Depth = 68<LI>Call Chain = Motor_init &rArr; Motor_PWM_INIT &rArr; pwm_init &rArr; TimerA_CLK_set
</UL>
<BR>[Calls]<UL><LI><a href="#[54]">&gt;&gt;</a>&nbsp;&nbsp;&nbsp;Motor_PWM_INIT
<LI><a href="#[52]">&gt;&gt;</a>&nbsp;&nbsp;&nbsp;Motor_DIR_PIN_INIT
</UL>
<BR>[Called By]<UL><LI><a href="#[4e]">&gt;&gt;</a>&nbsp;&nbsp;&nbsp;MOTOR_TEST
</UL>

<P><STRONG><a name="[51]"></a>Motor_pwm_duty</STRONG> (Thumb, 186 bytes, Stack size 16 bytes, exinmotor.o(i.Motor_pwm_duty))
<BR><BR>[Stack]<UL><LI>Max Depth = 32<LI>Call Chain = Motor_pwm_duty &rArr; gpio_set
</UL>
<BR>[Calls]<UL><LI><a href="#[57]">&gt;&gt;</a>&nbsp;&nbsp;&nbsp;gpio_set
<LI><a href="#[56]">&gt;&gt;</a>&nbsp;&nbsp;&nbsp;pwm_duty
</UL>
<BR>[Called By]<UL><LI><a href="#[4e]">&gt;&gt;</a>&nbsp;&nbsp;&nbsp;MOTOR_TEST
</UL>

<P><STRONG><a name="[30]"></a>PORT1_IRQHandler</STRONG> (Thumb, 112 bytes, Stack size 0 bytes, exinisr.o(i.PORT1_IRQHandler))
<BR>[Address Reference Count : 1]<UL><LI> startup_msp432p401x_keil.o(RESET)
</UL>
<P><STRONG><a name="[31]"></a>PORT2_IRQHandler</STRONG> (Thumb, 158 bytes, Stack size 8 bytes, exinisr.o(i.PORT2_IRQHandler))
<BR><BR>[Stack]<UL><LI>Max Depth = 8<LI>Call Chain = PORT2_IRQHandler
</UL>
<BR>[Calls]<UL><LI><a href="#[58]">&gt;&gt;</a>&nbsp;&nbsp;&nbsp;gpio_get
</UL>
<BR>[Address Reference Count : 1]<UL><LI> startup_msp432p401x_keil.o(RESET)
</UL>
<P><STRONG><a name="[32]"></a>PORT3_IRQHandler</STRONG> (Thumb, 130 bytes, Stack size 0 bytes, exinisr.o(i.PORT3_IRQHandler))
<BR>[Address Reference Count : 1]<UL><LI> startup_msp432p401x_keil.o(RESET)
</UL>
<P><STRONG><a name="[33]"></a>PORT4_IRQHandler</STRONG> (Thumb, 170 bytes, Stack size 8 bytes, exinisr.o(i.PORT4_IRQHandler))
<BR><BR>[Stack]<UL><LI>Max Depth = 8<LI>Call Chain = PORT4_IRQHandler
</UL>
<BR>[Calls]<UL><LI><a href="#[58]">&gt;&gt;</a>&nbsp;&nbsp;&nbsp;gpio_get
</UL>
<BR>[Address Reference Count : 1]<UL><LI> startup_msp432p401x_keil.o(RESET)
</UL>
<P><STRONG><a name="[34]"></a>PORT5_IRQHandler</STRONG> (Thumb, 154 bytes, Stack size 8 bytes, exinisr.o(i.PORT5_IRQHandler))
<BR><BR>[Stack]<UL><LI>Max Depth = 8<LI>Call Chain = PORT5_IRQHandler
</UL>
<BR>[Calls]<UL><LI><a href="#[58]">&gt;&gt;</a>&nbsp;&nbsp;&nbsp;gpio_get
</UL>
<BR>[Address Reference Count : 1]<UL><LI> startup_msp432p401x_keil.o(RESET)
</UL>
<P><STRONG><a name="[35]"></a>PORT6_IRQHandler</STRONG> (Thumb, 168 bytes, Stack size 8 bytes, exinisr.o(i.PORT6_IRQHandler))
<BR><BR>[Stack]<UL><LI>Max Depth = 8<LI>Call Chain = PORT6_IRQHandler
</UL>
<BR>[Calls]<UL><LI><a href="#[58]">&gt;&gt;</a>&nbsp;&nbsp;&nbsp;gpio_get
</UL>
<BR>[Address Reference Count : 1]<UL><LI> startup_msp432p401x_keil.o(RESET)
</UL>
<P><STRONG><a name="[6b]"></a>SMCLK_set</STRONG> (Thumb, 260 bytes, Stack size 0 bytes, exinsystem.o(i.SMCLK_set))
<BR><BR>[Called By]<UL><LI><a href="#[61]">&gt;&gt;</a>&nbsp;&nbsp;&nbsp;set_DCO_48MH
</UL>

<P><STRONG><a name="[c]"></a>SysTick_Handler</STRONG> (Thumb, 12 bytes, Stack size 0 bytes, exinsystem.o(i.SysTick_Handler))
<BR>[Address Reference Count : 1]<UL><LI> startup_msp432p401x_keil.o(RESET)
</UL>
<P><STRONG><a name="[36]"></a>SystemInit</STRONG> (Thumb, 86 bytes, Stack size 0 bytes, system_msp432p401x.o(i.SystemInit))
<BR>[Address Reference Count : 1]<UL><LI> startup_msp432p401x_keil.o(.text)
</UL>
<P><STRONG><a name="[15]"></a>TA0_0_IRQHandler</STRONG> (Thumb, 18 bytes, Stack size 0 bytes, exinisr.o(i.TA0_0_IRQHandler))
<BR>[Address Reference Count : 1]<UL><LI> startup_msp432p401x_keil.o(RESET)
</UL>
<P><STRONG><a name="[16]"></a>TA0_N_IRQHandler</STRONG> (Thumb, 2 bytes, Stack size 0 bytes, exinisr.o(i.TA0_N_IRQHandler))
<BR>[Address Reference Count : 1]<UL><LI> startup_msp432p401x_keil.o(RESET)
</UL>
<P><STRONG><a name="[17]"></a>TA1_0_IRQHandler</STRONG> (Thumb, 14 bytes, Stack size 0 bytes, exinisr.o(i.TA1_0_IRQHandler))
<BR>[Address Reference Count : 1]<UL><LI> startup_msp432p401x_keil.o(RESET)
</UL>
<P><STRONG><a name="[18]"></a>TA1_N_IRQHandler</STRONG> (Thumb, 2 bytes, Stack size 0 bytes, exinisr.o(i.TA1_N_IRQHandler))
<BR>[Address Reference Count : 1]<UL><LI> startup_msp432p401x_keil.o(RESET)
</UL>
<P><STRONG><a name="[19]"></a>TA2_0_IRQHandler</STRONG> (Thumb, 14 bytes, Stack size 0 bytes, exinisr.o(i.TA2_0_IRQHandler))
<BR>[Address Reference Count : 1]<UL><LI> startup_msp432p401x_keil.o(RESET)
</UL>
<P><STRONG><a name="[1a]"></a>TA2_N_IRQHandler</STRONG> (Thumb, 2 bytes, Stack size 0 bytes, exinisr.o(i.TA2_N_IRQHandler))
<BR>[Address Reference Count : 1]<UL><LI> startup_msp432p401x_keil.o(RESET)
</UL>
<P><STRONG><a name="[1b]"></a>TA3_0_IRQHandler</STRONG> (Thumb, 28 bytes, Stack size 8 bytes, exinisr.o(i.TA3_0_IRQHandler))
<BR><BR>[Stack]<UL><LI>Max Depth = 8<LI>Call Chain = TA3_0_IRQHandler
</UL>
<BR>[Calls]<UL><LI><a href="#[59]">&gt;&gt;</a>&nbsp;&nbsp;&nbsp;Encoder_clr
</UL>
<BR>[Address Reference Count : 1]<UL><LI> startup_msp432p401x_keil.o(RESET)
</UL>
<P><STRONG><a name="[1c]"></a>TA3_N_IRQHandler</STRONG> (Thumb, 290 bytes, Stack size 8 bytes, exinisr.o(i.TA3_N_IRQHandler))
<BR><BR>[Stack]<UL><LI>Max Depth = 8<LI>Call Chain = TA3_N_IRQHandler
</UL>
<BR>[Calls]<UL><LI><a href="#[5a]">&gt;&gt;</a>&nbsp;&nbsp;&nbsp;TimerA_CCRVAL_set
</UL>
<BR>[Address Reference Count : 1]<UL><LI> startup_msp432p401x_keil.o(RESET)
</UL>
<P><STRONG><a name="[5a]"></a>TimerA_CCRVAL_set</STRONG> (Thumb, 54 bytes, Stack size 0 bytes, exintimera.o(i.TimerA_CCRVAL_set))
<BR><BR>[Called By]<UL><LI><a href="#[63]">&gt;&gt;</a>&nbsp;&nbsp;&nbsp;pwm_period_set
<LI><a href="#[56]">&gt;&gt;</a>&nbsp;&nbsp;&nbsp;pwm_duty
<LI><a href="#[1c]">&gt;&gt;</a>&nbsp;&nbsp;&nbsp;TA3_N_IRQHandler
</UL>

<P><STRONG><a name="[64]"></a>TimerA_CLK_set</STRONG> (Thumb, 336 bytes, Stack size 20 bytes, exintimera.o(i.TimerA_CLK_set))
<BR><BR>[Stack]<UL><LI>Max Depth = 20<LI>Call Chain = TimerA_CLK_set
</UL>
<BR>[Called By]<UL><LI><a href="#[55]">&gt;&gt;</a>&nbsp;&nbsp;&nbsp;pwm_init
</UL>

<P><STRONG><a name="[65]"></a>TimerA_MOD_sel</STRONG> (Thumb, 116 bytes, Stack size 8 bytes, exintimera.o(i.TimerA_MOD_sel))
<BR><BR>[Stack]<UL><LI>Max Depth = 8<LI>Call Chain = TimerA_MOD_sel
</UL>
<BR>[Called By]<UL><LI><a href="#[55]">&gt;&gt;</a>&nbsp;&nbsp;&nbsp;pwm_init
</UL>

<P><STRONG><a name="[67]"></a>error</STRONG> (Thumb, 38 bytes, Stack size 8 bytes, exinsystem.o(i.error))
<BR><BR>[Stack]<UL><LI>Max Depth = 8<LI>Call Chain = error
</UL>
<BR>[Called By]<UL><LI><a href="#[61]">&gt;&gt;</a>&nbsp;&nbsp;&nbsp;set_DCO_48MH
</UL>

<P><STRONG><a name="[5c]"></a>gpio_disable_Ren</STRONG> (Thumb, 182 bytes, Stack size 0 bytes, exingpio.o(i.gpio_disable_Ren))
<BR><BR>[Called By]<UL><LI><a href="#[53]">&gt;&gt;</a>&nbsp;&nbsp;&nbsp;gpio_init
</UL>

<P><STRONG><a name="[60]"></a>gpio_enable_Ren</STRONG> (Thumb, 182 bytes, Stack size 0 bytes, exingpio.o(i.gpio_enable_Ren))
<BR><BR>[Called By]<UL><LI><a href="#[53]">&gt;&gt;</a>&nbsp;&nbsp;&nbsp;gpio_init
</UL>

<P><STRONG><a name="[58]"></a>gpio_get</STRONG> (Thumb, 158 bytes, Stack size 0 bytes, exingpio.o(i.gpio_get))
<BR><BR>[Called By]<UL><LI><a href="#[35]">&gt;&gt;</a>&nbsp;&nbsp;&nbsp;PORT6_IRQHandler
<LI><a href="#[34]">&gt;&gt;</a>&nbsp;&nbsp;&nbsp;PORT5_IRQHandler
<LI><a href="#[33]">&gt;&gt;</a>&nbsp;&nbsp;&nbsp;PORT4_IRQHandler
<LI><a href="#[31]">&gt;&gt;</a>&nbsp;&nbsp;&nbsp;PORT2_IRQHandler
</UL>

<P><STRONG><a name="[53]"></a>gpio_init</STRONG> (Thumb, 96 bytes, Stack size 20 bytes, exingpio.o(i.gpio_init))
<BR><BR>[Stack]<UL><LI>Max Depth = 20<LI>Call Chain = gpio_init
</UL>
<BR>[Calls]<UL><LI><a href="#[5e]">&gt;&gt;</a>&nbsp;&nbsp;&nbsp;gpio_set_Low
<LI><a href="#[5d]">&gt;&gt;</a>&nbsp;&nbsp;&nbsp;gpio_set_High
<LI><a href="#[5b]">&gt;&gt;</a>&nbsp;&nbsp;&nbsp;gpio_set_Asout
<LI><a href="#[5f]">&gt;&gt;</a>&nbsp;&nbsp;&nbsp;gpio_set_Asin
<LI><a href="#[60]">&gt;&gt;</a>&nbsp;&nbsp;&nbsp;gpio_enable_Ren
<LI><a href="#[5c]">&gt;&gt;</a>&nbsp;&nbsp;&nbsp;gpio_disable_Ren
</UL>
<BR>[Called By]<UL><LI><a href="#[52]">&gt;&gt;</a>&nbsp;&nbsp;&nbsp;Motor_DIR_PIN_INIT
</UL>

<P><STRONG><a name="[57]"></a>gpio_set</STRONG> (Thumb, 30 bytes, Stack size 16 bytes, exingpio.o(i.gpio_set))
<BR><BR>[Stack]<UL><LI>Max Depth = 16<LI>Call Chain = gpio_set
</UL>
<BR>[Calls]<UL><LI><a href="#[5e]">&gt;&gt;</a>&nbsp;&nbsp;&nbsp;gpio_set_Low
<LI><a href="#[5d]">&gt;&gt;</a>&nbsp;&nbsp;&nbsp;gpio_set_High
</UL>
<BR>[Called By]<UL><LI><a href="#[51]">&gt;&gt;</a>&nbsp;&nbsp;&nbsp;Motor_pwm_duty
</UL>

<P><STRONG><a name="[5f]"></a>gpio_set_Asin</STRONG> (Thumb, 182 bytes, Stack size 0 bytes, exingpio.o(i.gpio_set_Asin))
<BR><BR>[Called By]<UL><LI><a href="#[53]">&gt;&gt;</a>&nbsp;&nbsp;&nbsp;gpio_init
</UL>

<P><STRONG><a name="[5b]"></a>gpio_set_Asout</STRONG> (Thumb, 182 bytes, Stack size 0 bytes, exingpio.o(i.gpio_set_Asout))
<BR><BR>[Called By]<UL><LI><a href="#[53]">&gt;&gt;</a>&nbsp;&nbsp;&nbsp;gpio_init
</UL>

<P><STRONG><a name="[5d]"></a>gpio_set_High</STRONG> (Thumb, 182 bytes, Stack size 0 bytes, exingpio.o(i.gpio_set_High))
<BR><BR>[Called By]<UL><LI><a href="#[57]">&gt;&gt;</a>&nbsp;&nbsp;&nbsp;gpio_set
<LI><a href="#[53]">&gt;&gt;</a>&nbsp;&nbsp;&nbsp;gpio_init
</UL>

<P><STRONG><a name="[5e]"></a>gpio_set_Low</STRONG> (Thumb, 182 bytes, Stack size 0 bytes, exingpio.o(i.gpio_set_Low))
<BR><BR>[Called By]<UL><LI><a href="#[57]">&gt;&gt;</a>&nbsp;&nbsp;&nbsp;gpio_set
<LI><a href="#[53]">&gt;&gt;</a>&nbsp;&nbsp;&nbsp;gpio_init
</UL>

<P><STRONG><a name="[44]"></a>main</STRONG> (Thumb, 18 bytes, Stack size 0 bytes, main.o(i.main))
<BR><BR>[Stack]<UL><LI>Max Depth = 80<LI>Call Chain = main &rArr; system_init &rArr; systic_delayms &rArr; systic_delayus &rArr; systic_read &rArr; __aeabi_d2iz
</UL>
<BR>[Calls]<UL><LI><a href="#[4f]">&gt;&gt;</a>&nbsp;&nbsp;&nbsp;system_init
<LI><a href="#[4e]">&gt;&gt;</a>&nbsp;&nbsp;&nbsp;MOTOR_TEST
<LI><a href="#[61]">&gt;&gt;</a>&nbsp;&nbsp;&nbsp;set_DCO_48MH
</UL>
<BR>[Called By]<UL><LI><a href="#[43]">&gt;&gt;</a>&nbsp;&nbsp;&nbsp;__rt_entry_main
</UL>

<P><STRONG><a name="[56]"></a>pwm_duty</STRONG> (Thumb, 112 bytes, Stack size 16 bytes, exinpwm.o(i.pwm_duty))
<BR><BR>[Stack]<UL><LI>Max Depth = 16<LI>Call Chain = pwm_duty
</UL>
<BR>[Calls]<UL><LI><a href="#[5a]">&gt;&gt;</a>&nbsp;&nbsp;&nbsp;TimerA_CCRVAL_set
</UL>
<BR>[Called By]<UL><LI><a href="#[55]">&gt;&gt;</a>&nbsp;&nbsp;&nbsp;pwm_init
<LI><a href="#[51]">&gt;&gt;</a>&nbsp;&nbsp;&nbsp;Motor_pwm_duty
</UL>

<P><STRONG><a name="[55]"></a>pwm_init</STRONG> (Thumb, 252 bytes, Stack size 16 bytes, exinpwm.o(i.pwm_init))
<BR><BR>[Stack]<UL><LI>Max Depth = 36<LI>Call Chain = pwm_init &rArr; TimerA_CLK_set
</UL>
<BR>[Calls]<UL><LI><a href="#[65]">&gt;&gt;</a>&nbsp;&nbsp;&nbsp;TimerA_MOD_sel
<LI><a href="#[64]">&gt;&gt;</a>&nbsp;&nbsp;&nbsp;TimerA_CLK_set
<LI><a href="#[66]">&gt;&gt;</a>&nbsp;&nbsp;&nbsp;CCRn_MOD_sel
<LI><a href="#[62]">&gt;&gt;</a>&nbsp;&nbsp;&nbsp;pwm_pin_init
<LI><a href="#[63]">&gt;&gt;</a>&nbsp;&nbsp;&nbsp;pwm_period_set
<LI><a href="#[56]">&gt;&gt;</a>&nbsp;&nbsp;&nbsp;pwm_duty
</UL>
<BR>[Called By]<UL><LI><a href="#[54]">&gt;&gt;</a>&nbsp;&nbsp;&nbsp;Motor_PWM_INIT
</UL>

<P><STRONG><a name="[63]"></a>pwm_period_set</STRONG> (Thumb, 110 bytes, Stack size 16 bytes, exinpwm.o(i.pwm_period_set))
<BR><BR>[Stack]<UL><LI>Max Depth = 16<LI>Call Chain = pwm_period_set
</UL>
<BR>[Calls]<UL><LI><a href="#[5a]">&gt;&gt;</a>&nbsp;&nbsp;&nbsp;TimerA_CCRVAL_set
</UL>
<BR>[Called By]<UL><LI><a href="#[55]">&gt;&gt;</a>&nbsp;&nbsp;&nbsp;pwm_init
</UL>

<P><STRONG><a name="[62]"></a>pwm_pin_init</STRONG> (Thumb, 182 bytes, Stack size 0 bytes, exinpwm.o(i.pwm_pin_init))
<BR><BR>[Called By]<UL><LI><a href="#[55]">&gt;&gt;</a>&nbsp;&nbsp;&nbsp;pwm_init
</UL>

<P><STRONG><a name="[61]"></a>set_DCO_48MH</STRONG> (Thumb, 156 bytes, Stack size 8 bytes, exinsystem.o(i.set_DCO_48MH))
<BR><BR>[Stack]<UL><LI>Max Depth = 16<LI>Call Chain = set_DCO_48MH &rArr; error
</UL>
<BR>[Calls]<UL><LI><a href="#[67]">&gt;&gt;</a>&nbsp;&nbsp;&nbsp;error
<LI><a href="#[6b]">&gt;&gt;</a>&nbsp;&nbsp;&nbsp;SMCLK_set
<LI><a href="#[6a]">&gt;&gt;</a>&nbsp;&nbsp;&nbsp;MCLK_set
<LI><a href="#[69]">&gt;&gt;</a>&nbsp;&nbsp;&nbsp;DCO_set
<LI><a href="#[68]">&gt;&gt;</a>&nbsp;&nbsp;&nbsp;CS_unlocked
<LI><a href="#[6c]">&gt;&gt;</a>&nbsp;&nbsp;&nbsp;CS_locked
</UL>
<BR>[Called By]<UL><LI><a href="#[44]">&gt;&gt;</a>&nbsp;&nbsp;&nbsp;main
</UL>

<P><STRONG><a name="[73]"></a>set_clock_period</STRONG> (Thumb, 12 bytes, Stack size 0 bytes, exinsystem.o(i.set_clock_period))
<BR><BR>[Called By]<UL><LI><a href="#[6e]">&gt;&gt;</a>&nbsp;&nbsp;&nbsp;systic_init
</UL>

<P><STRONG><a name="[4f]"></a>system_init</STRONG> (Thumb, 26 bytes, Stack size 8 bytes, exinsystem.o(i.system_init))
<BR><BR>[Stack]<UL><LI>Max Depth = 80<LI>Call Chain = system_init &rArr; systic_delayms &rArr; systic_delayus &rArr; systic_read &rArr; __aeabi_d2iz
</UL>
<BR>[Calls]<UL><LI><a href="#[6d]">&gt;&gt;</a>&nbsp;&nbsp;&nbsp;systic_delayms
<LI><a href="#[6e]">&gt;&gt;</a>&nbsp;&nbsp;&nbsp;systic_init
</UL>
<BR>[Called By]<UL><LI><a href="#[4e]">&gt;&gt;</a>&nbsp;&nbsp;&nbsp;MOTOR_TEST
<LI><a href="#[44]">&gt;&gt;</a>&nbsp;&nbsp;&nbsp;main
</UL>

<P><STRONG><a name="[74]"></a>systic_clr</STRONG> (Thumb, 16 bytes, Stack size 0 bytes, exinsystem.o(i.systic_clr))
<BR><BR>[Called By]<UL><LI><a href="#[70]">&gt;&gt;</a>&nbsp;&nbsp;&nbsp;systic_start
<LI><a href="#[6e]">&gt;&gt;</a>&nbsp;&nbsp;&nbsp;systic_init
</UL>

<P><STRONG><a name="[6d]"></a>systic_delayms</STRONG> (Thumb, 18 bytes, Stack size 8 bytes, exinsystem.o(i.systic_delayms))
<BR><BR>[Stack]<UL><LI>Max Depth = 72<LI>Call Chain = systic_delayms &rArr; systic_delayus &rArr; systic_read &rArr; __aeabi_d2iz
</UL>
<BR>[Calls]<UL><LI><a href="#[6f]">&gt;&gt;</a>&nbsp;&nbsp;&nbsp;systic_delayus
</UL>
<BR>[Called By]<UL><LI><a href="#[4f]">&gt;&gt;</a>&nbsp;&nbsp;&nbsp;system_init
</UL>

<P><STRONG><a name="[6f]"></a>systic_delayus</STRONG> (Thumb, 30 bytes, Stack size 8 bytes, exinsystem.o(i.systic_delayus))
<BR><BR>[Stack]<UL><LI>Max Depth = 64<LI>Call Chain = systic_delayus &rArr; systic_read &rArr; __aeabi_d2iz
</UL>
<BR>[Calls]<UL><LI><a href="#[70]">&gt;&gt;</a>&nbsp;&nbsp;&nbsp;systic_start
<LI><a href="#[71]">&gt;&gt;</a>&nbsp;&nbsp;&nbsp;systic_read
<LI><a href="#[72]">&gt;&gt;</a>&nbsp;&nbsp;&nbsp;systic_end
<LI><a href="#[6e]">&gt;&gt;</a>&nbsp;&nbsp;&nbsp;systic_init
</UL>
<BR>[Called By]<UL><LI><a href="#[6d]">&gt;&gt;</a>&nbsp;&nbsp;&nbsp;systic_delayms
</UL>

<P><STRONG><a name="[72]"></a>systic_end</STRONG> (Thumb, 22 bytes, Stack size 0 bytes, exinsystem.o(i.systic_end))
<BR><BR>[Called By]<UL><LI><a href="#[6f]">&gt;&gt;</a>&nbsp;&nbsp;&nbsp;systic_delayus
<LI><a href="#[6e]">&gt;&gt;</a>&nbsp;&nbsp;&nbsp;systic_init
</UL>

<P><STRONG><a name="[6e]"></a>systic_init</STRONG> (Thumb, 36 bytes, Stack size 4 bytes, exinsystem.o(i.systic_init))
<BR><BR>[Stack]<UL><LI>Max Depth = 4<LI>Call Chain = systic_init
</UL>
<BR>[Calls]<UL><LI><a href="#[72]">&gt;&gt;</a>&nbsp;&nbsp;&nbsp;systic_end
<LI><a href="#[74]">&gt;&gt;</a>&nbsp;&nbsp;&nbsp;systic_clr
<LI><a href="#[73]">&gt;&gt;</a>&nbsp;&nbsp;&nbsp;set_clock_period
</UL>
<BR>[Called By]<UL><LI><a href="#[4f]">&gt;&gt;</a>&nbsp;&nbsp;&nbsp;system_init
<LI><a href="#[6f]">&gt;&gt;</a>&nbsp;&nbsp;&nbsp;systic_delayus
</UL>

<P><STRONG><a name="[71]"></a>systic_read</STRONG> (Thumb, 120 bytes, Stack size 24 bytes, exinsystem.o(i.systic_read))
<BR><BR>[Stack]<UL><LI>Max Depth = 56<LI>Call Chain = systic_read &rArr; __aeabi_d2iz
</UL>
<BR>[Calls]<UL><LI><a href="#[75]">&gt;&gt;</a>&nbsp;&nbsp;&nbsp;__aeabi_ui2d
<LI><a href="#[77]">&gt;&gt;</a>&nbsp;&nbsp;&nbsp;__aeabi_d2iz
<LI><a href="#[76]">&gt;&gt;</a>&nbsp;&nbsp;&nbsp;__aeabi_ddiv
</UL>
<BR>[Called By]<UL><LI><a href="#[6f]">&gt;&gt;</a>&nbsp;&nbsp;&nbsp;systic_delayus
</UL>

<P><STRONG><a name="[70]"></a>systic_start</STRONG> (Thumb, 22 bytes, Stack size 4 bytes, exinsystem.o(i.systic_start))
<BR><BR>[Stack]<UL><LI>Max Depth = 4<LI>Call Chain = systic_start
</UL>
<BR>[Calls]<UL><LI><a href="#[74]">&gt;&gt;</a>&nbsp;&nbsp;&nbsp;systic_clr
</UL>
<BR>[Called By]<UL><LI><a href="#[6f]">&gt;&gt;</a>&nbsp;&nbsp;&nbsp;systic_delayus
</UL>

<P><STRONG><a name="[76]"></a>__aeabi_ddiv</STRONG> (Thumb, 0 bytes, Stack size 32 bytes, ddiv.o(x$fpl$ddiv))
<BR><BR>[Stack]<UL><LI>Max Depth = 32<LI>Call Chain = __aeabi_ddiv
</UL>
<BR>[Called By]<UL><LI><a href="#[71]">&gt;&gt;</a>&nbsp;&nbsp;&nbsp;systic_read
</UL>

<P><STRONG><a name="[78]"></a>_ddiv</STRONG> (Thumb, 552 bytes, Stack size 32 bytes, ddiv.o(x$fpl$ddiv), UNUSED)
<BR><BR>[Calls]<UL><LI><a href="#[79]">&gt;&gt;</a>&nbsp;&nbsp;&nbsp;__fpl_dretinf
<LI><a href="#[7a]">&gt;&gt;</a>&nbsp;&nbsp;&nbsp;__fpl_dnaninf
</UL>

<P><STRONG><a name="[77]"></a>__aeabi_d2iz</STRONG> (Thumb, 0 bytes, Stack size 32 bytes, dfix.o(x$fpl$dfix))
<BR><BR>[Stack]<UL><LI>Max Depth = 32<LI>Call Chain = __aeabi_d2iz
</UL>
<BR>[Called By]<UL><LI><a href="#[71]">&gt;&gt;</a>&nbsp;&nbsp;&nbsp;systic_read
</UL>

<P><STRONG><a name="[7b]"></a>_dfix</STRONG> (Thumb, 94 bytes, Stack size 32 bytes, dfix.o(x$fpl$dfix), UNUSED)
<BR><BR>[Calls]<UL><LI><a href="#[7a]">&gt;&gt;</a>&nbsp;&nbsp;&nbsp;__fpl_dnaninf
</UL>

<P><STRONG><a name="[75]"></a>__aeabi_ui2d</STRONG> (Thumb, 0 bytes, Stack size 0 bytes, dflt_clz.o(x$fpl$dfltu))
<BR><BR>[Called By]<UL><LI><a href="#[71]">&gt;&gt;</a>&nbsp;&nbsp;&nbsp;systic_read
</UL>

<P><STRONG><a name="[a6]"></a>_dfltu</STRONG> (Thumb, 38 bytes, Stack size 0 bytes, dflt_clz.o(x$fpl$dfltu), UNUSED)

<P><STRONG><a name="[7a]"></a>__fpl_dnaninf</STRONG> (Thumb, 156 bytes, Stack size 16 bytes, dnaninf.o(x$fpl$dnaninf), UNUSED)
<BR><BR>[Called By]<UL><LI><a href="#[7b]">&gt;&gt;</a>&nbsp;&nbsp;&nbsp;_dfix
<LI><a href="#[78]">&gt;&gt;</a>&nbsp;&nbsp;&nbsp;_ddiv
</UL>

<P><STRONG><a name="[79]"></a>__fpl_dretinf</STRONG> (Thumb, 12 bytes, Stack size 0 bytes, dretinf.o(x$fpl$dretinf), UNUSED)
<BR><BR>[Called By]<UL><LI><a href="#[78]">&gt;&gt;</a>&nbsp;&nbsp;&nbsp;_ddiv
</UL>

<P><STRONG><a name="[3e]"></a>_fp_init</STRONG> (Thumb, 10 bytes, Stack size 0 bytes, fpinit.o(x$fpl$fpinit))
<BR><BR>[Called By]<UL><LI><a href="#[3d]">&gt;&gt;</a>&nbsp;&nbsp;&nbsp;__rt_lib_init_fp_1
</UL>

<P><STRONG><a name="[a7]"></a>__fplib_config_fpu_vfp</STRONG> (Thumb, 0 bytes, Stack size unknown bytes, fpinit.o(x$fpl$fpinit), UNUSED)

<P><STRONG><a name="[a8]"></a>__fplib_config_pureend_doubles</STRONG> (Thumb, 0 bytes, Stack size unknown bytes, fpinit.o(x$fpl$fpinit), UNUSED)
<P>
<H3>
Local Symbols
</H3><P>
<H3>
Undefined Global Symbols
</H3><HR></body></html>
