Component: ARM Compiler 5.06 update 6 (build 750) Tool: armlink [4d35ed]

==============================================================================

Section Cross References

    exinadc.o(i.ADC14_IRQFG_set) refers to exinadc.o(.bss) for ADC14_STRUCT
    exinadc.o(i.ADC14_IRQHandler) refers to exinadc.o(i.ADC14_repeatmod_rec) for ADC14_repeatmod_rec
    exinadc.o(i.ADC14_IRQHandler) refers to exinadc.o(.bss) for ADC14_STRUCT
    exinadc.o(i.ADC14_PREC_sel) refers to exinadc.o(i.ADC14_convert_disable) for ADC14_convert_disable
    exinadc.o(i.ADC14_PREC_sel) refers to exinadc.o(i.ADC14_convert_end) for ADC14_convert_end
    exinadc.o(i.ADC14_init) refers to exinadc.o(i.ADC14_CHA_sel) for ADC14_CHA_sel
    exinadc.o(i.ADC14_init) refers to exinadc.o(i.ADC14_CLK_sel) for ADC14_CLK_sel
    exinadc.o(i.ADC14_init) refers to exinadc.o(i.ADC14_PREC_sel) for ADC14_PREC_sel
    exinadc.o(i.ADC14_init) refers to exinadc.o(.bss) for ADC14_STRUCT
    exinadc.o(i.ADC14_read_data) refers to exinadc.o(i.ADC14_start) for ADC14_start
    exinadc.o(i.ADC14_read_data) refers to exinadc.o(.bss) for ADC14_STRUCT
    exinadc.o(i.ADC14_repeatmod_init) refers to exinadc.o(i.ADC14_CHAEND_set) for ADC14_CHAEND_set
    exinadc.o(i.ADC14_repeatmod_init) refers to exinadc.o(i.ADC14_CLK_sel) for ADC14_CLK_sel
    exinadc.o(i.ADC14_repeatmod_init) refers to exinadc.o(i.ADC14_PREC_sel) for ADC14_PREC_sel
    exinadc.o(i.ADC14_repeatmod_init) refers to exinadc.o(i.ADC14_MEM_set) for ADC14_MEM_set
    exinadc.o(i.ADC14_repeatmod_init) refers to exinadc.o(i.ADC14_IRQFG_set) for ADC14_IRQFG_set
    exinadc.o(i.ADC14_repeatmod_init) refers to exinadc.o(i.ADC14_convert_enable) for ADC14_convert_enable
    exinadc.o(i.ADC14_repeatmod_init) refers to exinadc.o(.bss) for ADC14_STRUCT
    exinadc.o(i.ADC14_start) refers to exinadc.o(i.ADC14_convert_disable) for ADC14_convert_disable
    exinadc.o(i.ADC14_start) refers to exinadc.o(i.ADC14_convert_end) for ADC14_convert_end
    exinadc.o(i.ADC14_start) refers to exinadc.o(i.ADC14_convert_enable) for ADC14_convert_enable
    exinadc.o(i.ADC14_start) refers to exinadc.o(i.ADC14_convert_start) for ADC14_convert_start
    exinadc0832.o(i.ADC0832_CHA_sel) refers to exinadc0832.o(i.ADC0832_write_DI) for ADC0832_write_DI
    exinadc0832.o(i.ADC0832_disable) refers to exingpio.o(i.gpio_set) for gpio_set
    exinadc0832.o(i.ADC0832_enable) refers to exingpio.o(i.gpio_set) for gpio_set
    exinadc0832.o(i.ADC0832_init) refers to exingpio.o(i.gpio_init) for gpio_init
    exinadc0832.o(i.ADC0832_read_Byte) refers to exinadc0832.o(i.ADC0832_enable) for ADC0832_enable
    exinadc0832.o(i.ADC0832_read_Byte) refers to exinadc0832.o(i.ADC0832_CHA_sel) for ADC0832_CHA_sel
    exinadc0832.o(i.ADC0832_read_Byte) refers to exingpio.o(i.gpio_set) for gpio_set
    exinadc0832.o(i.ADC0832_read_Byte) refers to exinsystem.o(i.systic_delayus) for systic_delayus
    exinadc0832.o(i.ADC0832_read_Byte) refers to exingpio.o(i.gpio_get) for gpio_get
    exinadc0832.o(i.ADC0832_read_Byte) refers to exinadc0832.o(i.ADC0832_disable) for ADC0832_disable
    exinadc0832.o(i.ADC0832_read_Byte) refers to exinadc0832.o(.data) for value
    exinadc0832.o(i.ADC0832_write_DI) refers to exingpio.o(i.gpio_set) for gpio_set
    exinadc0832.o(i.ADC0832_write_DI) refers to exinsystem.o(i.systic_delayus) for systic_delayus
    exinadjust.o(i.OLED_SHOW) refers to oled.o(i.OLED_ShowString) for OLED_ShowString
    exinadjust.o(i.OLED_SHOW) refers to oled.o(i.OLED_ShowNum) for OLED_ShowNum
    exinadjust.o(i.OLED_SHOW) refers to exinadjust.o(.data) for page_count
    exinadjust.o(i.Rotate_INIT) refers to exingpio.o(i.gpio_init) for gpio_init
    exinadjust.o(i.Rotate_INIT) refers to exingpio.o(i.gpio_interrupt_INIT) for gpio_interrupt_INIT
    exinadjust.o(i.Rotate_INIT) refers to exinkey.o(i.key_init) for key_init
    exinadjust.o(i.Rotate_adjust_TEST) refers to exinsystem.o(i.system_init) for system_init
    exinadjust.o(i.Rotate_adjust_TEST) refers to oled.o(i.OLED_Init) for OLED_Init
    exinadjust.o(i.Rotate_adjust_TEST) refers to exinadjust.o(i.Rotate_INIT) for Rotate_INIT
    exinadjust.o(i.Rotate_adjust_TEST) refers to exinadjust.o(i.bianmaqi_tiaocan) for bianmaqi_tiaocan
    exinadjust.o(i.bianmaqi_tiaocan) refers to exinadjust.o(i.OLED_SHOW) for OLED_SHOW
    exinadjust.o(i.bianmaqi_tiaocan) refers to exingpio.o(i.gpio_get) for gpio_get
    exinadjust.o(i.bianmaqi_tiaocan) refers to oled.o(i.OLED_Clear) for OLED_Clear
    exinadjust.o(i.bianmaqi_tiaocan) refers to exinkey.o(i.key_get) for key_get
    exinadjust.o(i.bianmaqi_tiaocan) refers to exinadjust.o(.data) for A_flag
    exineeprom.o(i.EEPROM_init) refers to exineeprom.o(i.EROM_IIC_init) for EROM_IIC_init
    exineeprom.o(i.EEPROM_read_Byte) refers to exineeprom.o(i.EROM_IIC_start) for EROM_IIC_start
    exineeprom.o(i.EEPROM_read_Byte) refers to exineeprom.o(i.EROM_IIC_Send_Byte) for EROM_IIC_Send_Byte
[...]
    .ARM.Collect$$libinit$$0000000A          0x000001c8   Section        0  libinit2.o(.ARM.Collect$$libinit$$0000000A)
    .ARM.Collect$$libinit$$0000000C          0x000001c8   Section        0  libinit2.o(.ARM.Collect$$libinit$$0000000C)
    .ARM.Collect$$libinit$$0000000E          0x000001c8   Section        0  libinit2.o(.ARM.Collect$$libinit$$0000000E)
    .ARM.Collect$$libinit$$0000000F          0x000001c8   Section        6  libinit2.o(.ARM.Collect$$libinit$$0000000F)
    .ARM.Collect$$libinit$$00000011          0x000001ce   Section        0  libinit2.o(.ARM.Collect$$libinit$$00000011)
    .ARM.Collect$$libinit$$00000013          0x000001ce   Section        0  libinit2.o(.ARM.Collect$$libinit$$00000013)
    .ARM.Collect$$libinit$$00000015          0x000001ce   Section        0  libinit2.o(.ARM.Collect$$libinit$$00000015)
    .ARM.Collect$$libinit$$00000016          0x000001ce   Section       10  libinit2.o(.ARM.Collect$$libinit$$00000016)
    .ARM.Collect$$libinit$$00000017          0x000001d8   Section        0  libinit2.o(.ARM.Collect$$libinit$$00000017)
    .ARM.Collect$$libinit$$00000019          0x000001d8   Section        0  libinit2.o(.ARM.Collect$$libinit$$00000019)
    .ARM.Collect$$libinit$$0000001B          0x000001d8   Section        0  libinit2.o(.ARM.Collect$$libinit$$0000001B)
    .ARM.Collect$$libinit$$0000001D          0x000001d8   Section        0  libinit2.o(.ARM.Collect$$libinit$$0000001D)
    .ARM.Collect$$libinit$$0000001F          0x000001d8   Section        0  libinit2.o(.ARM.Collect$$libinit$$0000001F)
    .ARM.Collect$$libinit$$00000021          0x000001d8   Section        0  libinit2.o(.ARM.Collect$$libinit$$00000021)
    .ARM.Collect$$libinit$$00000023          0x000001d8   Section        0  libinit2.o(.ARM.Collect$$libinit$$00000023)
    .ARM.Collect$$libinit$$00000025          0x000001d8   Section        0  libinit2.o(.ARM.Collect$$libinit$$00000025)
    .ARM.Collect$$libinit$$0000002C          0x000001d8   Section        0  libinit2.o(.ARM.Collect$$libinit$$0000002C)
    .ARM.Collect$$libinit$$0000002E          0x000001d8   Section        0  libinit2.o(.ARM.Collect$$libinit$$0000002E)
    .ARM.Collect$$libinit$$00000030          0x000001d8   Section        0  libinit2.o(.ARM.Collect$$libinit$$00000030)
    .ARM.Collect$$libinit$$00000032          0x000001d8   Section        0  libinit2.o(.ARM.Collect$$libinit$$00000032)
    .ARM.Collect$$libinit$$00000033          0x000001d8   Section        2  libinit2.o(.ARM.Collect$$libinit$$00000033)
    .ARM.Collect$$libshutdown$$00000000      0x000001da   Section        2  libshutdown.o(.ARM.Collect$$libshutdown$$00000000)
    .ARM.Collect$$libshutdown$$00000002      0x000001dc   Section        0  libshutdown2.o(.ARM.Collect$$libshutdown$$00000002)
    .ARM.Collect$$libshutdown$$00000004      0x000001dc   Section        0  libshutdown2.o(.ARM.Collect$$libshutdown$$00000004)
    .ARM.Collect$$libshutdown$$00000007      0x000001dc   Section        0  libshutdown2.o(.ARM.Collect$$libshutdown$$00000007)
    .ARM.Collect$$libshutdown$$0000000A      0x000001dc   Section        0  libshutdown2.o(.ARM.Collect$$libshutdown$$0000000A)
    .ARM.Collect$$libshutdown$$0000000C      0x000001dc   Section        0  libshutdown2.o(.ARM.Collect$$libshutdown$$0000000C)
    .ARM.Collect$$libshutdown$$0000000F      0x000001dc   Section        0  libshutdown2.o(.ARM.Collect$$libshutdown$$0000000F)
    .ARM.Collect$$libshutdown$$00000010      0x000001dc   Section        2  libshutdown2.o(.ARM.Collect$$libshutdown$$00000010)
    .ARM.Collect$$rtentry$$00000000          0x000001de   Section        0  __rtentry.o(.ARM.Collect$$rtentry$$00000000)
    .ARM.Collect$$rtentry$$00000002          0x000001de   Section        0  __rtentry2.o(.ARM.Collect$$rtentry$$00000002)
    .ARM.Collect$$rtentry$$00000004          0x000001de   Section        6  __rtentry4.o(.ARM.Collect$$rtentry$$00000004)
    .ARM.Collect$$rtentry$$00000009          0x000001e4   Section        0  __rtentry2.o(.ARM.Collect$$rtentry$$00000009)
    .ARM.Collect$$rtentry$$0000000A          0x000001e4   Section        4  __rtentry2.o(.ARM.Collect$$rtentry$$0000000A)
    .ARM.Collect$$rtentry$$0000000C          0x000001e8   Section        0  __rtentry2.o(.ARM.Collect$$rtentry$$0000000C)
    .ARM.Collect$$rtentry$$0000000D          0x000001e8   Section        8  __rtentry2.o(.ARM.Collect$$rtentry$$0000000D)
    .ARM.Collect$$rtexit$$00000000           0x000001f0   Section        2  rtexit.o(.ARM.Collect$$rtexit$$00000000)
    .ARM.Collect$$rtexit$$00000002           0x000001f2   Section        0  rtexit2.o(.ARM.Collect$$rtexit$$00000002)
    .ARM.Collect$$rtexit$$00000003           0x000001f2   Section        4  rtexit2.o(.ARM.Collect$$rtexit$$00000003)
    .ARM.Collect$$rtexit$$00000004           0x000001f6   Section        6  rtexit2.o(.ARM.Collect$$rtexit$$00000004)
    .text                                    0x000001fc   Section       60  startup_msp432p401x_keil.o(.text)
    $v0                                      0x000001fc   Number         0  startup_msp432p401x_keil.o(.text)
    .text                                    0x00000238   Section        0  noretval__2sprintf.o(.text)
    .text                                    0x00000260   Section        0  __printf_flags_wp.o(.text)
    .text                                    0x00000398   Section        0  heapauxi.o(.text)
    .text                                    0x0000039e   Section        0  _rserrno.o(.text)
    .text                                    0x000003b4   Section        0  _printf_fp_dec.o(.text)
    _fp_digits                               0x000003b7   Thumb Code   432  _printf_fp_dec.o(.text)
    .text                                    0x000007d4   Section        0  _printf_char_common.o(.text)
    _printf_input_char                       0x000007d5   Thumb Code    10  _printf_char_common.o(.text)
    .text                                    0x00000804   Section        0  _sputc.o(.text)
    .text                                    0x00000810   Section        8  rt_locale_intlibspace.o(.text)
    .text                                    0x00000818   Section        8  rt_errno_addr_intlibspace.o(.text)
    .text                                    0x00000820   Section      138  lludiv10.o(.text)
    .text                                    0x000008ac   Section        0  _printf_fp_infnan.o(.text)
    .text                                    0x0000092c   Section        0  bigflt0.o(.text)
    .text                                    0x00000a10   Section        8  libspace.o(.text)
    .text                                    0x00000a18   Section       74  sys_stackheap_outer.o(.text)
    .text                                    0x00000a62   Section        0  exit.o(.text)
    .text                                    0x00000a74   Section      128  strcmpv7m.o(.text)
    .text                                    0x00000af4   Section        0  sys_exit.o(.text)
    .text                                    0x00000b00   Section        2  use_no_semi.o(.text)
    .text                                    0x00000b02   Section        0  indicate_semi.o(.text)
    CL$$btod_d2e                             0x00000b02   Section       62  btod.o(CL$$btod_d2e)
    CL$$btod_d2e_denorm_low                  0x00000b40   Section       70  btod.o(CL$$btod_d2e_denorm_low)
    CL$$btod_d2e_norm_op1                    0x00000b86   Section       96  btod.o(CL$$btod_d2e_norm_op1)
    CL$$btod_div_common                      0x00000be6   Section      824  btod.o(CL$$btod_div_common)
    CL$$btod_e2e                             0x00000f1e   Section      220  btod.o(CL$$btod_e2e)
    CL$$btod_ediv                            0x00000ffa   Section       42  btod.o(CL$$btod_ediv)
    CL$$btod_emul                            0x00001024   Section       42  btod.o(CL$$btod_emul)
    CL$$btod_mult_common                     0x0000104e   Section      580  btod.o(CL$$btod_mult_common)
    i.ADC14_IRQHandler                       0x00001294   Section        0  exinadc.o(i.ADC14_IRQHandler)
    i.ADC14_repeatmod_rec                    0x000012d8   Section        0  exinadc.o(i.ADC14_repeatmod_rec)
    i.CS_locked                              0x000012f4   Section        0  exinsystem.o(i.CS_locked)
    i.CS_unlocked                            0x00001300   Section        0  exinsystem.o(i.CS_unlocked)
    i.Check_ACK                              0x00001310   Section        0  exiniic.o(i.Check_ACK)
    i.DCO_set                                0x0000136c   Section        0  exinsystem.o(i.DCO_set)
    i.EUSCIA0_IRQHandler                     0x000013cc   Section        0  exinuart.o(i.EUSCIA0_IRQHandler)
    i.EUSCIA1_IRQHandler                     0x000013d8   Section        0  exinuart.o(i.EUSCIA1_IRQHandler)
    i.EUSCIA2_IRQHandler                     0x000013e4   Section        0  exinuart.o(i.EUSCIA2_IRQHandler)
    i.EUSCIA3_IRQHandler                     0x000013f0   Section        0  exinuart.o(i.EUSCIA3_IRQHandler)
    i.IIC_ACK                                0x000013fc   Section        0  exiniic.o(i.IIC_ACK)
    i.IIC_NACK                               0x00001440   Section        0  exiniic.o(i.IIC_NACK)
    i.IIC_Read_Byte                          0x00001484   Section        0  exiniic.o(i.IIC_Read_Byte)
    i.IIC_Send_Byte                          0x000014e0   Section        0  exiniic.o(i.IIC_Send_Byte)
    i.IIC_init                               0x00001550   Section        0  exiniic.o(i.IIC_init)
    i.IIC_reset                              0x00001580   Section        0  exiniic.o(i.IIC_reset)
    i.IIC_start                              0x000015e0   Section        0  exiniic.o(i.IIC_start)
    i.IIC_stop                               0x00001624   Section        0  exiniic.o(i.IIC_stop)
    i.Interrupt_setPriority                  0x00001670   Section        0  config.o(i.Interrupt_setPriority)
    i.MCLK_set                               0x00001680   Section        0  exinsystem.o(i.MCLK_set)
    i.MPU6050_uart_send                      0x00001788   Section        0  main.o(i.MPU6050_uart_send)
    i.MPU6050_write_Byte                     0x00001828   Section        0  exinmpu6050.o(i.MPU6050_write_Byte)
    i.MPU_Get_Acc                            0x00001878   Section        0  exinmpu6050.o(i.MPU_Get_Acc)
    i.MPU_Get_Angel                          0x000018d0   Section        0  exinmpu6050.o(i.MPU_Get_Angel)
    i.MPU_Get_Gyro                           0x00001b38   Section        0  exinmpu6050.o(i.MPU_Get_Gyro)
    i.MPU_Low_fillter_Get_Angle              0x00001b90   Section        0  main.o(i.MPU_Low_fillter_Get_Angle)
    i.MPU_Read_Len                           0x00001d68   Section        0  exinmpu6050.o(i.MPU_Read_Len)
    i.MPU_init                               0x00001ddc   Section        0  exinmpu6050.o(i.MPU_init)
    i.OLED_Clear                             0x00001e7c   Section        0  oled.o(i.OLED_Clear)
    i.OLED_Init                              0x00001ebc   Section        0  oled.o(i.OLED_Init)
    i.OLED_Set_Pos                           0x00002000   Section        0  oled.o(i.OLED_Set_Pos)
    i.OLED_WR_Byte                           0x0000202a   Section        0  oled.o(i.OLED_WR_Byte)
    i.PORT1_IRQHandler                       0x00002098   Section        0  exinisr.o(i.PORT1_IRQHandler)
    i.PORT2_IRQHandler                       0x0000210c   Section        0  exinisr.o(i.PORT2_IRQHandler)
    i.PORT3_IRQHandler                       0x000021b4   Section        0  exinisr.o(i.PORT3_IRQHandler)
    i.PORT4_IRQHandler                       0x00002248   Section        0  exinisr.o(i.PORT4_IRQHandler)
    i.PORT5_IRQHandler                       0x00002308   Section        0  exinisr.o(i.PORT5_IRQHandler)
    i.PORT6_IRQHandler                       0x000023ac   Section        0  exinisr.o(i.PORT6_IRQHandler)
    i.SMCLK_set                              0x0000245c   Section        0  exinsystem.o(i.SMCLK_set)
    i.SysTick_Handler                        0x00002568   Section        0  exinsystem.o(i.SysTick_Handler)
    i.SystemInit                             0x00002578   Section        0  system_msp432p401x.o(i.SystemInit)
    i.TA0_0_IRQHandler                       0x000025e8   Section        0  exinisr.o(i.TA0_0_IRQHandler)
    i.TA0_N_IRQHandler                       0x000025fa   Section        0  exinisr.o(i.TA0_N_IRQHandler)
    i.TA1_0_IRQHandler                       0x000025fc   Section        0  exinisr.o(i.TA1_0_IRQHandler)
    i.TA1_N_IRQHandler                       0x00002634   Section        0  exinisr.o(i.TA1_N_IRQHandler)
    i.TA2_0_IRQHandler                       0x00002638   Section        0  exinisr.o(i.TA2_0_IRQHandler)
    i.TA2_N_IRQHandler                       0x0000264c   Section        0  exinisr.o(i.TA2_N_IRQHandler)
    i.TA3_0_IRQHandler                       0x00002650   Section        0  exinisr.o(i.TA3_0_IRQHandler)
    i.TA3_N_IRQHandler                       0x00002664   Section        0  exinisr.o(i.TA3_N_IRQHandler)
    i.TimerA_CCR0INT_init                    0x00002790   Section        0  exintimeraint.o(i.TimerA_CCR0INT_init)
    i.TimerA_CCRVAL_set                      0x000027d4   Section        0  exintimera.o(i.TimerA_CCRVAL_set)
    i.TimerA_CLK_set                         0x0000281c   Section        0  exintimera.o(i.TimerA_CLK_set)
    i.TimerA_MOD_sel                         0x00002978   Section        0  exintimera.o(i.TimerA_MOD_sel)
    i.TimerA_NVIC_IRQ_set                    0x000029f8   Section        0  exintimera.o(i.TimerA_NVIC_IRQ_set)
    i.TimerA_enable_CCRnIRQ                  0x00002aa8   Section        0  exintimera.o(i.TimerA_enable_CCRnIRQ)
    i.UART_BRS_val                           0x00002b50   Section        0  exinuart.o(i.UART_BRS_val)
    i.UART_Baunds_set                        0x00002c30   Section        0  exinuart.o(i.UART_Baunds_set)
    i.UART_CLK_sel                           0x00002dfc   Section        0  exinuart.o(i.UART_CLK_sel)
    i.UART_IRQRX_set                         0x00002ed0   Section        0  exinuart.o(i.UART_IRQRX_set)
    i.UART_IRQ_set                           0x00002f30   Section        0  exinuart.o(i.UART_IRQ_set)
    i.UART_PIN_sel                           0x00002fd4   Section        0  exinuart.o(i.UART_PIN_sel)
    i.UART_USIC_init                         0x00003034   Section        0  exinuart.o(i.UART_USIC_init)
    i.UART_init                              0x00003094   Section        0  exinuart.o(i.UART_init)
    i.UART_send_Byte                         0x000030f4   Section        0  exinuart.o(i.UART_send_Byte)
    i.UART_send_string                       0x00003170   Section        0  exinuart.o(i.UART_send_string)
    i.__ARM_fpclassify                       0x0000318c   Section        0  fpclassify.o(i.__ARM_fpclassify)
    i.__hardfp_atan                          0x000031c0   Section        0  atan.o(i.__hardfp_atan)
    i.__hardfp_sqrt                          0x00003498   Section        0  sqrt.o(i.__hardfp_sqrt)
    i.__kernel_poly                          0x00003512   Section        0  poly.o(i.__kernel_poly)
    i.__mathlib_dbl_infnan                   0x0000360a   Section        0  dunder.o(i.__mathlib_dbl_infnan)
    i.__mathlib_dbl_underflow                0x00003620   Section        0  dunder.o(i.__mathlib_dbl_underflow)
    i._is_digit                              0x00003640   Section        0  __printf_wp.o(i._is_digit)
    i.error                                  0x00003650   Section        0  exinsystem.o(i.error)
    i.error_LED_toggle                       0x0000367c   Section        0  exinmpu6050.o(i.error_LED_toggle)
    i.fabs                                   0x0000368e   Section        0  fabs.o(i.fabs)
    i.gpio_disable_Ren                       0x000036a8   Section        0  exingpio.o(i.gpio_disable_Ren)
    i.gpio_enable_Ren                        0x00003764   Section        0  exingpio.o(i.gpio_enable_Ren)
    i.gpio_get                               0x00003820   Section        0  exingpio.o(i.gpio_get)
    i.gpio_init                              0x000038c4   Section        0  exingpio.o(i.gpio_init)
    i.gpio_set                               0x00003924   Section        0  exingpio.o(i.gpio_set)
    i.gpio_set_Asin                          0x00003944   Section        0  exingpio.o(i.gpio_set_Asin)
    i.gpio_set_Asout                         0x00003a00   Section        0  exingpio.o(i.gpio_set_Asout)
    i.gpio_set_High                          0x00003abc   Section        0  exingpio.o(i.gpio_set_High)
    i.gpio_set_Low                           0x00003b78   Section        0  exingpio.o(i.gpio_set_Low)
    i.gpio_toggle                            0x00003c34   Section        0  exingpio.o(i.gpio_toggle)
    i.key_init                               0x00003cf0   Section        0  exinkey.o(i.key_init)
    i.main                                   0x00003d44   Section        0  main.o(i.main)
    i.period_cvert                           0x00003d8c   Section        0  exintimeraint.o(i.period_cvert)
    i.set_DCO_48MH                           0x00003e80   Section        0  exinsystem.o(i.set_DCO_48MH)
    i.set_clock_period                       0x00003f2c   Section        0  exinsystem.o(i.set_clock_period)
    i.system_init                            0x00003f38   Section        0  exinsystem.o(i.system_init)
    i.systic_clr                             0x00003f58   Section        0  exinsystem.o(i.systic_clr)
    i.systic_delayms                         0x00003f6c   Section        0  exinsystem.o(i.systic_delayms)
    i.systic_delayus                         0x00003f7e   Section        0  exinsystem.o(i.systic_delayus)
    i.systic_end                             0x00003f9c   Section        0  exinsystem.o(i.systic_end)
    i.systic_init                            0x00003fb4   Section        0  exinsystem.o(i.systic_init)
    i.systic_read                            0x00003fdc   Section        0  exinsystem.o(i.systic_read)
    i.systic_start                           0x00004064   Section        0  exinsystem.o(i.systic_start)
    locale$$code                             0x0000407c   Section       44  lc_numeric_c.o(locale$$code)
    x$fpl$basic                              0x000040a8   Section       24  basic.o(x$fpl$basic)
    $v0                                      0x000040a8   Number         0  basic.o(x$fpl$basic)
    x$fpl$d2f                                0x000040c0   Section       98  d2f.o(x$fpl$d2f)
    $v0                                      0x000040c0   Number         0  d2f.o(x$fpl$d2f)
    x$fpl$dadd                               0x00004124   Section      336  daddsub_clz.o(x$fpl$dadd)
    $v0                                      0x00004124   Number         0  daddsub_clz.o(x$fpl$dadd)
    _dadd1                                   0x00004135   Thumb Code     0  daddsub_clz.o(x$fpl$dadd)
    x$fpl$ddiv                               0x00004274   Section      688  ddiv.o(x$fpl$ddiv)
    $v0                                      0x00004274   Number         0  ddiv.o(x$fpl$ddiv)
    ddiv_entry                               0x0000427b   Thumb Code     0  ddiv.o(x$fpl$ddiv)
    x$fpl$dfix                               0x00004524   Section       94  dfix.o(x$fpl$dfix)
    $v0                                      0x00004524   Number         0  dfix.o(x$fpl$dfix)
    x$fpl$dflt                               0x00004582   Section       46  dflt_clz.o(x$fpl$dflt)
    $v0                                      0x00004582   Number         0  dflt_clz.o(x$fpl$dflt)
    x$fpl$dfltu                              0x000045b0   Section       38  dflt_clz.o(x$fpl$dfltu)
    $v0                                      0x000045b0   Number         0  dflt_clz.o(x$fpl$dfltu)
    x$fpl$dmul                               0x000045d8   Section      340  dmul.o(x$fpl$dmul)
    $v0                                      0x000045d8   Number         0  dmul.o(x$fpl$dmul)
    x$fpl$dnaninf                            0x0000472c   Section      156  dnaninf.o(x$fpl$dnaninf)
    $v0                                      0x0000472c   Number         0  dnaninf.o(x$fpl$dnaninf)
    x$fpl$dretinf                            0x000047c8   Section       12  dretinf.o(x$fpl$dretinf)
    $v0                                      0x000047c8   Number         0  dretinf.o(x$fpl$dretinf)
    x$fpl$drsb                               0x000047d4   Section       22  daddsub_clz.o(x$fpl$drsb)
    $v0                                      0x000047d4   Number         0  daddsub_clz.o(x$fpl$drsb)
    x$fpl$dsqrt                              0x000047ec   Section      408  dsqrt_umaal.o(x$fpl$dsqrt)
    $v0                                      0x000047ec   Number         0  dsqrt_umaal.o(x$fpl$dsqrt)
    x$fpl$dsub                               0x00004984   Section      468  daddsub_clz.o(x$fpl$dsub)
    $v0                                      0x00004984   Number         0  daddsub_clz.o(x$fpl$dsub)
    _dsub1                                   0x00004995   Thumb Code     0  daddsub_clz.o(x$fpl$dsub)
    x$fpl$f2d                                0x00004b58   Section       86  f2d.o(x$fpl$f2d)
    $v0                                      0x00004b58   Number         0  f2d.o(x$fpl$f2d)
    x$fpl$fnaninf                            0x00004bae   Section      140  fnaninf.o(x$fpl$fnaninf)
    $v0                                      0x00004bae   Number         0  fnaninf.o(x$fpl$fnaninf)
    x$fpl$fpinit                             0x00004c3a   Section       10  fpinit.o(x$fpl$fpinit)
    $v0                                      0x00004c3a   Number         0  fpinit.o(x$fpl$fpinit)
    x$fpl$fretinf                            0x00004c44   Section       10  fretinf.o(x$fpl$fretinf)
    $v0                                      0x00004c44   Number         0  fretinf.o(x$fpl$fretinf)
    x$fpl$printf1                            0x00004c4e   Section        4  printf1.o(x$fpl$printf1)
    $v0                                      0x00004c4e   Number         0  printf1.o(x$fpl$printf1)
    .constdata                               0x00004c52   Section       50  exinmpu6050.o(.constdata)
    x$fpl$usenofp                            0x00004c52   Section        0  usenofp.o(x$fpl$usenofp)
    .constdata                               0x00004c84   Section      200  exinuart.o(.constdata)
    .constdata                               0x00004d4c   Section       17  __printf_flags_wp.o(.constdata)
    maptable                                 0x00004d4c   Data          17  __printf_flags_wp.o(.constdata)
    .constdata                               0x00004d60   Section      152  atan.o(.constdata)
    atanhi                                   0x00004d60   Data          32  atan.o(.constdata)
    atanlo                                   0x00004d80   Data          32  atan.o(.constdata)
    aTodd                                    0x00004da0   Data          40  atan.o(.constdata)
    aTeven                                   0x00004dc8   Data          48  atan.o(.constdata)
    .constdata                               0x00004df8   Section      148  bigflt0.o(.constdata)
    tenpwrs_x                                0x00004df8   Data          60  bigflt0.o(.constdata)
    tenpwrs_i                                0x00004e34   Data          64  bigflt0.o(.constdata)
    locale$$data                             0x00004eac   Section       28  lc_numeric_c.o(locale$$data)
    __lcnum_c_name                           0x00004eb0   Data           2  lc_numeric_c.o(locale$$data)
    __lcnum_c_start                          0x00004eb8   Data           0  lc_numeric_c.o(locale$$data)
    __lcnum_c_point                          0x00004ec4   Data           0  lc_numeric_c.o(locale$$data)
    __lcnum_c_thousands                      0x00004ec6   Data           0  lc_numeric_c.o(locale$$data)
    __lcnum_c_grouping                       0x00004ec7   Data           0  lc_numeric_c.o(locale$$data)
    __lcnum_c_end                            0x00004ec8   Data           0  lc_numeric_c.o(locale$$data)
    .data                                    0x20000000   Section       28  exinadjust.o(.data)
    .data                                    0x2000001c   Section       40  exinencoder.o(.data)
    .data                                    0x20000044   Section        1  exinisr.o(.data)
    .data                                    0x20000048   Section       16  exinsystem.o(.data)
    sys_us                                   0x20000054   Data           4  exinsystem.o(.data)
    .data                                    0x20000058   Section        8  exinuart.o(.data)
    .data                                    0x20000060   Section       33  main.o(.data)
    .bss                                     0x20000084   Section       48  exinadc.o(.bss)
    .bss                                     0x200000b4   Section       56  exintimeraint.o(.bss)
    .bss                                     0x200000ec   Section       80  main.o(.bss)
    .bss                                     0x2000013c   Section       96  libspace.o(.bss)
    HEAP                                     0x200001a0   Section        0  startup_msp432p401x_keil.o(HEAP)
    STACK                                    0x200001a0   Section      512  startup_msp432p401x_keil.o(STACK)
    Heap_Mem                                 0x200001a0   Data           0  startup_msp432p401x_keil.o(HEAP)
    Stack_Mem                                0x200001a0   Data         512  startup_msp432p401x_keil.o(STACK)
    __initial_sp                             0x200003a0   Data           0  startup_msp432p401x_keil.o(STACK)

    Global Symbols

    Symbol Name                              Value     Ov Type        Size  Object(Section)

    BuildAttributes$$THM_ISAv4$E$P$D$K$B$S$7EM$VFPi3$EXTD16$VFPS$VFMA$PE$A:L22UL41UL21$X:L11$S22US41US21$IEEE1$IW$USESV6$~STKCKD$USESV7$~SHL$OTIME$ROPI$IEEEX$EBA8$UX$STANDARDLIB$REQ8$PRES8$EABIv2 0x00000000   Number         0  anon$$obj.o ABSOLUTE
    __ARM_use_no_argv                        0x00000000   Number         0  main.o ABSOLUTE
    __Vectors                                0x00000000   Data           4  startup_msp432p401x_keil.o(RESET)
    _printf_flags                            0x00000000   Number         0  printf_stubs.o ABSOLUTE
    _printf_return_value                     0x00000000   Number         0  printf_stubs.o ABSOLUTE
    _printf_sizespec                         0x00000000   Number         0  printf_stubs.o ABSOLUTE
    _printf_widthprec                        0x00000000   Number         0  printf_stubs.o ABSOLUTE
    __ARM_exceptions_init                     - Undefined Weak Reference
    __alloca_initialize                       - Undefined Weak Reference
    __arm_preinit_                            - Undefined Weak Reference
    __cpp_initialize__aeabi_                  - Undefined Weak Reference
    __cxa_finalize                            - Undefined Weak Reference
    __sigvec_lookup                           - Undefined Weak Reference
    _atexit_init                              - Undefined Weak Reference
    _call_atexit_fns                          - Undefined Weak Reference
    _clock_init                               - Undefined Weak Reference
    _fp_trap_init                             - Undefined Weak Reference
    _fp_trap_shutdown                         - Undefined Weak Reference
    _get_lc_collate                           - Undefined Weak Reference
    _get_lc_ctype                             - Undefined Weak Reference
    _get_lc_monetary                          - Undefined Weak Reference
    _get_lc_time                              - Undefined Weak Reference
    _getenv_init                              - Undefined Weak Reference
    _handle_redirection                       - Undefined Weak Reference
    _init_alloc                               - Undefined Weak Reference
    _init_user_alloc                          - Undefined Weak Reference
    _initio                                   - Undefined Weak Reference
    _printf_post_padding                      - Undefined Weak Reference
    _printf_pre_padding                       - Undefined Weak Reference
    _printf_truncate_signed                   - Undefined Weak Reference
    _printf_truncate_unsigned                 - Undefined Weak Reference
    _rand_init                                - Undefined Weak Reference
    _signal_finish                            - Undefined Weak Reference
    _signal_init                              - Undefined Weak Reference
    _terminate_alloc                          - Undefined Weak Reference
    _terminate_user_alloc                     - Undefined Weak Reference
    _terminateio                              - Undefined Weak Reference
    __Vectors_End                            0x00000144   Data           0  startup_msp432p401x_keil.o(RESET)
    __Vectors_Size                           0x00000144   Number         0  startup_msp432p401x_keil.o ABSOLUTE
    __main                                   0x00000145   Thumb Code     8  __main.o(!!!main)
    __scatterload                            0x0000014d   Thumb Code     0  __scatter.o(!!!scatter)
    __scatterload_rt2                        0x0000014d   Thumb Code    44  __scatter.o(!!!scatter)
    __scatterload_rt2_thumb_only             0x0000014d   Thumb Code     0  __scatter.o(!!!scatter)
    __scatterload_null                       0x0000015b   Thumb Code     0  __scatter.o(!!!scatter)
    __scatterload_copy                       0x00000181   Thumb Code    26  __scatter_copy.o(!!handler_copy)
    __scatterload_zeroinit                   0x0000019d   Thumb Code    28  __scatter_zi.o(!!handler_zi)
    _printf_f                                0x000001b9   Thumb Code     0  _printf_f.o(.ARM.Collect$$_printf_percent$$00000003)
    _printf_percent                          0x000001b9   Thumb Code     0  _printf_percent.o(.ARM.Collect$$_printf_percent$$00000000)
    _printf_percent_end                      0x000001bf   Thumb Code     0  _printf_percent_end.o(.ARM.Collect$$_printf_percent$$00000017)
    __rt_lib_init                            0x000001c3   Thumb Code     0  libinit.o(.ARM.Collect$$libinit$$00000000)
    __rt_lib_init_fp_1                       0x000001c5   Thumb Code     0  libinit2.o(.ARM.Collect$$libinit$$00000001)
    __rt_lib_init_heap_1                     0x000001c9   Thumb Code     0  libinit2.o(.ARM.Collect$$libinit$$0000000A)
    __rt_lib_init_lc_common                  0x000001c9   Thumb Code     0  libinit2.o(.ARM.Collect$$libinit$$0000000F)
    __rt_lib_init_preinit_1                  0x000001c9   Thumb Code     0  libinit2.o(.ARM.Collect$$libinit$$00000004)
    __rt_lib_init_rand_1                     0x000001c9   Thumb Code     0  libinit2.o(.ARM.Collect$$libinit$$0000000E)
    __rt_lib_init_user_alloc_1               0x000001c9   Thumb Code     0  libinit2.o(.ARM.Collect$$libinit$$0000000C)
    __rt_lib_init_lc_collate_1               0x000001cf   Thumb Code     0  libinit2.o(.ARM.Collect$$libinit$$00000011)
    __rt_lib_init_lc_ctype_1                 0x000001cf   Thumb Code     0  libinit2.o(.ARM.Collect$$libinit$$00000013)
    __rt_lib_init_lc_monetary_1              0x000001cf   Thumb Code     0  libinit2.o(.ARM.Collect$$libinit$$00000015)
    __rt_lib_init_lc_numeric_2               0x000001cf   Thumb Code     0  libinit2.o(.ARM.Collect$$libinit$$00000016)
    __rt_lib_init_alloca_1                   0x000001d9   Thumb Code     0  libinit2.o(.ARM.Collect$$libinit$$0000002E)
    __rt_lib_init_argv_1                     0x000001d9   Thumb Code     0  libinit2.o(.ARM.Collect$$libinit$$0000002C)
    __rt_lib_init_atexit_1                   0x000001d9   Thumb Code     0  libinit2.o(.ARM.Collect$$libinit$$0000001B)
    __rt_lib_init_clock_1                    0x000001d9   Thumb Code     0  libinit2.o(.ARM.Collect$$libinit$$00000021)
    __rt_lib_init_cpp_1                      0x000001d9   Thumb Code     0  libinit2.o(.ARM.Collect$$libinit$$00000032)
    __rt_lib_init_exceptions_1               0x000001d9   Thumb Code     0  libinit2.o(.ARM.Collect$$libinit$$00000030)
    __rt_lib_init_fp_trap_1                  0x000001d9   Thumb Code     0  libinit2.o(.ARM.Collect$$libinit$$0000001F)
    __rt_lib_init_getenv_1                   0x000001d9   Thumb Code     0  libinit2.o(.ARM.Collect$$libinit$$00000023)
    __rt_lib_init_lc_numeric_1               0x000001d9   Thumb Code     0  libinit2.o(.ARM.Collect$$libinit$$00000017)
    __rt_lib_init_lc_time_1                  0x000001d9   Thumb Code     0  libinit2.o(.ARM.Collect$$libinit$$00000019)
    __rt_lib_init_return                     0x000001d9   Thumb Code     0  libinit2.o(.ARM.Collect$$libinit$$00000033)
    __rt_lib_init_signal_1                   0x000001d9   Thumb Code     0  libinit2.o(.ARM.Collect$$libinit$$0000001D)
    __rt_lib_init_stdio_1                    0x000001d9   Thumb Code     0  libinit2.o(.ARM.Collect$$libinit$$00000025)
    __rt_lib_shutdown                        0x000001db   Thumb Code     0  libshutdown.o(.ARM.Collect$$libshutdown$$00000000)
    __rt_lib_shutdown_cpp_1                  0x000001dd   Thumb Code     0  libshutdown2.o(.ARM.Collect$$libshutdown$$00000002)
    __rt_lib_shutdown_fp_trap_1              0x000001dd   Thumb Code     0  libshutdown2.o(.ARM.Collect$$libshutdown$$00000007)
    __rt_lib_shutdown_heap_1                 0x000001dd   Thumb Code     0  libshutdown2.o(.ARM.Collect$$libshutdown$$0000000F)
    __rt_lib_shutdown_return                 0x000001dd   Thumb Code     0  libshutdown2.o(.ARM.Collect$$libshutdown$$00000010)
    __rt_lib_shutdown_signal_1               0x000001dd   Thumb Code     0  libshutdown2.o(.ARM.Collect$$libshutdown$$0000000A)
    __rt_lib_shutdown_stdio_1                0x000001dd   Thumb Code     0  libshutdown2.o(.ARM.Collect$$libshutdown$$00000004)
    __rt_lib_shutdown_user_alloc_1           0x000001dd   Thumb Code     0  libshutdown2.o(.ARM.Collect$$libshutdown$$0000000C)
    __rt_entry                               0x000001df   Thumb Code     0  __rtentry.o(.ARM.Collect$$rtentry$$00000000)
    __rt_entry_presh_1                       0x000001df   Thumb Code     0  __rtentry2.o(.ARM.Collect$$rtentry$$00000002)
    __rt_entry_sh                            0x000001df   Thumb Code     0  __rtentry4.o(.ARM.Collect$$rtentry$$00000004)
    __rt_entry_li                            0x000001e5   Thumb Code     0  __rtentry2.o(.ARM.Collect$$rtentry$$0000000A)
    __rt_entry_postsh_1                      0x000001e5   Thumb Code     0  __rtentry2.o(.ARM.Collect$$rtentry$$00000009)
    __rt_entry_main                          0x000001e9   Thumb Code     0  __rtentry2.o(.ARM.Collect$$rtentry$$0000000D)
    __rt_entry_postli_1                      0x000001e9   Thumb Code     0  __rtentry2.o(.ARM.Collect$$rtentry$$0000000C)
    __rt_exit                                0x000001f1   Thumb Code     0  rtexit.o(.ARM.Collect$$rtexit$$00000000)
    __rt_exit_ls                             0x000001f3   Thumb Code     0  rtexit2.o(.ARM.Collect$$rtexit$$00000003)
    __rt_exit_prels_1                        0x000001f3   Thumb Code     0  rtexit2.o(.ARM.Collect$$rtexit$$00000002)
    __rt_exit_exit                           0x000001f7   Thumb Code     0  rtexit2.o(.ARM.Collect$$rtexit$$00000004)
    Reset_Handler                            0x000001fd   Thumb Code     8  startup_msp432p401x_keil.o(.text)
    NMI_Handler                              0x00000205   Thumb Code     2  startup_msp432p401x_keil.o(.text)
    HardFault_Handler                        0x00000207   Thumb Code     2  startup_msp432p401x_keil.o(.text)
    MemManage_Handler                        0x00000209   Thumb Code     2  startup_msp432p401x_keil.o(.text)
    BusFault_Handler                         0x0000020b   Thumb Code     2  startup_msp432p401x_keil.o(.text)
    UsageFault_Handler                       0x0000020d   Thumb Code     2  startup_msp432p401x_keil.o(.text)
    SVC_Handler                              0x0000020f   Thumb Code     2  startup_msp432p401x_keil.o(.text)
    DebugMon_Handler                         0x00000211   Thumb Code     2  startup_msp432p401x_keil.o(.text)
    PendSV_Handler                           0x00000213   Thumb Code     2  startup_msp432p401x_keil.o(.text)
    AES256_IRQHandler                        0x00000217   Thumb Code     0  startup_msp432p401x_keil.o(.text)
    COMP_E0_IRQHandler                       0x00000217   Thumb Code     0  startup_msp432p401x_keil.o(.text)
    COMP_E1_IRQHandler                       0x00000217   Thumb Code     0  startup_msp432p401x_keil.o(.text)
    CS_IRQHandler                            0x00000217   Thumb Code     0  startup_msp432p401x_keil.o(.text)
    DMA_ERR_IRQHandler                       0x00000217   Thumb Code     0  startup_msp432p401x_keil.o(.text)
    DMA_INT0_IRQHandler                      0x00000217   Thumb Code     0  startup_msp432p401x_keil.o(.text)
    DMA_INT1_IRQHandler                      0x00000217   Thumb Code     0  startup_msp432p401x_keil.o(.text)
    DMA_INT2_IRQHandler                      0x00000217   Thumb Code     0  startup_msp432p401x_keil.o(.text)
    DMA_INT3_IRQHandler                      0x00000217   Thumb Code     0  startup_msp432p401x_keil.o(.text)
    EUSCIB0_IRQHandler                       0x00000217   Thumb Code     0  startup_msp432p401x_keil.o(.text)
    EUSCIB1_IRQHandler                       0x00000217   Thumb Code     0  startup_msp432p401x_keil.o(.text)
    EUSCIB2_IRQHandler                       0x00000217   Thumb Code     0  startup_msp432p401x_keil.o(.text)
    EUSCIB3_IRQHandler                       0x00000217   Thumb Code     0  startup_msp432p401x_keil.o(.text)
    FLCTL_IRQHandler                         0x00000217   Thumb Code     0  startup_msp432p401x_keil.o(.text)
    FPU_IRQHandler                           0x00000217   Thumb Code     0  startup_msp432p401x_keil.o(.text)
    PCM_IRQHandler                           0x00000217   Thumb Code     0  startup_msp432p401x_keil.o(.text)
    PSS_IRQHandler                           0x00000217   Thumb Code     0  startup_msp432p401x_keil.o(.text)
    RTC_C_IRQHandler                         0x00000217   Thumb Code     0  startup_msp432p401x_keil.o(.text)
    T32_INT1_IRQHandler                      0x00000217   Thumb Code     0  startup_msp432p401x_keil.o(.text)
    T32_INT2_IRQHandler                      0x00000217   Thumb Code     0  startup_msp432p401x_keil.o(.text)
    T32_INTC_IRQHandler                      0x00000217   Thumb Code     0  startup_msp432p401x_keil.o(.text)
    WDT_A_IRQHandler                         0x00000217   Thumb Code     0  startup_msp432p401x_keil.o(.text)
    __user_initial_stackheap                 0x00000219   Thumb Code    10  startup_msp432p401x_keil.o(.text)
    __2sprintf                               0x00000239   Thumb Code    34  noretval__2sprintf.o(.text)
    __printf                                 0x00000261   Thumb Code   308  __printf_flags_wp.o(.text)
    __use_two_region_memory                  0x00000399   Thumb Code     2  heapauxi.o(.text)
    __rt_heap_escrow$2region                 0x0000039b   Thumb Code     2  heapauxi.o(.text)
    __rt_heap_expand$2region                 0x0000039d   Thumb Code     2  heapauxi.o(.text)
    __read_errno                             0x0000039f   Thumb Code    10  _rserrno.o(.text)
    __set_errno                              0x000003a9   Thumb Code    12  _rserrno.o(.text)
    __lib_sel_fp_printf                      0x000003b5   Thumb Code     2  _printf_fp_dec.o(.text)
    _printf_fp_dec_real                      0x00000567   Thumb Code   620  _printf_fp_dec.o(.text)
    _printf_char_common                      0x000007df   Thumb Code    32  _printf_char_common.o(.text)
    _sputc                                   0x00000805   Thumb Code    10  _sputc.o(.text)
    __rt_locale                              0x00000811   Thumb Code     8  rt_locale_intlibspace.o(.text)
    __aeabi_errno_addr                       0x00000819   Thumb Code     8  rt_errno_addr_intlibspace.o(.text)
    __errno$intlibspace                      0x00000819   Thumb Code     0  rt_errno_addr_intlibspace.o(.text)
    __rt_errno_addr$intlibspace              0x00000819   Thumb Code     0  rt_errno_addr_intlibspace.o(.text)
    _ll_udiv10                               0x00000821   Thumb Code   138  lludiv10.o(.text)
    _printf_fp_infnan                        0x000008ad   Thumb Code   112  _printf_fp_infnan.o(.text)
    _btod_etento                             0x0000092d   Thumb Code   224  bigflt0.o(.text)
    __user_libspace                          0x00000a11   Thumb Code     8  libspace.o(.text)
    __user_perproc_libspace                  0x00000a11   Thumb Code     0  libspace.o(.text)
    __user_perthread_libspace                0x00000a11   Thumb Code     0  libspace.o(.text)
    __user_setup_stackheap                   0x00000a19   Thumb Code    74  sys_stackheap_outer.o(.text)
    exit                                     0x00000a63   Thumb Code    18  exit.o(.text)
    strcmp                                   0x00000a75   Thumb Code   128  strcmpv7m.o(.text)
    _sys_exit                                0x00000af5   Thumb Code     8  sys_exit.o(.text)
    __I$use$semihosting                      0x00000b01   Thumb Code     0  use_no_semi.o(.text)
    __use_no_semihosting_swi                 0x00000b01   Thumb Code     2  use_no_semi.o(.text)
    __semihosting_library_function           0x00000b03   Thumb Code     0  indicate_semi.o(.text)
    _btod_d2e                                0x00000b03   Thumb Code    62  btod.o(CL$$btod_d2e)
    _d2e_denorm_low                          0x00000b41   Thumb Code    70  btod.o(CL$$btod_d2e_denorm_low)
    _d2e_norm_op1                            0x00000b87   Thumb Code    96  btod.o(CL$$btod_d2e_norm_op1)
    __btod_div_common                        0x00000be7   Thumb Code   696  btod.o(CL$$btod_div_common)
    _e2e                                     0x00000f1f   Thumb Code   220  btod.o(CL$$btod_e2e)
    _btod_ediv                               0x00000ffb   Thumb Code    42  btod.o(CL$$btod_ediv)
    _btod_emul                               0x00001025   Thumb Code    42  btod.o(CL$$btod_emul)
    __btod_mult_common                       0x0000104f   Thumb Code   580  btod.o(CL$$btod_mult_common)
    ADC14_IRQHandler                         0x00001295   Thumb Code    58  exinadc.o(i.ADC14_IRQHandler)
    ADC14_repeatmod_rec                      0x000012d9   Thumb Code    24  exinadc.o(i.ADC14_repeatmod_rec)
    CS_locked                                0x000012f5   Thumb Code     8  exinsystem.o(i.CS_locked)
    CS_unlocked                              0x00001301   Thumb Code    10  exinsystem.o(i.CS_unlocked)
    Check_ACK                                0x00001311   Thumb Code    92  exiniic.o(i.Check_ACK)
    DCO_set                                  0x0000136d   Thumb Code    92  exinsystem.o(i.DCO_set)
    EUSCIA0_IRQHandler                       0x000013cd   Thumb Code     6  exinuart.o(i.EUSCIA0_IRQHandler)
    EUSCIA1_IRQHandler                       0x000013d9   Thumb Code     6  exinuart.o(i.EUSCIA1_IRQHandler)
    EUSCIA2_IRQHandler                       0x000013e5   Thumb Code     6  exinuart.o(i.EUSCIA2_IRQHandler)
    EUSCIA3_IRQHandler                       0x000013f1   Thumb Code     6  exinuart.o(i.EUSCIA3_IRQHandler)
    IIC_ACK                                  0x000013fd   Thumb Code    68  exiniic.o(i.IIC_ACK)
    IIC_NACK                                 0x00001441   Thumb Code    68  exiniic.o(i.IIC_NACK)
    IIC_Read_Byte                            0x00001485   Thumb Code    92  exiniic.o(i.IIC_Read_Byte)
    IIC_Send_Byte                            0x000014e1   Thumb Code   112  exiniic.o(i.IIC_Send_Byte)
    IIC_init                                 0x00001551   Thumb Code    48  exiniic.o(i.IIC_init)
    IIC_reset                                0x00001581   Thumb Code    96  exiniic.o(i.IIC_reset)
    IIC_start                                0x000015e1   Thumb Code    68  exiniic.o(i.IIC_start)
    IIC_stop                                 0x00001625   Thumb Code    74  exiniic.o(i.IIC_stop)
    Interrupt_setPriority                    0x00001671   Thumb Code    12  config.o(i.Interrupt_setPriority)
    MCLK_set                                 0x00001681   Thumb Code   260  exinsystem.o(i.MCLK_set)
    MPU6050_uart_send                        0x00001789   Thumb Code   108  main.o(i.MPU6050_uart_send)
    MPU6050_write_Byte                       0x00001829   Thumb Code    78  exinmpu6050.o(i.MPU6050_write_Byte)
    MPU_Get_Acc                              0x00001879   Thumb Code    82  exinmpu6050.o(i.MPU_Get_Acc)
    MPU_Get_Angel                            0x000018d1   Thumb Code   596  exinmpu6050.o(i.MPU_Get_Angel)
    MPU_Get_Gyro                             0x00001b39   Thumb Code    82  exinmpu6050.o(i.MPU_Get_Gyro)
    MPU_Low_fillter_Get_Angle                0x00001b91   Thumb Code   422  main.o(i.MPU_Low_fillter_Get_Angle)
    MPU_Read_Len                             0x00001d69   Thumb Code   116  exinmpu6050.o(i.MPU_Read_Len)
    MPU_init                                 0x00001ddd   Thumb Code   154  exinmpu6050.o(i.MPU_init)
    OLED_Clear                               0x00001e7d   Thumb Code    64  oled.o(i.OLED_Clear)
    OLED_Init                                0x00001ebd   Thumb Code   324  oled.o(i.OLED_Init)
    OLED_Set_Pos                             0x00002001   Thumb Code    42  oled.o(i.OLED_Set_Pos)
    OLED_WR_Byte                             0x0000202b   Thumb Code   108  oled.o(i.OLED_WR_Byte)
    PORT1_IRQHandler                         0x00002099   Thumb Code   112  exinisr.o(i.PORT1_IRQHandler)
    PORT2_IRQHandler                         0x0000210d   Thumb Code   158  exinisr.o(i.PORT2_IRQHandler)
    PORT3_IRQHandler                         0x000021b5   Thumb Code   130  exinisr.o(i.PORT3_IRQHandler)
    PORT4_IRQHandler                         0x00002249   Thumb Code   170  exinisr.o(i.PORT4_IRQHandler)
    PORT5_IRQHandler                         0x00002309   Thumb Code   154  exinisr.o(i.PORT5_IRQHandler)
    PORT6_IRQHandler                         0x000023ad   Thumb Code   168  exinisr.o(i.PORT6_IRQHandler)
    SMCLK_set                                0x0000245d   Thumb Code   260  exinsystem.o(i.SMCLK_set)
    SysTick_Handler                          0x00002569   Thumb Code    12  exinsystem.o(i.SysTick_Handler)
    SystemInit                               0x00002579   Thumb Code    86  system_msp432p401x.o(i.SystemInit)
    TA0_0_IRQHandler                         0x000025e9   Thumb Code    18  exinisr.o(i.TA0_0_IRQHandler)
    TA0_N_IRQHandler                         0x000025fb   Thumb Code     2  exinisr.o(i.TA0_N_IRQHandler)
    TA1_0_IRQHandler                         0x000025fd   Thumb Code    48  exinisr.o(i.TA1_0_IRQHandler)
    TA1_N_IRQHandler                         0x00002635   Thumb Code     2  exinisr.o(i.TA1_N_IRQHandler)
    TA2_0_IRQHandler                         0x00002639   Thumb Code    14  exinisr.o(i.TA2_0_IRQHandler)
    TA2_N_IRQHandler                         0x0000264d   Thumb Code     2  exinisr.o(i.TA2_N_IRQHandler)
    TA3_0_IRQHandler                         0x00002651   Thumb Code    14  exinisr.o(i.TA3_0_IRQHandler)
    TA3_N_IRQHandler                         0x00002665   Thumb Code   290  exinisr.o(i.TA3_N_IRQHandler)
    TimerA_CCR0INT_init                      0x00002791   Thumb Code    66  exintimeraint.o(i.TimerA_CCR0INT_init)
    TimerA_CCRVAL_set                        0x000027d5   Thumb Code    54  exintimera.o(i.TimerA_CCRVAL_set)
    TimerA_CLK_set                           0x0000281d   Thumb Code   336  exintimera.o(i.TimerA_CLK_set)
    TimerA_MOD_sel                           0x00002979   Thumb Code   116  exintimera.o(i.TimerA_MOD_sel)
    TimerA_NVIC_IRQ_set                      0x000029f9   Thumb Code   170  exintimera.o(i.TimerA_NVIC_IRQ_set)
    TimerA_enable_CCRnIRQ                    0x00002aa9   Thumb Code   150  exintimera.o(i.TimerA_enable_CCRnIRQ)
    UART_BRS_val                             0x00002b51   Thumb Code   206  exinuart.o(i.UART_BRS_val)
    UART_Baunds_set                          0x00002c31   Thumb Code   426  exinuart.o(i.UART_Baunds_set)
    UART_CLK_sel                             0x00002dfd   Thumb Code   196  exinuart.o(i.UART_CLK_sel)
    UART_IRQRX_set                           0x00002ed1   Thumb Code    78  exinuart.o(i.UART_IRQRX_set)
    UART_IRQ_set                             0x00002f31   Thumb Code   142  exinuart.o(i.UART_IRQ_set)
    UART_PIN_sel                             0x00002fd5   Thumb Code    90  exinuart.o(i.UART_PIN_sel)
    UART_USIC_init                           0x00003035   Thumb Code    78  exinuart.o(i.UART_USIC_init)
    UART_init                                0x00003095   Thumb Code    88  exinuart.o(i.UART_init)
    UART_send_Byte                           0x000030f5   Thumb Code   108  exinuart.o(i.UART_send_Byte)
    UART_send_string                         0x00003171   Thumb Code    28  exinuart.o(i.UART_send_string)
    __ARM_fpclassify                         0x0000318d   Thumb Code    48  fpclassify.o(i.__ARM_fpclassify)
    __hardfp_atan                            0x000031c1   Thumb Code   622  atan.o(i.__hardfp_atan)
    __hardfp_sqrt                            0x00003499   Thumb Code   122  sqrt.o(i.__hardfp_sqrt)
    __kernel_poly                            0x00003513   Thumb Code   248  poly.o(i.__kernel_poly)
    __mathlib_dbl_infnan                     0x0000360b   Thumb Code    20  dunder.o(i.__mathlib_dbl_infnan)
    __mathlib_dbl_underflow                  0x00003621   Thumb Code    24  dunder.o(i.__mathlib_dbl_underflow)
    _is_digit                                0x00003641   Thumb Code    14  __printf_wp.o(i._is_digit)
    error                                    0x00003651   Thumb Code    38  exinsystem.o(i.error)
    error_LED_toggle                         0x0000367d   Thumb Code    18  exinmpu6050.o(i.error_LED_toggle)
    fabs                                     0x0000368f   Thumb Code    24  fabs.o(i.fabs)
    gpio_disable_Ren                         0x000036a9   Thumb Code   182  exingpio.o(i.gpio_disable_Ren)
    gpio_enable_Ren                          0x00003765   Thumb Code   182  exingpio.o(i.gpio_enable_Ren)
    gpio_get                                 0x00003821   Thumb Code   158  exingpio.o(i.gpio_get)
    gpio_init                                0x000038c5   Thumb Code    96  exingpio.o(i.gpio_init)
    gpio_set                                 0x00003925   Thumb Code    30  exingpio.o(i.gpio_set)
    gpio_set_Asin                            0x00003945   Thumb Code   182  exingpio.o(i.gpio_set_Asin)
    gpio_set_Asout                           0x00003a01   Thumb Code   182  exingpio.o(i.gpio_set_Asout)
    gpio_set_High                            0x00003abd   Thumb Code   182  exingpio.o(i.gpio_set_High)
    gpio_set_Low                             0x00003b79   Thumb Code   182  exingpio.o(i.gpio_set_Low)
    gpio_toggle                              0x00003c35   Thumb Code   182  exingpio.o(i.gpio_toggle)
    key_init                                 0x00003cf1   Thumb Code    84  exinkey.o(i.key_init)
    main                                     0x00003d45   Thumb Code    70  main.o(i.main)
    period_cvert                             0x00003d8d   Thumb Code   226  exintimeraint.o(i.period_cvert)
    set_DCO_48MH                             0x00003e81   Thumb Code   156  exinsystem.o(i.set_DCO_48MH)
    set_clock_period                         0x00003f2d   Thumb Code    12  exinsystem.o(i.set_clock_period)
    system_init                              0x00003f39   Thumb Code    26  exinsystem.o(i.system_init)
    systic_clr                               0x00003f59   Thumb Code    16  exinsystem.o(i.systic_clr)
    systic_delayms                           0x00003f6d   Thumb Code    18  exinsystem.o(i.systic_delayms)
    systic_delayus                           0x00003f7f   Thumb Code    30  exinsystem.o(i.systic_delayus)
    systic_end                               0x00003f9d   Thumb Code    22  exinsystem.o(i.systic_end)
    systic_init                              0x00003fb5   Thumb Code    36  exinsystem.o(i.systic_init)
    systic_read                              0x00003fdd   Thumb Code   120  exinsystem.o(i.systic_read)
    systic_start                             0x00004065   Thumb Code    22  exinsystem.o(i.systic_start)
    _get_lc_numeric                          0x0000407d   Thumb Code    44  lc_numeric_c.o(locale$$code)
    __aeabi_dneg                             0x000040a9   Thumb Code     0  basic.o(x$fpl$basic)
    _dneg                                    0x000040a9   Thumb Code     6  basic.o(x$fpl$basic)
    __aeabi_fneg                             0x000040af   Thumb Code     0  basic.o(x$fpl$basic)
    _fneg                                    0x000040af   Thumb Code     6  basic.o(x$fpl$basic)
    _dabs                                    0x000040b5   Thumb Code     6  basic.o(x$fpl$basic)
    _fabs                                    0x000040bb   Thumb Code     6  basic.o(x$fpl$basic)
    __aeabi_d2f                              0x000040c1   Thumb Code     0  d2f.o(x$fpl$d2f)
    _d2f                                     0x000040c1   Thumb Code    98  d2f.o(x$fpl$d2f)
    __aeabi_dadd                             0x00004125   Thumb Code     0  daddsub_clz.o(x$fpl$dadd)
    _dadd                                    0x00004125   Thumb Code   332  daddsub_clz.o(x$fpl$dadd)
    __aeabi_ddiv                             0x00004275   Thumb Code     0  ddiv.o(x$fpl$ddiv)
    _ddiv                                    0x00004275   Thumb Code   552  ddiv.o(x$fpl$ddiv)
    __aeabi_d2iz                             0x00004525   Thumb Code     0  dfix.o(x$fpl$dfix)
    _dfix                                    0x00004525   Thumb Code    94  dfix.o(x$fpl$dfix)
    __aeabi_i2d                              0x00004583   Thumb Code     0  dflt_clz.o(x$fpl$dflt)
    _dflt                                    0x00004583   Thumb Code    46  dflt_clz.o(x$fpl$dflt)
    __aeabi_ui2d                             0x000045b1   Thumb Code     0  dflt_clz.o(x$fpl$dfltu)
    _dfltu                                   0x000045b1   Thumb Code    38  dflt_clz.o(x$fpl$dfltu)
    __aeabi_dmul                             0x000045d9   Thumb Code     0  dmul.o(x$fpl$dmul)
    _dmul                                    0x000045d9   Thumb Code   332  dmul.o(x$fpl$dmul)
    __fpl_dnaninf                            0x0000472d   Thumb Code   156  dnaninf.o(x$fpl$dnaninf)
    __fpl_dretinf                            0x000047c9   Thumb Code    12  dretinf.o(x$fpl$dretinf)
    __aeabi_drsub                            0x000047d5   Thumb Code     0  daddsub_clz.o(x$fpl$drsb)
    _drsb                                    0x000047d5   Thumb Code    22  daddsub_clz.o(x$fpl$drsb)
    _dsqrt                                   0x000047ed   Thumb Code   404  dsqrt_umaal.o(x$fpl$dsqrt)
    __aeabi_dsub                             0x00004985   Thumb Code     0  daddsub_clz.o(x$fpl$dsub)
    _dsub                                    0x00004985   Thumb Code   464  daddsub_clz.o(x$fpl$dsub)
    __aeabi_f2d                              0x00004b59   Thumb Code     0  f2d.o(x$fpl$f2d)
    _f2d                                     0x00004b59   Thumb Code    86  f2d.o(x$fpl$f2d)
    __fpl_fnaninf                            0x00004baf   Thumb Code   140  fnaninf.o(x$fpl$fnaninf)
    _fp_init                                 0x00004c3b   Thumb Code    10  fpinit.o(x$fpl$fpinit)
    __fplib_config_fpu_vfp                   0x00004c43   Thumb Code     0  fpinit.o(x$fpl$fpinit)
    __fplib_config_pureend_doubles           0x00004c43   Thumb Code     0  fpinit.o(x$fpl$fpinit)
    __fpl_fretinf                            0x00004c45   Thumb Code    10  fretinf.o(x$fpl$fretinf)
    _printf_fp_dec                           0x00004c4f   Thumb Code     4  printf1.o(x$fpl$printf1)
    MPU_reg                                  0x00004c52   Data          50  exinmpu6050.o(.constdata)
    __I$use$fp                               0x00004c52   Number         0  usenofp.o(x$fpl$usenofp)
    FP_N                                     0x00004c84   Data         160  exinuart.o(.constdata)
    BRS                                      0x00004d24   Data          40  exinuart.o(.constdata)
    Region$$Table$$Base                      0x00004e8c   Number         0  anon$$obj.o(Region$$Table)
    Region$$Table$$Limit                     0x00004eac   Number         0  anon$$obj.o(Region$$Table)
    dirf                                     0x20000000   Data           1  exinadjust.o(.data)
    page_count                               0x20000004   Data           4  exinadjust.o(.data)
    start_flag                               0x20000008   Data           4  exinadjust.o(.data)
    count                                    0x2000000c   Data           4  exinadjust.o(.data)
    testA                                    0x20000010   Data           4  exinadjust.o(.data)
    testB                                    0x20000014   Data           4  exinadjust.o(.data)
    IRQ3_5flag                               0x20000018   Data           1  exinadjust.o(.data)
    IRQ4_6flag                               0x20000019   Data           1  exinadjust.o(.data)
    A_flag                                   0x2000001a   Data           1  exinadjust.o(.data)
    B_flag                                   0x2000001b   Data           1  exinadjust.o(.data)
    timerAcapturePointer                     0x2000001c   Data           2  exinencoder.o(.data)
    encoder_A                                0x20000020   Data           8  exinencoder.o(.data)
    encoder_B                                0x20000028   Data           8  exinencoder.o(.data)
    encoder_C                                0x20000030   Data           8  exinencoder.o(.data)
    encoder_D                                0x20000038   Data           8  exinencoder.o(.data)
    time_counter                             0x20000040   Data           4  exinencoder.o(.data)
    send_time                                0x20000044   Data           1  exinisr.o(.data)
    sysc                                     0x20000048   Data           4  exinsystem.o(.data)
    systim                                   0x2000004c   Data           4  exinsystem.o(.data)
    EN                                       0x20000050   Data           1  exinsystem.o(.data)
    UART3_RXDat                              0x20000058   Data           1  exinuart.o(.data)
    UART2_RXDat                              0x20000059   Data           1  exinuart.o(.data)
    UART0_RXDat                              0x2000005a   Data           1  exinuart.o(.data)
    BRCLK                                    0x2000005c   Data           4  exinuart.o(.data)
    MPU_ID                                   0x20000060   Data           2  main.o(.data)
    temp                                     0x20000062   Data           2  main.o(.data)
    gx                                       0x20000064   Data           2  main.o(.data)
    gy                                       0x20000066   Data           2  main.o(.data)
    gz                                       0x20000068   Data           2  main.o(.data)
    ax                                       0x2000006a   Data           2  main.o(.data)
    ay                                       0x2000006c   Data           2  main.o(.data)
    az                                       0x2000006e   Data           2  main.o(.data)
    roll                                     0x20000070   Data           4  main.o(.data)
    yaw                                      0x20000074   Data           4  main.o(.data)
    pitch                                    0x20000078   Data           4  main.o(.data)
    yaw_mid                                  0x2000007c   Data           4  main.o(.data)
    Page                                     0x20000080   Data           1  main.o(.data)
    ADC14_STRUCT                             0x20000084   Data          48  exinadc.o(.bss)
    CCRn_period_val                          0x200000b4   Data          56  exintimeraint.o(.bss)
    txt                                      0x200000ec   Data          80  main.o(.bss)
    __libspace_start                         0x2000013c   Data          96  libspace.o(.bss)
    __temporary_stack_top$libspace           0x2000019c   Data           0  libspace.o(.bss)



==============================================================================

Memory Map of the image

  Image Entry point : 0x00000145

  Load Region LR_IROM1 (Base: 0x00000000, Size: 0x00004f4c, Max: 0x00040000, ABSOLUTE)

    Execution Region ER_IROM1 (Exec base: 0x00000000, Load base: 0x00000000, Size: 0x00004ec8, Max: 0x00040000, ABSOLUTE)

    Exec Addr    Load Addr    Size         Type   Attr      Idx    E Section Name        Object

    0x00000000   0x00000000   0x00000144   Data   RO         2106    RESET               startup_msp432p401x_keil.o
    0x00000144   0x00000144   0x00000008   Code   RO         2228  * !!!main             c_w.l(__main.o)
    0x0000014c   0x0000014c   0x00000034   Code   RO         2541    !!!scatter          c_w.l(__scatter.o)
    0x00000180   0x00000180   0x0000001a   Code   RO         2543    !!handler_copy      c_w.l(__scatter_copy.o)
    0x0000019a   0x0000019a   0x00000002   PAD
    0x0000019c   0x0000019c   0x0000001c   Code   RO         2545    !!handler_zi        c_w.l(__scatter_zi.o)
    0x000001b8   0x000001b8   0x00000000   Code   RO         2223    .ARM.Collect$$_printf_percent$$00000000  c_w.l(_printf_percent.o)
    0x000001b8   0x000001b8   0x00000006   Code   RO         2222    .ARM.Collect$$_printf_percent$$00000003  c_w.l(_printf_f.o)
    0x000001be   0x000001be   0x00000004   Code   RO         2299    .ARM.Collect$$_printf_percent$$00000017  c_w.l(_printf_percent_end.o)
    0x000001c2   0x000001c2   0x00000002   Code   RO         2414    .ARM.Collect$$libinit$$00000000  c_w.l(libinit.o)
    0x000001c4   0x000001c4   0x00000004   Code   RO         2415    .ARM.Collect$$libinit$$00000001  c_w.l(libinit2.o)
    0x000001c8   0x000001c8   0x00000000   Code   RO         2418    .ARM.Collect$$libinit$$00000004  c_w.l(libinit2.o)
    0x000001c8   0x000001c8   0x00000000   Code   RO         2421    .ARM.Collect$$libinit$$0000000A  c_w.l(libinit2.o)
    0x000001c8   0x000001c8   0x00000000   Code   RO         2423    .ARM.Collect$$libinit$$0000000C  c_w.l(libinit2.o)
    0x000001c8   0x000001c8   0x00000000   Code   RO         2425    .ARM.Collect$$libinit$$0000000E  c_w.l(libinit2.o)
    0x000001c8   0x000001c8   0x00000006   Code   RO         2426    .ARM.Collect$$libinit$$0000000F  c_w.l(libinit2.o)
    0x000001ce   0x000001ce   0x00000000   Code   RO         2428    .ARM.Collect$$libinit$$00000011  c_w.l(libinit2.o)
    0x000001ce   0x000001ce   0x00000000   Code   RO         2430    .ARM.Collect$$libinit$$00000013  c_w.l(libinit2.o)
    0x000001ce   0x000001ce   0x00000000   Code   RO         2432    .ARM.Collect$$libinit$$00000015  c_w.l(libinit2.o)
    0x000001ce   0x000001ce   0x0000000a   Code   RO         2433    .ARM.Collect$$libinit$$00000016  c_w.l(libinit2.o)
    0x000001d8   0x000001d8   0x00000000   Code   RO         2434    .ARM.Collect$$libinit$$00000017  c_w.l(libinit2.o)
    0x000001d8   0x000001d8   0x00000000   Code   RO         2436    .ARM.Collect$$libinit$$00000019  c_w.l(libinit2.o)
    0x000001d8   0x000001d8   0x00000000   Code   RO         2438    .ARM.Collect$$libinit$$0000001B  c_w.l(libinit2.o)
    0x000001d8   0x000001d8   0x00000000   Code   RO         2440    .ARM.Collect$$libinit$$0000001D  c_w.l(libinit2.o)
    0x000001d8   0x000001d8   0x00000000   Code   RO         2442    .ARM.Collect$$libinit$$0000001F  c_w.l(libinit2.o)
    0x000001d8   0x000001d8   0x00000000   Code   RO         2444    .ARM.Collect$$libinit$$00000021  c_w.l(libinit2.o)
    0x000001d8   0x000001d8   0x00000000   Code   RO         2446    .ARM.Collect$$libinit$$00000023  c_w.l(libinit2.o)
    0x000001d8   0x000001d8   0x00000000   Code   RO         2448    .ARM.Collect$$libinit$$00000025  c_w.l(libinit2.o)
    0x000001d8   0x000001d8   0x00000000   Code   RO         2452    .ARM.Collect$$libinit$$0000002C  c_w.l(libinit2.o)
    0x000001d8   0x000001d8   0x00000000   Code   RO         2454    .ARM.Collect$$libinit$$0000002E  c_w.l(libinit2.o)
    0x000001d8   0x000001d8   0x00000000   Code   RO         2456    .ARM.Collect$$libinit$$00000030  c_w.l(libinit2.o)
    0x000001d8   0x000001d8   0x00000000   Code   RO         2458    .ARM.Collect$$libinit$$00000032  c_w.l(libinit2.o)
    0x000001d8   0x000001d8   0x00000002   Code   RO         2459    .ARM.Collect$$libinit$$00000033  c_w.l(libinit2.o)
    0x000001da   0x000001da   0x00000002   Code   RO         2489    .ARM.Collect$$libshutdown$$00000000  c_w.l(libshutdown.o)
    0x000001dc   0x000001dc   0x00000000   Code   RO         2500    .ARM.Collect$$libshutdown$$00000002  c_w.l(libshutdown2.o)
    0x000001dc   0x000001dc   0x00000000   Code   RO         2502    .ARM.Collect$$libshutdown$$00000004  c_w.l(libshutdown2.o)
    0x000001dc   0x000001dc   0x00000000   Code   RO         2505    .ARM.Collect$$libshutdown$$00000007  c_w.l(libshutdown2.o)
    0x000001dc   0x000001dc   0x00000000   Code   RO         2508    .ARM.Collect$$libshutdown$$0000000A  c_w.l(libshutdown2.o)
    0x000001dc   0x000001dc   0x00000000   Code   RO         2510    .ARM.Collect$$libshutdown$$0000000C  c_w.l(libshutdown2.o)
    0x000001dc   0x000001dc   0x00000000   Code   RO         2513    .ARM.Collect$$libshutdown$$0000000F  c_w.l(libshutdown2.o)
    0x000001dc   0x000001dc   0x00000002   Code   RO         2514    .ARM.Collect$$libshutdown$$00000010  c_w.l(libshutdown2.o)
    0x000001de   0x000001de   0x00000000   Code   RO         2288    .ARM.Collect$$rtentry$$00000000  c_w.l(__rtentry.o)
    0x000001de   0x000001de   0x00000000   Code   RO         2340    .ARM.Collect$$rtentry$$00000002  c_w.l(__rtentry2.o)
    0x000001de   0x000001de   0x00000006   Code   RO         2352    .ARM.Collect$$rtentry$$00000004  c_w.l(__rtentry4.o)
    0x000001e4   0x000001e4   0x00000000   Code   RO         2342    .ARM.Collect$$rtentry$$00000009  c_w.l(__rtentry2.o)
    0x000001e4   0x000001e4   0x00000004   Code   RO         2343    .ARM.Collect$$rtentry$$0000000A  c_w.l(__rtentry2.o)
    0x000001e8   0x000001e8   0x00000000   Code   RO         2345    .ARM.Collect$$rtentry$$0000000C  c_w.l(__rtentry2.o)
    0x000001e8   0x000001e8   0x00000008   Code   RO         2346    .ARM.Collect$$rtentry$$0000000D  c_w.l(__rtentry2.o)
    0x000001f0   0x000001f0   0x00000002   Code   RO         2460    .ARM.Collect$$rtexit$$00000000  c_w.l(rtexit.o)
    0x000001f2   0x000001f2   0x00000000   Code   RO         2467    .ARM.Collect$$rtexit$$00000002  c_w.l(rtexit2.o)
    0x000001f2   0x000001f2   0x00000004   Code   RO         2468    .ARM.Collect$$rtexit$$00000003  c_w.l(rtexit2.o)
    0x000001f6   0x000001f6   0x00000006   Code   RO         2469    .ARM.Collect$$rtexit$$00000004  c_w.l(rtexit2.o)
    0x000001fc   0x000001fc   0x0000003c   Code   RO         2107    .text               startup_msp432p401x_keil.o
    0x00000238   0x00000238   0x00000028   Code   RO         2195    .text               c_w.l(noretval__2sprintf.o)
    0x00000260   0x00000260   0x00000138   Code   RO         2213    .text               c_w.l(__printf_flags_wp.o)
    0x00000398   0x00000398   0x00000006   Code   RO         2226    .text               c_w.l(heapauxi.o)
    0x0000039e   0x0000039e   0x00000016   Code   RO         2289    .text               c_w.l(_rserrno.o)
    0x000003b4   0x000003b4   0x0000041e   Code   RO         2293    .text               c_w.l(_printf_fp_dec.o)
    0x000007d2   0x000007d2   0x00000002   PAD
    0x000007d4   0x000007d4   0x00000030   Code   RO         2295    .text               c_w.l(_printf_char_common.o)
    0x00000804   0x00000804   0x0000000a   Code   RO         2297    .text               c_w.l(_sputc.o)
    0x0000080e   0x0000080e   0x00000002   PAD
    0x00000810   0x00000810   0x00000008   Code   RO         2357    .text               c_w.l(rt_locale_intlibspace.o)
    0x00000818   0x00000818   0x00000008   Code   RO         2362    .text               c_w.l(rt_errno_addr_intlibspace.o)
    0x00000820   0x00000820   0x0000008a   Code   RO         2364    .text               c_w.l(lludiv10.o)
    0x000008aa   0x000008aa   0x00000002   PAD
    0x000008ac   0x000008ac   0x00000080   Code   RO         2366    .text               c_w.l(_printf_fp_infnan.o)
    0x0000092c   0x0000092c   0x000000e4   Code   RO         2370    .text               c_w.l(bigflt0.o)
    0x00000a10   0x00000a10   0x00000008   Code   RO         2400    .text               c_w.l(libspace.o)
    0x00000a18   0x00000a18   0x0000004a   Code   RO         2403    .text               c_w.l(sys_stackheap_outer.o)
    0x00000a62   0x00000a62   0x00000012   Code   RO         2405    .text               c_w.l(exit.o)
    0x00000a74   0x00000a74   0x00000080   Code   RO         2407    .text               c_w.l(strcmpv7m.o)
    0x00000af4   0x00000af4   0x0000000c   Code   RO         2479    .text               c_w.l(sys_exit.o)
    0x00000b00   0x00000b00   0x00000002   Code   RO         2490    .text               c_w.l(use_no_semi.o)
    0x00000b02   0x00000b02   0x00000000   Code   RO         2492    .text               c_w.l(indicate_semi.o)
    0x00000b02   0x00000b02   0x0000003e   Code   RO         2373    CL$$btod_d2e        c_w.l(btod.o)
    0x00000b40   0x00000b40   0x00000046   Code   RO         2375    CL$$btod_d2e_denorm_low  c_w.l(btod.o)
    0x00000b86   0x00000b86   0x00000060   Code   RO         2374    CL$$btod_d2e_norm_op1  c_w.l(btod.o)
    0x00000be6   0x00000be6   0x00000338   Code   RO         2383    CL$$btod_div_common  c_w.l(btod.o)
    0x00000f1e   0x00000f1e   0x000000dc   Code   RO         2380    CL$$btod_e2e        c_w.l(btod.o)
    0x00000ffa   0x00000ffa   0x0000002a   Code   RO         2377    CL$$btod_ediv       c_w.l(btod.o)
    0x00001024   0x00001024   0x0000002a   Code   RO         2376    CL$$btod_emul       c_w.l(btod.o)
    0x0000104e   0x0000104e   0x00000244   Code   RO         2382    CL$$btod_mult_common  c_w.l(btod.o)
    0x00001292   0x00001292   0x00000002   PAD
    0x00001294   0x00001294   0x00000044   Code   RO          267    i.ADC14_IRQHandler  exinadc.o
    0x000012d8   0x000012d8   0x0000001c   Code   RO          277    i.ADC14_repeatmod_rec  exinadc.o
    0x000012f4   0x000012f4   0x0000000c   Code   RO         1475    i.CS_locked         exinsystem.o
    0x00001300   0x00001300   0x00000010   Code   RO         1476    i.CS_unlocked       exinsystem.o
    0x00001310   0x00001310   0x0000005c   Code   RO          988    i.Check_ACK         exiniic.o
    0x0000136c   0x0000136c   0x00000060   Code   RO         1477    i.DCO_set           exinsystem.o
    0x000013cc   0x000013cc   0x0000000c   Code   RO         1712    i.EUSCIA0_IRQHandler  exinuart.o
    0x000013d8   0x000013d8   0x0000000c   Code   RO         1713    i.EUSCIA1_IRQHandler  exinuart.o
    0x000013e4   0x000013e4   0x0000000c   Code   RO         1714    i.EUSCIA2_IRQHandler  exinuart.o
    0x000013f0   0x000013f0   0x0000000c   Code   RO         1715    i.EUSCIA3_IRQHandler  exinuart.o
    0x000013fc   0x000013fc   0x00000044   Code   RO          989    i.IIC_ACK           exiniic.o
    0x00001440   0x00001440   0x00000044   Code   RO          990    i.IIC_NACK          exiniic.o
    0x00001484   0x00001484   0x0000005c   Code   RO          991    i.IIC_Read_Byte     exiniic.o
    0x000014e0   0x000014e0   0x00000070   Code   RO          992    i.IIC_Send_Byte     exiniic.o
    0x00001550   0x00001550   0x00000030   Code   RO          993    i.IIC_init          exiniic.o
    0x00001580   0x00001580   0x00000060   Code   RO          994    i.IIC_reset         exiniic.o
    0x000015e0   0x000015e0   0x00000044   Code   RO          995    i.IIC_start         exiniic.o
    0x00001624   0x00001624   0x0000004a   Code   RO          996    i.IIC_stop          exiniic.o
    0x0000166e   0x0000166e   0x00000002   PAD
    0x00001670   0x00001670   0x00000010   Code   RO            4    i.Interrupt_setPriority  config.o
    0x00001680   0x00001680   0x00000108   Code   RO         1478    i.MCLK_set          exinsystem.o
    0x00001788   0x00001788   0x000000a0   Code   RO         2150    i.MPU6050_uart_send  main.o
    0x00001828   0x00001828   0x0000004e   Code   RO         1285    i.MPU6050_write_Byte  exinmpu6050.o
    0x00001876   0x00001876   0x00000002   PAD
    0x00001878   0x00001878   0x00000058   Code   RO         1286    i.MPU_Get_Acc       exinmpu6050.o
    0x000018d0   0x000018d0   0x00000268   Code   RO         1287    i.MPU_Get_Angel     exinmpu6050.o
    0x00001b38   0x00001b38   0x00000058   Code   RO         1288    i.MPU_Get_Gyro      exinmpu6050.o
    0x00001b90   0x00001b90   0x000001d8   Code   RO         2151    i.MPU_Low_fillter_Get_Angle  main.o
    0x00001d68   0x00001d68   0x00000074   Code   RO         1290    i.MPU_Read_Len      exinmpu6050.o
    0x00001ddc   0x00001ddc   0x000000a0   Code   RO         1292    i.MPU_init          exinmpu6050.o
    0x00001e7c   0x00001e7c   0x00000040   Code   RO         1889    i.OLED_Clear        oled.o
    0x00001ebc   0x00001ebc   0x00000144   Code   RO         1893    i.OLED_Init         oled.o
    0x00002000   0x00002000   0x0000002a   Code   RO         1895    i.OLED_Set_Pos      oled.o
    0x0000202a   0x0000202a   0x0000006c   Code   RO         1901    i.OLED_WR_Byte      oled.o
    0x00002096   0x00002096   0x00000002   PAD
    0x00002098   0x00002098   0x00000074   Code   RO         1070    i.PORT1_IRQHandler  exinisr.o
    0x0000210c   0x0000210c   0x000000a8   Code   RO         1071    i.PORT2_IRQHandler  exinisr.o
    0x000021b4   0x000021b4   0x00000094   Code   RO         1072    i.PORT3_IRQHandler  exinisr.o
    0x00002248   0x00002248   0x000000c0   Code   RO         1073    i.PORT4_IRQHandler  exinisr.o
    0x00002308   0x00002308   0x000000a4   Code   RO         1074    i.PORT5_IRQHandler  exinisr.o
    0x000023ac   0x000023ac   0x000000b0   Code   RO         1075    i.PORT6_IRQHandler  exinisr.o
    0x0000245c   0x0000245c   0x0000010c   Code   RO         1479    i.SMCLK_set         exinsystem.o
    0x00002568   0x00002568   0x00000010   Code   RO         1480    i.SysTick_Handler   exinsystem.o
    0x00002578   0x00002578   0x00000070   Code   RO         2115    i.SystemInit        system_msp432p401x.o
    0x000025e8   0x000025e8   0x00000012   Code   RO         1076    i.TA0_0_IRQHandler  exinisr.o
    0x000025fa   0x000025fa   0x00000002   Code   RO         1077    i.TA0_N_IRQHandler  exinisr.o
    0x000025fc   0x000025fc   0x00000038   Code   RO         1078    i.TA1_0_IRQHandler  exinisr.o
    0x00002634   0x00002634   0x00000002   Code   RO         1079    i.TA1_N_IRQHandler  exinisr.o
    0x00002636   0x00002636   0x00000002   PAD
    0x00002638   0x00002638   0x00000014   Code   RO         1080    i.TA2_0_IRQHandler  exinisr.o
    0x0000264c   0x0000264c   0x00000002   Code   RO         1081    i.TA2_N_IRQHandler  exinisr.o
    0x0000264e   0x0000264e   0x00000002   PAD
    0x00002650   0x00002650   0x00000014   Code   RO         1082    i.TA3_0_IRQHandler  exinisr.o
    0x00002664   0x00002664   0x0000012c   Code   RO         1083    i.TA3_N_IRQHandler  exinisr.o
    0x00002790   0x00002790   0x00000042   Code   RO         1666    i.TimerA_CCR0INT_init  exintimeraint.o
    0x000027d2   0x000027d2   0x00000002   PAD
    0x000027d4   0x000027d4   0x00000048   Code   RO         1603    i.TimerA_CCRVAL_set  exintimera.o
    0x0000281c   0x0000281c   0x0000015c   Code   RO         1604    i.TimerA_CLK_set    exintimera.o
    0x00002978   0x00002978   0x00000080   Code   RO         1605    i.TimerA_MOD_sel    exintimera.o
    0x000029f8   0x000029f8   0x000000b0   Code   RO         1606    i.TimerA_NVIC_IRQ_set  exintimera.o
    0x00002aa8   0x00002aa8   0x000000a8   Code   RO         1608    i.TimerA_enable_CCRnIRQ  exintimera.o
    0x00002b50   0x00002b50   0x000000e0   Code   RO         1716    i.UART_BRS_val      exinuart.o
    0x00002c30   0x00002c30   0x000001cc   Code   RO         1717    i.UART_Baunds_set   exinuart.o
    0x00002dfc   0x00002dfc   0x000000d4   Code   RO         1718    i.UART_CLK_sel      exinuart.o
    0x00002ed0   0x00002ed0   0x00000060   Code   RO         1719    i.UART_IRQRX_set    exinuart.o
    0x00002f30   0x00002f30   0x000000a4   Code   RO         1720    i.UART_IRQ_set      exinuart.o
    0x00002fd4   0x00002fd4   0x00000060   Code   RO         1721    i.UART_PIN_sel      exinuart.o
    0x00003034   0x00003034   0x00000060   Code   RO         1722    i.UART_USIC_init    exinuart.o
    0x00003094   0x00003094   0x00000060   Code   RO         1723    i.UART_init         exinuart.o
    0x000030f4   0x000030f4   0x0000007c   Code   RO         1725    i.UART_send_Byte    exinuart.o
    0x00003170   0x00003170   0x0000001c   Code   RO         1728    i.UART_send_string  exinuart.o
    0x0000318c   0x0000318c   0x00000030   Code   RO         2335    i.__ARM_fpclassify  m_wm.l(fpclassify.o)
    0x000031bc   0x000031bc   0x00000004   PAD
    0x000031c0   0x000031c0   0x000002d8   Code   RO         2262    i.__hardfp_atan     m_wm.l(atan.o)
    0x00003498   0x00003498   0x0000007a   Code   RO         2276    i.__hardfp_sqrt     m_wm.l(sqrt.o)
    0x00003512   0x00003512   0x000000f8   Code   RO         2337    i.__kernel_poly     m_wm.l(poly.o)
    0x0000360a   0x0000360a   0x00000014   Code   RO         2316    i.__mathlib_dbl_infnan  m_wm.l(dunder.o)
    0x0000361e   0x0000361e   0x00000002   PAD
    0x00003620   0x00003620   0x00000020   Code   RO         2321    i.__mathlib_dbl_underflow  m_wm.l(dunder.o)
    0x00003640   0x00003640   0x0000000e   Code   RO         2211    i._is_digit         c_w.l(__printf_wp.o)
    0x0000364e   0x0000364e   0x00000002   PAD
    0x00003650   0x00003650   0x0000002c   Code   RO         1481    i.error             exinsystem.o
    0x0000367c   0x0000367c   0x00000012   Code   RO         1294    i.error_LED_toggle  exinmpu6050.o
    0x0000368e   0x0000368e   0x00000018   Code   RO         2331    i.fabs              m_wm.l(fabs.o)
    0x000036a6   0x000036a6   0x00000002   PAD
    0x000036a8   0x000036a8   0x000000bc   Code   RO          843    i.gpio_disable_Ren  exingpio.o
    0x00003764   0x00003764   0x000000bc   Code   RO          846    i.gpio_enable_Ren   exingpio.o
    0x00003820   0x00003820   0x000000a4   Code   RO          847    i.gpio_get          exingpio.o
    0x000038c4   0x000038c4   0x00000060   Code   RO          848    i.gpio_init         exingpio.o
    0x00003924   0x00003924   0x0000001e   Code   RO          850    i.gpio_set          exingpio.o
    0x00003942   0x00003942   0x00000002   PAD
    0x00003944   0x00003944   0x000000bc   Code   RO          851    i.gpio_set_Asin     exingpio.o
    0x00003a00   0x00003a00   0x000000bc   Code   RO          852    i.gpio_set_Asout    exingpio.o
    0x00003abc   0x00003abc   0x000000bc   Code   RO          853    i.gpio_set_High     exingpio.o
    0x00003b78   0x00003b78   0x000000bc   Code   RO          854    i.gpio_set_Low      exingpio.o
    0x00003c34   0x00003c34   0x000000bc   Code   RO          855    i.gpio_toggle       exingpio.o
    0x00003cf0   0x00003cf0   0x00000054   Code   RO         1181    i.key_init          exinkey.o
    0x00003d44   0x00003d44   0x00000046   Code   RO         2152    i.main              main.o
    0x00003d8a   0x00003d8a   0x00000002   PAD
    0x00003d8c   0x00003d8c   0x000000f4   Code   RO         1668    i.period_cvert      exintimeraint.o
    0x00003e80   0x00003e80   0x000000ac   Code   RO         1482    i.set_DCO_48MH      exinsystem.o
    0x00003f2c   0x00003f2c   0x0000000c   Code   RO         1483    i.set_clock_period  exinsystem.o
    0x00003f38   0x00003f38   0x00000020   Code   RO         1484    i.system_init       exinsystem.o
    0x00003f58   0x00003f58   0x00000014   Code   RO         1485    i.systic_clr        exinsystem.o
    0x00003f6c   0x00003f6c   0x00000012   Code   RO         1486    i.systic_delayms    exinsystem.o
    0x00003f7e   0x00003f7e   0x0000001e   Code   RO         1487    i.systic_delayus    exinsystem.o
    0x00003f9c   0x00003f9c   0x00000016   Code   RO         1488    i.systic_end        exinsystem.o
    0x00003fb2   0x00003fb2   0x00000002   PAD
    0x00003fb4   0x00003fb4   0x00000028   Code   RO         1489    i.systic_init       exinsystem.o
    0x00003fdc   0x00003fdc   0x00000088   Code   RO         1490    i.systic_read       exinsystem.o
    0x00004064   0x00004064   0x00000016   Code   RO         1491    i.systic_start      exinsystem.o
    0x0000407a   0x0000407a   0x00000002   PAD
    0x0000407c   0x0000407c   0x0000002c   Code   RO         2396    locale$$code        c_w.l(lc_numeric_c.o)
    0x000040a8   0x000040a8   0x00000018   Code   RO         2300    x$fpl$basic         fz_wm.l(basic.o)
    0x000040c0   0x000040c0   0x00000062   Code   RO         2230    x$fpl$d2f           fz_wm.l(d2f.o)
    0x00004122   0x00004122   0x00000002   PAD
    0x00004124   0x00004124   0x00000150   Code   RO         2232    x$fpl$dadd          fz_wm.l(daddsub_clz.o)
    0x00004274   0x00004274   0x000002b0   Code   RO         2239    x$fpl$ddiv          fz_wm.l(ddiv.o)
    0x00004524   0x00004524   0x0000005e   Code   RO         2242    x$fpl$dfix          fz_wm.l(dfix.o)
    0x00004582   0x00004582   0x0000002e   Code   RO         2247    x$fpl$dflt          fz_wm.l(dflt_clz.o)
    0x000045b0   0x000045b0   0x00000026   Code   RO         2246    x$fpl$dfltu         fz_wm.l(dflt_clz.o)
    0x000045d6   0x000045d6   0x00000002   PAD
    0x000045d8   0x000045d8   0x00000154   Code   RO         2254    x$fpl$dmul          fz_wm.l(dmul.o)
    0x0000472c   0x0000472c   0x0000009c   Code   RO         2304    x$fpl$dnaninf       fz_wm.l(dnaninf.o)
    0x000047c8   0x000047c8   0x0000000c   Code   RO         2306    x$fpl$dretinf       fz_wm.l(dretinf.o)
    0x000047d4   0x000047d4   0x00000016   Code   RO         2233    x$fpl$drsb          fz_wm.l(daddsub_clz.o)
    0x000047ea   0x000047ea   0x00000002   PAD
    0x000047ec   0x000047ec   0x00000198   Code   RO         2308    x$fpl$dsqrt         fz_wm.l(dsqrt_umaal.o)
    0x00004984   0x00004984   0x000001d4   Code   RO         2234    x$fpl$dsub          fz_wm.l(daddsub_clz.o)
    0x00004b58   0x00004b58   0x00000056   Code   RO         2258    x$fpl$f2d           fz_wm.l(f2d.o)
    0x00004bae   0x00004bae   0x0000008c   Code   RO         2310    x$fpl$fnaninf       fz_wm.l(fnaninf.o)
    0x00004c3a   0x00004c3a   0x0000000a   Code   RO         2464    x$fpl$fpinit        fz_wm.l(fpinit.o)
    0x00004c44   0x00004c44   0x0000000a   Code   RO         2312    x$fpl$fretinf       fz_wm.l(fretinf.o)
    0x00004c4e   0x00004c4e   0x00000004   Code   RO         2260    x$fpl$printf1       fz_wm.l(printf1.o)
    0x00004c52   0x00004c52   0x00000000   Code   RO         2314    x$fpl$usenofp       fz_wm.l(usenofp.o)
    0x00004c52   0x00004c52   0x00000032   Data   RO         1295    .constdata          exinmpu6050.o
    0x00004c84   0x00004c84   0x000000c8   Data   RO         1729    .constdata          exinuart.o
    0x00004d4c   0x00004d4c   0x00000011   Data   RO         2214    .constdata          c_w.l(__printf_flags_wp.o)
    0x00004d5d   0x00004d5d   0x00000003   PAD
    0x00004d60   0x00004d60   0x00000098   Data   RO         2265    .constdata          m_wm.l(atan.o)
    0x00004df8   0x00004df8   0x00000094   Data   RO         2371    .constdata          c_w.l(bigflt0.o)
    0x00004e8c   0x00004e8c   0x00000020   Data   RO         2539    Region$$Table       anon$$obj.o
    0x00004eac   0x00004eac   0x0000001c   Data   RO         2395    locale$$data        c_w.l(lc_numeric_c.o)


    Execution Region RW_IRAM1 (Exec base: 0x20000000, Load base: 0x00004ec8, Size: 0x000003a0, Max: 0x00010000, ABSOLUTE)

    Exec Addr    Load Addr    Size         Type   Attr      Idx    E Section Name        Object

    0x20000000   0x00004ec8   0x0000001c   Data   RW          538    .data               exinadjust.o
    0x2000001c   0x00004ee4   0x00000028   Data   RW          768    .data               exinencoder.o
    0x20000044   0x00004f0c   0x00000001   Data   RW         1084    .data               exinisr.o
    0x20000045   0x00004f0d   0x00000003   PAD
    0x20000048   0x00004f10   0x00000010   Data   RW         1492    .data               exinsystem.o
    0x20000058   0x00004f20   0x00000008   Data   RW         1730    .data               exinuart.o
    0x20000060   0x00004f28   0x00000021   Data   RW         2154    .data               main.o
    0x20000081   0x00004f49   0x00000003   PAD
    0x20000084        -       0x00000030   Zero   RW          279    .bss                exinadc.o
    0x200000b4        -       0x00000038   Zero   RW         1669    .bss                exintimeraint.o
    0x200000ec        -       0x00000050   Zero   RW         2153    .bss                main.o
    0x2000013c        -       0x00000060   Zero   RW         2401    .bss                c_w.l(libspace.o)
    0x2000019c   0x00004f49   0x00000004   PAD
    0x200001a0        -       0x00000000   Zero   RW         2105    HEAP                startup_msp432p401x_keil.o
    0x200001a0        -       0x00000200   Zero   RW         2104    STACK               startup_msp432p401x_keil.o



  Load Region LR_IROM2 (Base: 0x00200000, Size: 0x00000000, Max: 0x00004000, ABSOLUTE)

    Execution Region ER_IROM2 (Exec base: 0x00200000, Load base: 0x00200000, Size: 0x00000000, Max: 0x00004000, ABSOLUTE)

    **** No section assigned to this execution region ****


==============================================================================

Image component sizes


      Code (inc. data)   RO Data    RW Data    ZI Data      Debug   Object Name

        16          4          0          0          0       5604   config.o
        96         14          0          0         48       6503   exinadc.o
         0          0          0         28          0        535   exinadjust.o
         0          0          0         40          0       1476   exinencoder.o
      1606        144          0          0          0       6793   exingpio.o
       718          0          0          0          0       5023   exiniic.o
      1384        102          0          1          0       7946   exinisr.o
        84          0          0          0          0        583   exinkey.o
      1164         38         50          0          0       6503   exinmpu6050.o
      1220        116          0         16          0      10077   exinsystem.o
       892         76          0          0          0       3604   exintimera.o
       310         18          0          0         56       2079   exintimeraint.o
      1644        180        200          8          0       9381   exinuart.o
       702        102          0         33         80       2727   main.o
       538          0          0          0          0       2471   oled.o
        60         22        324          0        512        904   startup_msp432p401x_keil.o
       112         26          0          0          0        517   system_msp432p401x.o

    ----------------------------------------------------------------------
     10566        842        606        132        696      72726   Object Totals
         0          0         32          0          0          0   (incl. Generated)
        20          0          0          6          0          0   (incl. Padding)

    ----------------------------------------------------------------------

      Code (inc. data)   RO Data    RW Data    ZI Data      Debug   Library Member Name

         8          0          0          0          0         68   __main.o
       312          4         17          0          0         92   __printf_flags_wp.o
        14          0          0          0          0         68   __printf_wp.o
         0          0          0          0          0          0   __rtentry.o
        12          0          0          0          0          0   __rtentry2.o
         6          0          0          0          0          0   __rtentry4.o
        52          8          0          0          0          0   __scatter.o
        26          0          0          0          0          0   __scatter_copy.o
        28          0          0          0          0          0   __scatter_zi.o
        48          6          0          0          0         96   _printf_char_common.o
         6          0          0          0          0          0   _printf_f.o
      1054          0          0          0          0        216   _printf_fp_dec.o
       128         16          0          0          0         84   _printf_fp_infnan.o
         0          0          0          0          0          0   _printf_percent.o
         4          0          0          0          0          0   _printf_percent_end.o
        22          0          0          0          0        100   _rserrno.o
        10          0          0          0          0         68   _sputc.o
       228          4        148          0          0         96   bigflt0.o
      1936        128          0          0          0        672   btod.o
        18          0          0          0          0         80   exit.o
         6          0          0          0          0        152   heapauxi.o
         0          0          0          0          0          0   indicate_semi.o
        44         10         28          0          0         76   lc_numeric_c.o
         2          0          0          0          0          0   libinit.o
        22          0          0          0          0          0   libinit2.o
         2          0          0          0          0          0   libshutdown.o
         2          0          0          0          0          0   libshutdown2.o
         8          4          0          0         96         68   libspace.o
       138          0          0          0          0         80   lludiv10.o
        40          6          0          0          0         84   noretval__2sprintf.o
         8          4          0          0          0         68   rt_errno_addr_intlibspace.o
         8          4          0          0          0         68   rt_locale_intlibspace.o
         2          0          0          0          0          0   rtexit.o
        10          0          0          0          0          0   rtexit2.o
       128          0          0          0          0         68   strcmpv7m.o
        12          4          0          0          0         68   sys_exit.o
        74          0          0          0          0         80   sys_stackheap_outer.o
         2          0          0          0          0         68   use_no_semi.o
        24          0          0          0          0        164   basic.o
        98          4          0          0          0        140   d2f.o
       826         16          0          0          0        492   daddsub_clz.o
       688        140          0          0          0        256   ddiv.o
        94          4          0          0          0        140   dfix.o
        84          0          0          0          0        232   dflt_clz.o
       340         12          0          0          0        152   dmul.o
       156          4          0          0          0        140   dnaninf.o
        12          0          0          0          0        116   dretinf.o
       408         56          0          0          0        168   dsqrt_umaal.o
        86          4          0          0          0        132   f2d.o
       140          4          0          0          0        132   fnaninf.o
        10          0          0          0          0        116   fpinit.o
        10          0          0          0          0        116   fretinf.o
         4          0          0          0          0        116   printf1.o
         0          0          0          0          0          0   usenofp.o
       728        106        152          0          0        228   atan.o
        52          8          0          0          0        248   dunder.o
        24          0          0          0          0        124   fabs.o
        48          0          0          0          0        124   fpclassify.o
       248          0          0          0          0        152   poly.o
       122          0          0          0          0        148   sqrt.o

    ----------------------------------------------------------------------
      8648        556        348          0        100       6156   Library Totals
        26          0          3          0          4          0   (incl. Padding)

    ----------------------------------------------------------------------

      Code (inc. data)   RO Data    RW Data    ZI Data      Debug   Library Name

      4420        198        193          0         96       2520   c_w.l
      2980        244          0          0          0       2612   fz_wm.l
      1222        114        152          0          0       1024   m_wm.l

    ----------------------------------------------------------------------
      8648        556        348          0        100       6156   Library Totals

    ----------------------------------------------------------------------

==============================================================================


      Code (inc. data)   RO Data    RW Data    ZI Data      Debug   

     19214       1398        954        132        796      66830   Grand Totals
     19214       1398        954        132        796      66830   ELF Image Totals
     19214       1398        954        132          0          0   ROM Totals

==============================================================================

    Total RO  Size (Code + RO Data)                20168 (  19.70kB)
    Total RW  Size (RW Data + ZI Data)               928 (   0.91kB)
    Total ROM Size (Code + RO Data + RW Data)      20300 (  19.82kB)

==============================================================================

