<html>
<body>
<pre>
<h1>礦ision Build Log</h1>
<h2>Tool Versions:</h2>
IDE-Version: μVision V5.28.0.0
Copyright (C) 2019 ARM Ltd and ARM Germany GmbH. All rights reserved.
License Information: sad 93793, 213, LIC=TA3CX-HXMIE-VJ86J-UG91K-H8EHL-NXFCK
 
Tool Versions:
Toolchain:       MDK-ARM Professional  Version: 5.28.0.0
Toolchain Path:  D:\keil5\keil\ARM\ARMCC\Bin
C Compiler:      Armcc.exe V5.06 update 6 (build 750)
Assembler:       Armasm.exe V5.06 update 6 (build 750)
Linker/Locator:  ArmLink.exe V5.06 update 6 (build 750)
Library Manager: ArmAr.exe V5.06 update 6 (build 750)
Hex Converter:   FromElf.exe V5.06 update 6 (build 750)
CPU DLL:         SARMCM3.DLL V5.28.0.0
Dialog DLL:      DCM.DLL V1.17.3.0
Target DLL:      CMSIS_AGDI.dll V1.31.18.0
Dialog DLL:      TCM.DLL V1.36.2.0
 
<h2>Project:</h2>
D:\MSP432相关资料\Exin_project_for_keil\18.Exin_MPU6050_1\Exin_MPU6050_1.uvprojx
Project File Date:  02/17/2022

<h2>Output:</h2>
*** Using Compiler 'V5.06 update 6 (build 750)', folder: 'D:\keil5\keil\ARM\ARMCC\Bin'
Build target 'Exin_MPU6050_1'
compiling main.c...
main.c(6): warning:  #9-D: nested comment is not allowed
  /*@@ 库仅供参考 后果自负
.\exinlibs\headfile.h(6): warning:  #9-D: nested comment is not allowed
  /*@@ 库仅供参考 后果自负
.\exinlibs\dat.h(6): warning:  #9-D: nested comment is not allowed
  /*@@ 库仅供参考 后果自负
.\exinlibs\exinsystem.h(6): warning:  #9-D: nested comment is not allowed
  /*@@ 库仅供参考 后果自负
.\exinlibs\exingpio.h(6): warning:  #9-D: nested comment is not allowed
  /*@@ 库仅供参考 后果自负
.\exinlibs\exinuart.h(6): warning:  #9-D: nested comment is not allowed
  /*@@ 库仅供参考 后果自负
.\exinlibs\exinTimerA.h(6): warning:  #9-D: nested comment is not allowed
  /*@@ 库仅供参考 后果自负
.\exinlibs\exinTimerAINT.h(6): warning:  #9-D: nested comment is not allowed
  /*@@ 库仅供参考 后果自负
.\exinlibs\exinencoder.h(6): warning:  #9-D: nested comment is not allowed
  /*@@ 库仅供参考 后果自负
.\exinlibs\exinadjust.h(6): warning:  #9-D: nested comment is not allowed
  /*@@ 库仅供参考 后果自负
.\exinlibs\exinkey.h(6): warning:  #9-D: nested comment is not allowed
  /*@@ 库仅供参考 后果自负
.\exinlibs\exinpwm.h(6): warning:  #9-D: nested comment is not allowed
  /*@@ 库仅供参考 后果自负
.\exinlibs\exinmotor.h(6): warning:  #9-D: nested comment is not allowed
  /*@@ 库仅供参考 后果自负
.\exinlibs\exinIIC.h(6): warning:  #9-D: nested comment is not allowed
  /*@@ 库仅供参考 后果自负
.\exinlibs\headfile.h(6): warning:  #9-D: nested comment is not allowed
  /*@@ 库仅供参考 后果自负
.\exinlibs\exinADC.h(6): warning:  #9-D: nested comment is not allowed
  /*@@ 库仅供参考 后果自负
.\exinlibs\exinADC0832.h(6): warning:  #9-D: nested comment is not allowed
  /*@@ 库仅供参考 后果自负
.\exinlibs\exineeprom.h(6): warning:  #9-D: nested comment is not allowed
  /*@@ 库仅供参考 后果自负
.\exinlibs\exinMPU6050.h(6): warning:  #9-D: nested comment is not allowed
  /*@@ 库仅供参考 后果自负
.\exinlibs\exinHC_SR04.h(6): warning:  #9-D: nested comment is not allowed
  /*@@ 库仅供参考 后果自负
.\exinlibs\exinsteer.h(6): warning:  #9-D: nested comment is not allowed
  /*@@ 库仅供参考 后果自负
main.c(80): warning:  #111-D: statement is unreachable
  		return 0 ;
main.c: 22 warnings, 0 errors
linking...
Program Size: Code=19214 RO-data=954 RW-data=132 ZI-data=796  
".\Objects\Exin_MPU6050_1.axf" - 0 Error(s), 22 Warning(s).

<h2>Software Packages used:</h2>

Package Vendor: TexasInstruments
                http://software-dl.ti.com/msp430/msp430_public_sw/mcu/msp430/msp432cmsis/latest/exports/TexasInstruments.MSP432P4xx_DFP.3.2.6.pack
                TexasInstruments.MSP432P4xx_DFP.3.2.6
                Device Family Pack for Texas Instruments SimpleLink(TM) MSP432 Series

<h2>Collection of Component include folders:</h2>
  .\RTE\_Exin_MPU6050_1
  C:\Users\93793\AppData\Local\Arm\Packs\TexasInstruments\MSP432P4xx_DFP\3.2.6\Device\Include

<h2>Collection of Component Files used:</h2>
Build Time Elapsed:  00:00:02
</pre>
</body>
</html>
