Component: ARM Compiler 5.06 update 6 (build 750) Tool: armlink [4d35ed]

==============================================================================

Section Cross References

    exinadc.o(i.ADC14_IRQFG_set) refers to exinadc.o(.bss) for ADC14_STRUCT
    exinadc.o(i.ADC14_IRQHandler) refers to exinadc.o(i.ADC14_repeatmod_rec) for ADC14_repeatmod_rec
    exinadc.o(i.ADC14_IRQHandler) refers to exinadc.o(.bss) for ADC14_STRUCT
    exinadc.o(i.ADC14_PREC_sel) refers to exinadc.o(i.ADC14_convert_disable) for ADC14_convert_disable
    exinadc.o(i.ADC14_PREC_sel) refers to exinadc.o(i.ADC14_convert_end) for ADC14_convert_end
    exinadc.o(i.ADC14_init) refers to exinadc.o(i.ADC14_CHA_sel) for ADC14_CHA_sel
    exinadc.o(i.ADC14_init) refers to exinadc.o(i.ADC14_CLK_sel) for ADC14_CLK_sel
    exinadc.o(i.ADC14_init) refers to exinadc.o(i.ADC14_PREC_sel) for ADC14_PREC_sel
    exinadc.o(i.ADC14_init) refers to exinadc.o(.bss) for ADC14_STRUCT
    exinadc.o(i.ADC14_read_data) refers to exinadc.o(i.ADC14_start) for ADC14_start
    exinadc.o(i.ADC14_read_data) refers to exinadc.o(.bss) for ADC14_STRUCT
    exinadc.o(i.ADC14_repeatmod_init) refers to exinadc.o(i.ADC14_CHAEND_set) for ADC14_CHAEND_set
    exinadc.o(i.ADC14_repeatmod_init) refers to exinadc.o(i.ADC14_CLK_sel) for ADC14_CLK_sel
    exinadc.o(i.ADC14_repeatmod_init) refers to exinadc.o(i.ADC14_PREC_sel) for ADC14_PREC_sel
    exinadc.o(i.ADC14_repeatmod_init) refers to exinadc.o(i.ADC14_MEM_set) for ADC14_MEM_set
    exinadc.o(i.ADC14_repeatmod_init) refers to exinadc.o(i.ADC14_IRQFG_set) for ADC14_IRQFG_set
    exinadc.o(i.ADC14_repeatmod_init) refers to exinadc.o(i.ADC14_convert_enable) for ADC14_convert_enable
    exinadc.o(i.ADC14_repeatmod_init) refers to exinadc.o(.bss) for ADC14_STRUCT
    exinadc.o(i.ADC14_start) refers to exinadc.o(i.ADC14_convert_disable) for ADC14_convert_disable
    exinadc.o(i.ADC14_start) refers to exinadc.o(i.ADC14_convert_end) for ADC14_convert_end
    exinadc.o(i.ADC14_start) refers to exinadc.o(i.ADC14_convert_enable) for ADC14_convert_enable
    exinadc.o(i.ADC14_start) refers to exinadc.o(i.ADC14_convert_start) for ADC14_convert_start
    exinadc0832.o(i.ADC0832_CHA_sel) refers to exinadc0832.o(i.ADC0832_write_DI) for ADC0832_write_DI
    exinadc0832.o(i.ADC0832_disable) refers to exingpio.o(i.gpio_set) for gpio_set
    exinadc0832.o(i.ADC0832_enable) refers to exingpio.o(i.gpio_set) for gpio_set
    exinadc0832.o(i.ADC0832_init) refers to exingpio.o(i.gpio_init) for gpio_init
    exinadc0832.o(i.ADC0832_read_Byte) refers to exinadc0832.o(i.ADC0832_enable) for ADC0832_enable
    exinadc0832.o(i.ADC0832_read_Byte) refers to exinadc0832.o(i.ADC0832_CHA_sel) for ADC0832_CHA_sel
    exinadc0832.o(i.ADC0832_read_Byte) refers to exingpio.o(i.gpio_set) for gpio_set
    exinadc0832.o(i.ADC0832_read_Byte) refers to exinsystem.o(i.systic_delayus) for systic_delayus
    exinadc0832.o(i.ADC0832_read_Byte) refers to exingpio.o(i.gpio_get) for gpio_get
    exinadc0832.o(i.ADC0832_read_Byte) refers to exinadc0832.o(i.ADC0832_disable) for ADC0832_disable
    exinadc0832.o(i.ADC0832_read_Byte) refers to exinadc0832.o(.data) for value
    exinadc0832.o(i.ADC0832_write_DI) refers to exingpio.o(i.gpio_set) for gpio_set
    exinadc0832.o(i.ADC0832_write_DI) refers to exinsystem.o(i.systic_delayus) for systic_delayus
    exinadjust.o(i.OLED_SHOW) refers to oled.o(i.OLED_ShowString) for OLED_ShowString
    exinadjust.o(i.OLED_SHOW) refers to oled.o(i.OLED_ShowNum) for OLED_ShowNum
    exinadjust.o(i.OLED_SHOW) refers to exinadjust.o(.data) for page_count
    exinadjust.o(i.Rotate_INIT) refers to exingpio.o(i.gpio_init) for gpio_init
    exinadjust.o(i.Rotate_INIT) refers to exingpio.o(i.gpio_interrupt_INIT) for gpio_interrupt_INIT
    exinadjust.o(i.Rotate_INIT) refers to exinkey.o(i.key_init) for key_init
    exinadjust.o(i.Rotate_adjust_TEST) refers to exinsystem.o(i.system_init) for system_init
    exinadjust.o(i.Rotate_adjust_TEST) refers to oled.o(i.OLED_Init) for OLED_Init
    exinadjust.o(i.Rotate_adjust_TEST) refers to exinadjust.o(i.Rotate_INIT) for Rotate_INIT
    exinadjust.o(i.Rotate_adjust_TEST) refers to exinadjust.o(i.bianmaqi_tiaocan) for bianmaqi_tiaocan
    exinadjust.o(i.bianmaqi_tiaocan) refers to exinadjust.o(i.OLED_SHOW) for OLED_SHOW
    exinadjust.o(i.bianmaqi_tiaocan) refers to exingpio.o(i.gpio_get) for gpio_get
    exinadjust.o(i.bianmaqi_tiaocan) refers to oled.o(i.OLED_Clear) for OLED_Clear
    exinadjust.o(i.bianmaqi_tiaocan) refers to exinkey.o(i.key_get) for key_get
    exinadjust.o(i.bianmaqi_tiaocan) refers to exinadjust.o(.data) for A_flag
    exineeprom.o(i.EEPROM_init) refers to exineeprom.o(i.EROM_IIC_init) for EROM_IIC_init
    exineeprom.o(i.EEPROM_read_Byte) refers to exineeprom.o(i.EROM_IIC_start) for EROM_IIC_start
    exineeprom.o(i.EEPROM_read_Byte) refers to exineeprom.o(i.EROM_IIC_Send_Byte) for EROM_IIC_Send_Byte
[...]
    Removing exinuart.o(.constdata), (200 bytes).
    Removing exinuart.o(.data), (8 bytes).
    Removing lmt70rd.o(.rev16_text), (4 bytes).
    Removing lmt70rd.o(.revsh_text), (4 bytes).
    Removing lmt70rd.o(.rrx_text), (6 bytes).
    Removing lmt70rd.o(i.LMT_ADC_GetMV), (68 bytes).
    Removing lmt70rd.o(i.LMT_DataHandle), (160 bytes).
    Removing lmt70rd.o(i.LMT_DataSelect), (236 bytes).
    Removing lmt70rd.o(i.LMT_Init), (16 bytes).
    Removing lmt70rd.o(.data), (8 bytes).
    Removing oled.o(.rev16_text), (4 bytes).
    Removing oled.o(.revsh_text), (4 bytes).
    Removing oled.o(.rrx_text), (6 bytes).
    Removing oled.o(i.OLED_Display_Off), (28 bytes).
    Removing oled.o(i.OLED_Display_On), (28 bytes).
    Removing oled.o(i.OLED_DrawBMP), (118 bytes).
    Removing oled.o(i.OLED_PutPixel), (88 bytes).
    Removing oled.o(i.OLED_ShowCHinese), (104 bytes).
    Removing oled.o(i.OLED_ShowNum), (132 bytes).
    Removing oled.o(i.OLED_pos_clr), (38 bytes).
    Removing oled.o(i.oled_pow), (22 bytes).
    Removing oled.o(i.oled_update), (172 bytes).
    Removing oled.o(.bss), (10240 bytes).
    Removing oscill_oled.o(.rev16_text), (4 bytes).
    Removing oscill_oled.o(.revsh_text), (4 bytes).
    Removing oscill_oled.o(.rrx_text), (6 bytes).
    Removing oscill_oled.o(i.Oscill_Init), (6 bytes).
    Removing oscill_oled.o(i.Oscill_Show_Menu), (116 bytes).
    Removing oscill_oled.o(i.Oscill_Title), (20 bytes).
    Removing oscill_oled.o(i.Oscill_dataget), (80 bytes).
    Removing oscill_oled.o(i.Oscill_show), (248 bytes).
    Removing oscill_oled.o(i.Oscill_test1), (92 bytes).
    Removing oscill_oled.o(i.Oscill_test2), (132 bytes).
    Removing oscill_oled.o(i.set_Oscill_Enlar), (10 bytes).
    Removing oscill_oled.o(i.set_Oscill_label), (10 bytes).
    Removing oscill_oled.o(i.set_Oscill_middle), (4 bytes).
    Removing oscill_oled.o(.bss), (536 bytes).
    Removing oscill_oled.o(.data), (40 bytes).
    Removing system_msp432p401x.o(.rev16_text), (4 bytes).
    Removing system_msp432p401x.o(.revsh_text), (4 bytes).
    Removing system_msp432p401x.o(.rrx_text), (6 bytes).
    Removing system_msp432p401x.o(i.SystemCoreClockUpdate), (572 bytes).
    Removing system_msp432p401x.o(.data), (4 bytes).
    Removing main.o(.rev16_text), (4 bytes).
    Removing main.o(.revsh_text), (4 bytes).
    Removing main.o(.rrx_text), (6 bytes).

233 unused section(s) (total 28273 bytes) removed from the image.

==============================================================================

Image Symbol Table

    Local Symbols

    Symbol Name                              Value     Ov Type        Size  Object(Section)

    RESET                                    0x00000000   Section      324  startup_msp432p401x_keil.o(RESET)
    ../clib/angel/boardlib.s                 0x00000000   Number         0  boardinit1.o ABSOLUTE
    ../clib/angel/boardlib.s                 0x00000000   Number         0  boardinit2.o ABSOLUTE
    ../clib/angel/boardlib.s                 0x00000000   Number         0  boardinit3.o ABSOLUTE
    ../clib/angel/boardlib.s                 0x00000000   Number         0  boardshut.o ABSOLUTE
    ../clib/angel/handlers.s                 0x00000000   Number         0  __scatter_zi.o ABSOLUTE
    ../clib/angel/handlers.s                 0x00000000   Number         0  __scatter_copy.o ABSOLUTE
    ../clib/angel/kernel.s                   0x00000000   Number         0  __rtentry4.o ABSOLUTE
    ../clib/angel/kernel.s                   0x00000000   Number         0  __rtentry2.o ABSOLUTE
    ../clib/angel/kernel.s                   0x00000000   Number         0  rtexit.o ABSOLUTE
    ../clib/angel/kernel.s                   0x00000000   Number         0  rtexit2.o ABSOLUTE
    ../clib/angel/kernel.s                   0x00000000   Number         0  __rtentry.o ABSOLUTE
    ../clib/angel/rt.s                       0x00000000   Number         0  rt_errno_addr_intlibspace.o ABSOLUTE
    ../clib/angel/rt.s                       0x00000000   Number         0  rt_locale.o ABSOLUTE
    ../clib/angel/rt.s                       0x00000000   Number         0  rt_raise.o ABSOLUTE
    ../clib/angel/rt.s                       0x00000000   Number         0  rt_locale_intlibspace.o ABSOLUTE
    ../clib/angel/rt.s                       0x00000000   Number         0  rt_errno_addr.o ABSOLUTE
    ../clib/angel/scatter.s                  0x00000000   Number         0  __scatter.o ABSOLUTE
    ../clib/angel/startup.s                  0x00000000   Number         0  __main.o ABSOLUTE
    ../clib/angel/sys.s                      0x00000000   Number         0  sys_stackheap_outer.o ABSOLUTE
    ../clib/angel/sys.s                      0x00000000   Number         0  libspace.o ABSOLUTE
    ../clib/angel/sys.s                      0x00000000   Number         0  use_no_semi.o ABSOLUTE
    ../clib/angel/sys.s                      0x00000000   Number         0  indicate_semi.o ABSOLUTE
    ../clib/angel/sysapp.c                   0x00000000   Number         0  sys_command.o ABSOLUTE
    ../clib/angel/sysapp.c                   0x00000000   Number         0  sys_exit.o ABSOLUTE
    ../clib/angel/sysapp.c                   0x00000000   Number         0  sys_wrch.o ABSOLUTE
    ../clib/armsys.c                         0x00000000   Number         0  argv_veneer.o ABSOLUTE
    ../clib/armsys.c                         0x00000000   Number         0  argv_veneer.o ABSOLUTE
    ../clib/armsys.c                         0x00000000   Number         0  _get_argv_nomalloc.o ABSOLUTE
    ../clib/armsys.c                         0x00000000   Number         0  no_argv.o ABSOLUTE
    ../clib/bigflt.c                         0x00000000   Number         0  bigflt0.o ABSOLUTE
    ../clib/btod.s                           0x00000000   Number         0  btod.o ABSOLUTE
    ../clib/fenv.c                           0x00000000   Number         0  _rserrno.o ABSOLUTE
    ../clib/heapalloc.c                      0x00000000   Number         0  hrguard.o ABSOLUTE
    ../clib/heapaux.c                        0x00000000   Number         0  heapauxi.o ABSOLUTE
    ../clib/libinit.s                        0x00000000   Number         0  libshutdown.o ABSOLUTE
    ../clib/libinit.s                        0x00000000   Number         0  libinit2.o ABSOLUTE
    ../clib/libinit.s                        0x00000000   Number         0  libinit.o ABSOLUTE
    ../clib/libinit.s                        0x00000000   Number         0  libshutdown2.o ABSOLUTE
    ../clib/locale.s                         0x00000000   Number         0  lc_numeric_c.o ABSOLUTE
    ../clib/longlong.s                       0x00000000   Number         0  lludiv10.o ABSOLUTE
    ../clib/memcpset.s                       0x00000000   Number         0  strcmpv7m.o ABSOLUTE
    ../clib/memcpset.s                       0x00000000   Number         0  rt_memclr_w.o ABSOLUTE
    ../clib/misc.s                           0x00000000   Number         0  printf_stubs.o ABSOLUTE
    ../clib/printf.c                         0x00000000   Number         0  _printf_dec.o ABSOLUTE
    ../clib/printf.c                         0x00000000   Number         0  __printf_flags_ss_wp.o ABSOLUTE
    ../clib/printf.c                         0x00000000   Number         0  _printf_intcommon.o ABSOLUTE
    ../clib/printf.c                         0x00000000   Number         0  _sputc.o ABSOLUTE
    ../clib/printf.c                         0x00000000   Number         0  _printf_char_common.o ABSOLUTE
    ../clib/printf.c                         0x00000000   Number         0  __printf_flags.o ABSOLUTE
    ../clib/printf.c                         0x00000000   Number         0  __2sprintf.o ABSOLUTE
    ../clib/printf.c                         0x00000000   Number         0  noretval__2sprintf.o ABSOLUTE
    ../clib/printf.c                         0x00000000   Number         0  __printf.o ABSOLUTE
    ../clib/printf.c                         0x00000000   Number         0  _printf_fp_infnan.o ABSOLUTE
    ../clib/printf.c                         0x00000000   Number         0  __printf_ss.o ABSOLUTE
    ../clib/printf.c                         0x00000000   Number         0  __printf_flags_ss.o ABSOLUTE
    ../clib/printf.c                         0x00000000   Number         0  __printf_wp.o ABSOLUTE
    ../clib/printf.c                         0x00000000   Number         0  __printf_flags_wp.o ABSOLUTE
    ../clib/printf.c                         0x00000000   Number         0  _printf_fp_dec.o ABSOLUTE
    ../clib/printf.c                         0x00000000   Number         0  __printf_nopercent.o ABSOLUTE
    ../clib/printf.c                         0x00000000   Number         0  __printf_ss_wp.o ABSOLUTE
    ../clib/printf_percent.s                 0x00000000   Number         0  _printf_percent.o ABSOLUTE
    ../clib/printf_percent.s                 0x00000000   Number         0  _printf_percent_end.o ABSOLUTE
    ../clib/printf_percent.s                 0x00000000   Number         0  _printf_d.o ABSOLUTE
    ../clib/printf_percent.s                 0x00000000   Number         0  _printf_f.o ABSOLUTE
    ../clib/signal.c                         0x00000000   Number         0  defsig_cppl_inner.o ABSOLUTE
    ../clib/signal.c                         0x00000000   Number         0  defsig_pvfn_inner.o ABSOLUTE
    ../clib/signal.c                         0x00000000   Number         0  defsig_stak_inner.o ABSOLUTE
    ../clib/signal.c                         0x00000000   Number         0  defsig_rtred_inner.o ABSOLUTE
    ../clib/signal.c                         0x00000000   Number         0  defsig_abrt_inner.o ABSOLUTE
    ../clib/signal.c                         0x00000000   Number         0  defsig_general.o ABSOLUTE
    ../clib/signal.c                         0x00000000   Number         0  __raise.o ABSOLUTE
    ../clib/signal.c                         0x00000000   Number         0  defsig_rtmem_outer.o ABSOLUTE
    ../clib/signal.c                         0x00000000   Number         0  defsig_exit.o ABSOLUTE
    ../clib/signal.c                         0x00000000   Number         0  defsig_rtmem_formal.o ABSOLUTE
    ../clib/signal.c                         0x00000000   Number         0  defsig_segv_inner.o ABSOLUTE
    ../clib/signal.c                         0x00000000   Number         0  defsig_fpe_inner.o ABSOLUTE
    ../clib/signal.c                         0x00000000   Number         0  defsig_other.o ABSOLUTE
    ../clib/signal.c                         0x00000000   Number         0  defsig_rtmem_inner.o ABSOLUTE
    ../clib/signal.s                         0x00000000   Number         0  defsig.o ABSOLUTE
    ../clib/stdlib.c                         0x00000000   Number         0  exit.o ABSOLUTE
    ../fplib/basic.s                         0x00000000   Number         0  basic.o ABSOLUTE
    ../fplib/d2f.s                           0x00000000   Number         0  d2f.o ABSOLUTE
    ../fplib/daddsub.s                       0x00000000   Number         0  daddsub_clz.o ABSOLUTE
    ../fplib/dcmpi.s                         0x00000000   Number         0  dcmpi.o ABSOLUTE
    ../fplib/ddiv.s                          0x00000000   Number         0  ddiv.o ABSOLUTE
    ../fplib/dfix.s                          0x00000000   Number         0  dfix.o ABSOLUTE
    ../fplib/dflt.s                          0x00000000   Number         0  dflt_clz.o ABSOLUTE
    ../fplib/dleqf.s                         0x00000000   Number         0  dleqf.o ABSOLUTE
    ../fplib/dmul.s                          0x00000000   Number         0  dmul.o ABSOLUTE
    ../fplib/dnaninf.s                       0x00000000   Number         0  dnaninf.o ABSOLUTE
    ../fplib/dretinf.s                       0x00000000   Number         0  dretinf.o ABSOLUTE
    ../fplib/drleqf.s                        0x00000000   Number         0  drleqf.o ABSOLUTE
    ../fplib/dsqrt.s                         0x00000000   Number         0  dsqrt_umaal.o ABSOLUTE
    ../fplib/f2d.s                           0x00000000   Number         0  f2d.o ABSOLUTE
    ../fplib/fnaninf.s                       0x00000000   Number         0  fnaninf.o ABSOLUTE
    ../fplib/fpinit.s                        0x00000000   Number         0  fpinit.o ABSOLUTE
    ../fplib/fretinf.s                       0x00000000   Number         0  fretinf.o ABSOLUTE
    ../fplib/istatus.s                       0x00000000   Number         0  istatus.o ABSOLUTE
    ../fplib/printf1.s                       0x00000000   Number         0  printf1.o ABSOLUTE
    ../fplib/usenofp.s                       0x00000000   Number         0  usenofp.o ABSOLUTE
    ../mathlib/atan.c                        0x00000000   Number         0  atan.o ABSOLUTE
    ../mathlib/atan.c                        0x00000000   Number         0  atan_x.o ABSOLUTE
    ../mathlib/dunder.c                      0x00000000   Number         0  dunder.o ABSOLUTE
    ../mathlib/fabs.c                        0x00000000   Number         0  fabs.o ABSOLUTE
    ../mathlib/fpclassify.c                  0x00000000   Number         0  fpclassify.o ABSOLUTE
    ../mathlib/poly.c                        0x00000000   Number         0  poly.o ABSOLUTE
    ../mathlib/sqrt.c                        0x00000000   Number         0  sqrt.o ABSOLUTE
    ../mathlib/sqrt.c                        0x00000000   Number         0  sqrt_x.o ABSOLUTE
    ..\\start\\system_msp432p401x.c          0x00000000   Number         0  system_msp432p401x.o ABSOLUTE
    ..\start\startup_msp432p401x_keil.s      0x00000000   Number         0  startup_msp432p401x_keil.o ABSOLUTE
    ..\start\system_msp432p401x.c            0x00000000   Number         0  system_msp432p401x.o ABSOLUTE
    dc.s                                     0x00000000   Number         0  dc.o ABSOLUTE
    exinlibs\LMT70RD.c                       0x00000000   Number         0  lmt70rd.o ABSOLUTE
    exinlibs\Oscill_OLED.c                   0x00000000   Number         0  oscill_oled.o ABSOLUTE
    exinlibs\\LMT70RD.c                      0x00000000   Number         0  lmt70rd.o ABSOLUTE
    exinlibs\\Oscill_OLED.c                  0x00000000   Number         0  oscill_oled.o ABSOLUTE
    exinlibs\\config.c                       0x00000000   Number         0  config.o ABSOLUTE
    exinlibs\\exinADC.c                      0x00000000   Number         0  exinadc.o ABSOLUTE
    exinlibs\\exinADC0832.c                  0x00000000   Number         0  exinadc0832.o ABSOLUTE
    exinlibs\\exinHC_SR04.c                  0x00000000   Number         0  exinhc_sr04.o ABSOLUTE
    exinlibs\\exinIIC.c                      0x00000000   Number         0  exiniic.o ABSOLUTE
    exinlibs\\exinMPU6050.c                  0x00000000   Number         0  exinmpu6050.o ABSOLUTE
    exinlibs\\exinTimerA.c                   0x00000000   Number         0  exintimera.o ABSOLUTE
    exinlibs\\exinTimerAINT.c                0x00000000   Number         0  exintimeraint.o ABSOLUTE
    exinlibs\\exinadjust.c                   0x00000000   Number         0  exinadjust.o ABSOLUTE
    exinlibs\\exineeprom.c                   0x00000000   Number         0  exineeprom.o ABSOLUTE
    exinlibs\\exinencoder.c                  0x00000000   Number         0  exinencoder.o ABSOLUTE
    exinlibs\\exingpio.c                     0x00000000   Number         0  exingpio.o ABSOLUTE
    exinlibs\\exinisr.c                      0x00000000   Number         0  exinisr.o ABSOLUTE
    exinlibs\\exinkey.c                      0x00000000   Number         0  exinkey.o ABSOLUTE
    exinlibs\\exinmotor.c                    0x00000000   Number         0  exinmotor.o ABSOLUTE
    exinlibs\\exinpwm.c                      0x00000000   Number         0  exinpwm.o ABSOLUTE
    exinlibs\\exinsteer.c                    0x00000000   Number         0  exinsteer.o ABSOLUTE
    exinlibs\\exinsystem.c                   0x00000000   Number         0  exinsystem.o ABSOLUTE
    exinlibs\\exinuart.c                     0x00000000   Number         0  exinuart.o ABSOLUTE
    exinlibs\\oled.c                         0x00000000   Number         0  oled.o ABSOLUTE
    exinlibs\config.c                        0x00000000   Number         0  config.o ABSOLUTE
    exinlibs\exinADC.c                       0x00000000   Number         0  exinadc.o ABSOLUTE
    exinlibs\exinADC0832.c                   0x00000000   Number         0  exinadc0832.o ABSOLUTE
    exinlibs\exinHC_SR04.c                   0x00000000   Number         0  exinhc_sr04.o ABSOLUTE
    exinlibs\exinIIC.c                       0x00000000   Number         0  exiniic.o ABSOLUTE
    exinlibs\exinMPU6050.c                   0x00000000   Number         0  exinmpu6050.o ABSOLUTE
    exinlibs\exinTimerA.c                    0x00000000   Number         0  exintimera.o ABSOLUTE
    exinlibs\exinTimerAINT.c                 0x00000000   Number         0  exintimeraint.o ABSOLUTE
    exinlibs\exin_library_map_guide.c        0x00000000   Number         0  exin_library_map_guide.o ABSOLUTE
    exinlibs\exinadjust.c                    0x00000000   Number         0  exinadjust.o ABSOLUTE
    exinlibs\exineeprom.c                    0x00000000   Number         0  exineeprom.o ABSOLUTE
    exinlibs\exinencoder.c                   0x00000000   Number         0  exinencoder.o ABSOLUTE
    exinlibs\exingpio.c                      0x00000000   Number         0  exingpio.o ABSOLUTE
    exinlibs\exinisr.c                       0x00000000   Number         0  exinisr.o ABSOLUTE
    exinlibs\exinkey.c                       0x00000000   Number         0  exinkey.o ABSOLUTE
    exinlibs\exinmotor.c                     0x00000000   Number         0  exinmotor.o ABSOLUTE
    exinlibs\exinpwm.c                       0x00000000   Number         0  exinpwm.o ABSOLUTE
    exinlibs\exinsteer.c                     0x00000000   Number         0  exinsteer.o ABSOLUTE
    exinlibs\exinsystem.c                    0x00000000   Number         0  exinsystem.o ABSOLUTE
    exinlibs\exinuart.c                      0x00000000   Number         0  exinuart.o ABSOLUTE
    exinlibs\oled.c                          0x00000000   Number         0  oled.o ABSOLUTE
    main.c                                   0x00000000   Number         0  main.o ABSOLUTE
    main.c                                   0x00000000   Number         0  main.o ABSOLUTE
    !!!main                                  0x00000144   Section        8  __main.o(!!!main)
    !!!scatter                               0x0000014c   Section       52  __scatter.o(!!!scatter)
    !!handler_copy                           0x00000180   Section       26  __scatter_copy.o(!!handler_copy)
    !!handler_zi                             0x0000019c   Section       28  __scatter_zi.o(!!handler_zi)
    .ARM.Collect$$_printf_percent$$00000000  0x000001b8   Section        0  _printf_percent.o(.ARM.Collect$$_printf_percent$$00000000)
    .ARM.Collect$$_printf_percent$$00000003  0x000001b8   Section        6  _printf_f.o(.ARM.Collect$$_printf_percent$$00000003)
    .ARM.Collect$$_printf_percent$$00000017  0x000001be   Section        4  _printf_percent_end.o(.ARM.Collect$$_printf_percent$$00000017)
    .ARM.Collect$$libinit$$00000000          0x000001c2   Section        2  libinit.o(.ARM.Collect$$libinit$$00000000)
    .ARM.Collect$$libinit$$00000001          0x000001c4   Section        4  libinit2.o(.ARM.Collect$$libinit$$00000001)
    .ARM.Collect$$libinit$$00000004          0x000001c8   Section        0  libinit2.o(.ARM.Collect$$libinit$$00000004)
    .ARM.Collect$$libinit$$0000000A          0x000001c8   Section        0  libinit2.o(.ARM.Collect$$libinit$$0000000A)
    .ARM.Collect$$libinit$$0000000C          0x000001c8   Section        0  libinit2.o(.ARM.Collect$$libinit$$0000000C)
    .ARM.Collect$$libinit$$0000000E          0x000001c8   Section        0  libinit2.o(.ARM.Collect$$libinit$$0000000E)
    .ARM.Collect$$libinit$$0000000F          0x000001c8   Section        6  libinit2.o(.ARM.Collect$$libinit$$0000000F)
    .ARM.Collect$$libinit$$00000011          0x000001ce   Section        0  libinit2.o(.ARM.Collect$$libinit$$00000011)
    .ARM.Collect$$libinit$$00000013          0x000001ce   Section        0  libinit2.o(.ARM.Collect$$libinit$$00000013)
    .ARM.Collect$$libinit$$00000015          0x000001ce   Section        0  libinit2.o(.ARM.Collect$$libinit$$00000015)
    .ARM.Collect$$libinit$$00000016          0x000001ce   Section       10  libinit2.o(.ARM.Collect$$libinit$$00000016)
    .ARM.Collect$$libinit$$00000017          0x000001d8   Section        0  libinit2.o(.ARM.Collect$$libinit$$00000017)
    .ARM.Collect$$libinit$$00000019          0x000001d8   Section        0  libinit2.o(.ARM.Collect$$libinit$$00000019)
    .ARM.Collect$$libinit$$0000001B          0x000001d8   Section        0  libinit2.o(.ARM.Collect$$libinit$$0000001B)
    .ARM.Collect$$libinit$$0000001D          0x000001d8   Section        0  libinit2.o(.ARM.Collect$$libinit$$0000001D)
    .ARM.Collect$$libinit$$0000001F          0x000001d8   Section        0  libinit2.o(.ARM.Collect$$libinit$$0000001F)
    .ARM.Collect$$libinit$$00000021          0x000001d8   Section        0  libinit2.o(.ARM.Collect$$libinit$$00000021)
    .ARM.Collect$$libinit$$00000023          0x000001d8   Section        0  libinit2.o(.ARM.Collect$$libinit$$00000023)
    .ARM.Collect$$libinit$$00000025          0x000001d8   Section        0  libinit2.o(.ARM.Collect$$libinit$$00000025)
    .ARM.Collect$$libinit$$0000002C          0x000001d8   Section        0  libinit2.o(.ARM.Collect$$libinit$$0000002C)
    .ARM.Collect$$libinit$$0000002E          0x000001d8   Section        0  libinit2.o(.ARM.Collect$$libinit$$0000002E)
    .ARM.Collect$$libinit$$00000030          0x000001d8   Section        0  libinit2.o(.ARM.Collect$$libinit$$00000030)
    .ARM.Collect$$libinit$$00000032          0x000001d8   Section        0  libinit2.o(.ARM.Collect$$libinit$$00000032)
    .ARM.Collect$$libinit$$00000033          0x000001d8   Section        2  libinit2.o(.ARM.Collect$$libinit$$00000033)
    .ARM.Collect$$libshutdown$$00000000      0x000001da   Section        2  libshutdown.o(.ARM.Collect$$libshutdown$$00000000)
    .ARM.Collect$$libshutdown$$00000002      0x000001dc   Section        0  libshutdown2.o(.ARM.Collect$$libshutdown$$00000002)
    .ARM.Collect$$libshutdown$$00000004      0x000001dc   Section        0  libshutdown2.o(.ARM.Collect$$libshutdown$$00000004)
    .ARM.Collect$$libshutdown$$00000007      0x000001dc   Section        0  libshutdown2.o(.ARM.Collect$$libshutdown$$00000007)
    .ARM.Collect$$libshutdown$$0000000A      0x000001dc   Section        0  libshutdown2.o(.ARM.Collect$$libshutdown$$0000000A)
    .ARM.Collect$$libshutdown$$0000000C      0x000001dc   Section        0  libshutdown2.o(.ARM.Collect$$libshutdown$$0000000C)
    .ARM.Collect$$libshutdown$$0000000F      0x000001dc   Section        0  libshutdown2.o(.ARM.Collect$$libshutdown$$0000000F)
    .ARM.Collect$$libshutdown$$00000010      0x000001dc   Section        2  libshutdown2.o(.ARM.Collect$$libshutdown$$00000010)
    .ARM.Collect$$rtentry$$00000000          0x000001de   Section        0  __rtentry.o(.ARM.Collect$$rtentry$$00000000)
    .ARM.Collect$$rtentry$$00000002          0x000001de   Section        0  __rtentry2.o(.ARM.Collect$$rtentry$$00000002)
    .ARM.Collect$$rtentry$$00000004          0x000001de   Section        6  __rtentry4.o(.ARM.Collect$$rtentry$$00000004)
    .ARM.Collect$$rtentry$$00000009          0x000001e4   Section        0  __rtentry2.o(.ARM.Collect$$rtentry$$00000009)
    .ARM.Collect$$rtentry$$0000000A          0x000001e4   Section        4  __rtentry2.o(.ARM.Collect$$rtentry$$0000000A)
    .ARM.Collect$$rtentry$$0000000C          0x000001e8   Section        0  __rtentry2.o(.ARM.Collect$$rtentry$$0000000C)
    .ARM.Collect$$rtentry$$0000000D          0x000001e8   Section        8  __rtentry2.o(.ARM.Collect$$rtentry$$0000000D)
    .ARM.Collect$$rtexit$$00000000           0x000001f0   Section        2  rtexit.o(.ARM.Collect$$rtexit$$00000000)
    .ARM.Collect$$rtexit$$00000002           0x000001f2   Section        0  rtexit2.o(.ARM.Collect$$rtexit$$00000002)
    .ARM.Collect$$rtexit$$00000003           0x000001f2   Section        4  rtexit2.o(.ARM.Collect$$rtexit$$00000003)
    .ARM.Collect$$rtexit$$00000004           0x000001f6   Section        6  rtexit2.o(.ARM.Collect$$rtexit$$00000004)
    .text                                    0x000001fc   Section       60  startup_msp432p401x_keil.o(.text)
    $v0                                      0x000001fc   Number         0  startup_msp432p401x_keil.o(.text)
    .text                                    0x00000238   Section        0  noretval__2sprintf.o(.text)
    .text                                    0x00000260   Section        0  __printf_flags_wp.o(.text)
    .text                                    0x00000398   Section        0  heapauxi.o(.text)
    .text                                    0x0000039e   Section        0  _printf_fp_dec.o(.text)
    _fp_digits                               0x000003a1   Thumb Code   432  _printf_fp_dec.o(.text)
    .text                                    0x000007bc   Section        0  _printf_char_common.o(.text)
    _printf_input_char                       0x000007bd   Thumb Code    10  _printf_char_common.o(.text)
    .text                                    0x000007ec   Section        0  _sputc.o(.text)
    .text                                    0x000007f8   Section        8  rt_locale_intlibspace.o(.text)
    .text                                    0x00000800   Section      138  lludiv10.o(.text)
    .text                                    0x0000088c   Section        0  _printf_fp_infnan.o(.text)
    .text                                    0x0000090c   Section        0  bigflt0.o(.text)
    .text                                    0x000009f0   Section        8  libspace.o(.text)
    .text                                    0x000009f8   Section       74  sys_stackheap_outer.o(.text)
    .text                                    0x00000a42   Section        0  exit.o(.text)
    .text                                    0x00000a54   Section      128  strcmpv7m.o(.text)
    .text                                    0x00000ad4   Section        0  sys_exit.o(.text)
    .text                                    0x00000ae0   Section        2  use_no_semi.o(.text)
    .text                                    0x00000ae2   Section        0  indicate_semi.o(.text)
    CL$$btod_d2e                             0x00000ae2   Section       62  btod.o(CL$$btod_d2e)
    CL$$btod_d2e_denorm_low                  0x00000b20   Section       70  btod.o(CL$$btod_d2e_denorm_low)
    CL$$btod_d2e_norm_op1                    0x00000b66   Section       96  btod.o(CL$$btod_d2e_norm_op1)
    CL$$btod_div_common                      0x00000bc6   Section      824  btod.o(CL$$btod_div_common)
    CL$$btod_e2e                             0x00000efe   Section      220  btod.o(CL$$btod_e2e)
    CL$$btod_ediv                            0x00000fda   Section       42  btod.o(CL$$btod_ediv)
    CL$$btod_emul                            0x00001004   Section       42  btod.o(CL$$btod_emul)
    CL$$btod_mult_common                     0x0000102e   Section      580  btod.o(CL$$btod_mult_common)
    i.ADC14_IRQHandler                       0x00001274   Section        0  exinadc.o(i.ADC14_IRQHandler)
    i.ADC14_repeatmod_rec                    0x000012b8   Section        0  exinadc.o(i.ADC14_repeatmod_rec)
    i.CS_locked                              0x000012d4   Section        0  exinsystem.o(i.CS_locked)
    i.CS_unlocked                            0x000012e0   Section        0  exinsystem.o(i.CS_unlocked)
    i.DCO_set                                0x000012f0   Section        0  exinsystem.o(i.DCO_set)
    i.EUSCIA0_IRQHandler                     0x00001350   Section        0  exinuart.o(i.EUSCIA0_IRQHandler)
    i.EUSCIA1_IRQHandler                     0x0000135c   Section        0  exinuart.o(i.EUSCIA1_IRQHandler)
    i.EUSCIA2_IRQHandler                     0x00001368   Section        0  exinuart.o(i.EUSCIA2_IRQHandler)
    i.EUSCIA3_IRQHandler                     0x00001374   Section        0  exinuart.o(i.EUSCIA3_IRQHandler)
    i.Encoder_clr                            0x00001380   Section        0  exinencoder.o(i.Encoder_clr)
    i.HC_SR04_dis                            0x000013c4   Section        0  exinhc_sr04.o(i.HC_SR04_dis)
    i.HC_SR04_init                           0x0000149c   Section        0  exinhc_sr04.o(i.HC_SR04_init)
    i.MCLK_set                               0x000014b8   Section        0  exinsystem.o(i.MCLK_set)
    i.OLED_Clear                             0x000015c0   Section        0  oled.o(i.OLED_Clear)
    i.OLED_Init                              0x00001600   Section        0  oled.o(i.OLED_Init)
    i.OLED_Set_Pos                           0x00001744   Section        0  oled.o(i.OLED_Set_Pos)
    i.OLED_ShowChar                          0x00001770   Section        0  oled.o(i.OLED_ShowChar)
    i.OLED_ShowString                        0x000017c4   Section        0  oled.o(i.OLED_ShowString)
    i.OLED_Showfloat                         0x000017fc   Section        0  oled.o(i.OLED_Showfloat)
    i.OLED_WR_Byte                           0x00001840   Section        0  oled.o(i.OLED_WR_Byte)
    i.PORT1_IRQHandler                       0x000018ac   Section        0  exinisr.o(i.PORT1_IRQHandler)
    i.PORT2_IRQHandler                       0x00001920   Section        0  exinisr.o(i.PORT2_IRQHandler)
    i.PORT3_IRQHandler                       0x000019c8   Section        0  exinisr.o(i.PORT3_IRQHandler)
    i.PORT4_IRQHandler                       0x00001a5c   Section        0  exinisr.o(i.PORT4_IRQHandler)
    i.PORT5_IRQHandler                       0x00001b1c   Section        0  exinisr.o(i.PORT5_IRQHandler)
    i.PORT6_IRQHandler                       0x00001bc0   Section        0  exinisr.o(i.PORT6_IRQHandler)
    i.SMCLK_set                              0x00001c70   Section        0  exinsystem.o(i.SMCLK_set)
    i.SysTick_Handler                        0x00001d7c   Section        0  exinsystem.o(i.SysTick_Handler)
    i.SystemInit                             0x00001d8c   Section        0  system_msp432p401x.o(i.SystemInit)
    i.TA0_0_IRQHandler                       0x00001dfc   Section        0  exinisr.o(i.TA0_0_IRQHandler)
    i.TA0_N_IRQHandler                       0x00001e0e   Section        0  exinisr.o(i.TA0_N_IRQHandler)
    i.TA1_0_IRQHandler                       0x00001e10   Section        0  exinisr.o(i.TA1_0_IRQHandler)
    i.TA1_N_IRQHandler                       0x00001e24   Section        0  exinisr.o(i.TA1_N_IRQHandler)
    i.TA2_0_IRQHandler                       0x00001e28   Section        0  exinisr.o(i.TA2_0_IRQHandler)
    i.TA2_N_IRQHandler                       0x00001e3c   Section        0  exinisr.o(i.TA2_N_IRQHandler)
    i.TA3_0_IRQHandler                       0x00001e40   Section        0  exinisr.o(i.TA3_0_IRQHandler)
    i.TA3_N_IRQHandler                       0x00001e60   Section        0  exinisr.o(i.TA3_N_IRQHandler)
    i.TimerA_CCRVAL_set                      0x00001f8c   Section        0  exintimera.o(i.TimerA_CCRVAL_set)
    i.__ARM_fpclassify                       0x00001fd4   Section        0  fpclassify.o(i.__ARM_fpclassify)
    i._is_digit                              0x00002004   Section        0  __printf_wp.o(i._is_digit)
    i.distance_SHOW                          0x00002014   Section        0  main.o(i.distance_SHOW)
    i.error                                  0x00002068   Section        0  exinsystem.o(i.error)
    i.gpio_disable_Ren                       0x00002094   Section        0  exingpio.o(i.gpio_disable_Ren)
    i.gpio_enable_Ren                        0x00002150   Section        0  exingpio.o(i.gpio_enable_Ren)
    i.gpio_get                               0x0000220c   Section        0  exingpio.o(i.gpio_get)
    i.gpio_init                              0x000022b0   Section        0  exingpio.o(i.gpio_init)
    i.gpio_set                               0x00002310   Section        0  exingpio.o(i.gpio_set)
    i.gpio_set_Asin                          0x00002330   Section        0  exingpio.o(i.gpio_set_Asin)
    i.gpio_set_Asout                         0x000023ec   Section        0  exingpio.o(i.gpio_set_Asout)
    i.gpio_set_High                          0x000024a8   Section        0  exingpio.o(i.gpio_set_High)
    i.gpio_set_Low                           0x00002564   Section        0  exingpio.o(i.gpio_set_Low)
    i.main                                   0x00002620   Section        0  main.o(i.main)
    i.set_DCO_48MH                           0x00002648   Section        0  exinsystem.o(i.set_DCO_48MH)
    i.set_clock_period                       0x000026f4   Section        0  exinsystem.o(i.set_clock_period)
    i.system_init                            0x00002700   Section        0  exinsystem.o(i.system_init)
    i.systic_clr                             0x00002720   Section        0  exinsystem.o(i.systic_clr)
    i.systic_delayms                         0x00002734   Section        0  exinsystem.o(i.systic_delayms)
    i.systic_delayus                         0x00002746   Section        0  exinsystem.o(i.systic_delayus)
    i.systic_end                             0x00002764   Section        0  exinsystem.o(i.systic_end)
    i.systic_init                            0x0000277c   Section        0  exinsystem.o(i.systic_init)
    i.systic_read                            0x000027a4   Section        0  exinsystem.o(i.systic_read)
    i.systic_start                           0x0000282c   Section        0  exinsystem.o(i.systic_start)
    locale$$code                             0x00002844   Section       44  lc_numeric_c.o(locale$$code)
    x$fpl$d2f                                0x00002870   Section       98  d2f.o(x$fpl$d2f)
    $v0                                      0x00002870   Number         0  d2f.o(x$fpl$d2f)
    x$fpl$ddiv                               0x000028d4   Section      688  ddiv.o(x$fpl$ddiv)
    $v0                                      0x000028d4   Number         0  ddiv.o(x$fpl$ddiv)
    ddiv_entry                               0x000028db   Thumb Code     0  ddiv.o(x$fpl$ddiv)
    x$fpl$dfix                               0x00002b84   Section       94  dfix.o(x$fpl$dfix)
    $v0                                      0x00002b84   Number         0  dfix.o(x$fpl$dfix)
    x$fpl$dflt                               0x00002be2   Section       46  dflt_clz.o(x$fpl$dflt)
    $v0                                      0x00002be2   Number         0  dflt_clz.o(x$fpl$dflt)
    x$fpl$dfltu                              0x00002c10   Section       38  dflt_clz.o(x$fpl$dfltu)
    $v0                                      0x00002c10   Number         0  dflt_clz.o(x$fpl$dfltu)
    x$fpl$dnaninf                            0x00002c36   Section      156  dnaninf.o(x$fpl$dnaninf)
    $v0                                      0x00002c36   Number         0  dnaninf.o(x$fpl$dnaninf)
    x$fpl$dretinf                            0x00002cd2   Section       12  dretinf.o(x$fpl$dretinf)
    $v0                                      0x00002cd2   Number         0  dretinf.o(x$fpl$dretinf)
    x$fpl$f2d                                0x00002ce0   Section       86  f2d.o(x$fpl$f2d)
    $v0                                      0x00002ce0   Number         0  f2d.o(x$fpl$f2d)
    x$fpl$fnaninf                            0x00002d36   Section      140  fnaninf.o(x$fpl$fnaninf)
    $v0                                      0x00002d36   Number         0  fnaninf.o(x$fpl$fnaninf)
    x$fpl$fpinit                             0x00002dc2   Section       10  fpinit.o(x$fpl$fpinit)
    $v0                                      0x00002dc2   Number         0  fpinit.o(x$fpl$fpinit)
    x$fpl$fretinf                            0x00002dcc   Section       10  fretinf.o(x$fpl$fretinf)
    $v0                                      0x00002dcc   Number         0  fretinf.o(x$fpl$fretinf)
    x$fpl$printf1                            0x00002dd6   Section        4  printf1.o(x$fpl$printf1)
    $v0                                      0x00002dd6   Number         0  printf1.o(x$fpl$printf1)
    .constdata                               0x00002dda   Section     2520  oled.o(.constdata)
    x$fpl$usenofp                            0x00002dda   Section        0  usenofp.o(x$fpl$usenofp)
    .constdata                               0x000037b2   Section       17  __printf_flags_wp.o(.constdata)
    maptable                                 0x000037b2   Data          17  __printf_flags_wp.o(.constdata)
    .constdata                               0x000037c4   Section      148  bigflt0.o(.constdata)
    tenpwrs_x                                0x000037c4   Data          60  bigflt0.o(.constdata)
    tenpwrs_i                                0x00003800   Data          64  bigflt0.o(.constdata)
    locale$$data                             0x00003878   Section       28  lc_numeric_c.o(locale$$data)
    __lcnum_c_name                           0x0000387c   Data           2  lc_numeric_c.o(locale$$data)
    __lcnum_c_start                          0x00003884   Data           0  lc_numeric_c.o(locale$$data)
    __lcnum_c_point                          0x00003890   Data           0  lc_numeric_c.o(locale$$data)
    __lcnum_c_thousands                      0x00003892   Data           0  lc_numeric_c.o(locale$$data)
    __lcnum_c_grouping                       0x00003893   Data           0  lc_numeric_c.o(locale$$data)
    __lcnum_c_end                            0x00003894   Data           0  lc_numeric_c.o(locale$$data)
    .data                                    0x20000000   Section       28  exinadjust.o(.data)
    .data                                    0x2000001c   Section       40  exinencoder.o(.data)
    .data                                    0x20000044   Section        4  exinhc_sr04.o(.data)
    distance                                 0x20000044   Data           4  exinhc_sr04.o(.data)
    .data                                    0x20000048   Section       16  exinsystem.o(.data)
    sys_us                                   0x20000054   Data           4  exinsystem.o(.data)
    .data                                    0x20000058   Section       13  oled.o(.data)
    data1                                    0x2000005c   Data           1  oled.o(.data)
    tmp                                      0x2000005d   Data           8  oled.o(.data)
    .data                                    0x20000068   Section        4  main.o(.data)
    .bss                                     0x2000006c   Section       48  exinadc.o(.bss)
    .bss                                     0x2000009c   Section       56  exintimeraint.o(.bss)
    .bss                                     0x200000d4   Section       96  libspace.o(.bss)
    HEAP                                     0x20000138   Section        0  startup_msp432p401x_keil.o(HEAP)
    STACK                                    0x20000138   Section      512  startup_msp432p401x_keil.o(STACK)
    Heap_Mem                                 0x20000138   Data           0  startup_msp432p401x_keil.o(HEAP)
    Stack_Mem                                0x20000138   Data         512  startup_msp432p401x_keil.o(STACK)
    __initial_sp                             0x20000338   Data           0  startup_msp432p401x_keil.o(STACK)

    Global Symbols

    Symbol Name                              Value     Ov Type        Size  Object(Section)

    BuildAttributes$$THM_ISAv4$E$P$D$K$B$S$7EM$VFPi3$EXTD16$VFPS$VFMA$PE$A:L22UL41UL21$X:L11$S22US41US21$IEEE1$IW$USESV6$~STKCKD$USESV7$~SHL$OTIME$ROPI$IEEEX$EBA8$UX$STANDARDLIB$REQ8$PRES8$EABIv2 0x00000000   Number         0  anon$$obj.o ABSOLUTE
    __ARM_use_no_argv                        0x00000000   Number         0  main.o ABSOLUTE
    __Vectors                                0x00000000   Data           4  startup_msp432p401x_keil.o(RESET)
    _printf_flags                            0x00000000   Number         0  printf_stubs.o ABSOLUTE
    _printf_return_value                     0x00000000   Number         0  printf_stubs.o ABSOLUTE
    _printf_sizespec                         0x00000000   Number         0  printf_stubs.o ABSOLUTE
    _printf_widthprec                        0x00000000   Number         0  printf_stubs.o ABSOLUTE
    __ARM_exceptions_init                     - Undefined Weak Reference
    __alloca_initialize                       - Undefined Weak Reference
    __arm_preinit_                            - Undefined Weak Reference
    __cpp_initialize__aeabi_                  - Undefined Weak Reference
    __cxa_finalize                            - Undefined Weak Reference
    __sigvec_lookup                           - Undefined Weak Reference
    _atexit_init                              - Undefined Weak Reference
    _call_atexit_fns                          - Undefined Weak Reference
    _clock_init                               - Undefined Weak Reference
    _fp_trap_init                             - Undefined Weak Reference
    _fp_trap_shutdown                         - Undefined Weak Reference
    _get_lc_collate                           - Undefined Weak Reference
    _get_lc_ctype                             - Undefined Weak Reference
    _get_lc_monetary                          - Undefined Weak Reference
    _get_lc_time                              - Undefined Weak Reference
    _getenv_init                              - Undefined Weak Reference
    _handle_redirection                       - Undefined Weak Reference
    _init_alloc                               - Undefined Weak Reference
    _init_user_alloc                          - Undefined Weak Reference
    _initio                                   - Undefined Weak Reference
    _printf_post_padding                      - Undefined Weak Reference
    _printf_pre_padding                       - Undefined Weak Reference
    _printf_truncate_signed                   - Undefined Weak Reference
    _printf_truncate_unsigned                 - Undefined Weak Reference
    _rand_init                                - Undefined Weak Reference
    _signal_finish                            - Undefined Weak Reference
    _signal_init                              - Undefined Weak Reference
    _terminate_alloc                          - Undefined Weak Reference
    _terminate_user_alloc                     - Undefined Weak Reference
    _terminateio                              - Undefined Weak Reference
    __Vectors_End                            0x00000144   Data           0  startup_msp432p401x_keil.o(RESET)
    __Vectors_Size                           0x00000144   Number         0  startup_msp432p401x_keil.o ABSOLUTE
    __main                                   0x00000145   Thumb Code     8  __main.o(!!!main)
    __scatterload                            0x0000014d   Thumb Code     0  __scatter.o(!!!scatter)
    __scatterload_rt2                        0x0000014d   Thumb Code    44  __scatter.o(!!!scatter)
    __scatterload_rt2_thumb_only             0x0000014d   Thumb Code     0  __scatter.o(!!!scatter)
    __scatterload_null                       0x0000015b   Thumb Code     0  __scatter.o(!!!scatter)
    __scatterload_copy                       0x00000181   Thumb Code    26  __scatter_copy.o(!!handler_copy)
    __scatterload_zeroinit                   0x0000019d   Thumb Code    28  __scatter_zi.o(!!handler_zi)
    _printf_f                                0x000001b9   Thumb Code     0  _printf_f.o(.ARM.Collect$$_printf_percent$$00000003)
    _printf_percent                          0x000001b9   Thumb Code     0  _printf_percent.o(.ARM.Collect$$_printf_percent$$00000000)
    _printf_percent_end                      0x000001bf   Thumb Code     0  _printf_percent_end.o(.ARM.Collect$$_printf_percent$$00000017)
    __rt_lib_init                            0x000001c3   Thumb Code     0  libinit.o(.ARM.Collect$$libinit$$00000000)
    __rt_lib_init_fp_1                       0x000001c5   Thumb Code     0  libinit2.o(.ARM.Collect$$libinit$$00000001)
    __rt_lib_init_heap_1                     0x000001c9   Thumb Code     0  libinit2.o(.ARM.Collect$$libinit$$0000000A)
    __rt_lib_init_lc_common                  0x000001c9   Thumb Code     0  libinit2.o(.ARM.Collect$$libinit$$0000000F)
    __rt_lib_init_preinit_1                  0x000001c9   Thumb Code     0  libinit2.o(.ARM.Collect$$libinit$$00000004)
    __rt_lib_init_rand_1                     0x000001c9   Thumb Code     0  libinit2.o(.ARM.Collect$$libinit$$0000000E)
    __rt_lib_init_user_alloc_1               0x000001c9   Thumb Code     0  libinit2.o(.ARM.Collect$$libinit$$0000000C)
    __rt_lib_init_lc_collate_1               0x000001cf   Thumb Code     0  libinit2.o(.ARM.Collect$$libinit$$00000011)
    __rt_lib_init_lc_ctype_1                 0x000001cf   Thumb Code     0  libinit2.o(.ARM.Collect$$libinit$$00000013)
    __rt_lib_init_lc_monetary_1              0x000001cf   Thumb Code     0  libinit2.o(.ARM.Collect$$libinit$$00000015)
    __rt_lib_init_lc_numeric_2               0x000001cf   Thumb Code     0  libinit2.o(.ARM.Collect$$libinit$$00000016)
    __rt_lib_init_alloca_1                   0x000001d9   Thumb Code     0  libinit2.o(.ARM.Collect$$libinit$$0000002E)
    __rt_lib_init_argv_1                     0x000001d9   Thumb Code     0  libinit2.o(.ARM.Collect$$libinit$$0000002C)
    __rt_lib_init_atexit_1                   0x000001d9   Thumb Code     0  libinit2.o(.ARM.Collect$$libinit$$0000001B)
    __rt_lib_init_clock_1                    0x000001d9   Thumb Code     0  libinit2.o(.ARM.Collect$$libinit$$00000021)
    __rt_lib_init_cpp_1                      0x000001d9   Thumb Code     0  libinit2.o(.ARM.Collect$$libinit$$00000032)
    __rt_lib_init_exceptions_1               0x000001d9   Thumb Code     0  libinit2.o(.ARM.Collect$$libinit$$00000030)
    __rt_lib_init_fp_trap_1                  0x000001d9   Thumb Code     0  libinit2.o(.ARM.Collect$$libinit$$0000001F)
    __rt_lib_init_getenv_1                   0x000001d9   Thumb Code     0  libinit2.o(.ARM.Collect$$libinit$$00000023)
    __rt_lib_init_lc_numeric_1               0x000001d9   Thumb Code     0  libinit2.o(.ARM.Collect$$libinit$$00000017)
    __rt_lib_init_lc_time_1                  0x000001d9   Thumb Code     0  libinit2.o(.ARM.Collect$$libinit$$00000019)
    __rt_lib_init_return                     0x000001d9   Thumb Code     0  libinit2.o(.ARM.Collect$$libinit$$00000033)
    __rt_lib_init_signal_1                   0x000001d9   Thumb Code     0  libinit2.o(.ARM.Collect$$libinit$$0000001D)
    __rt_lib_init_stdio_1                    0x000001d9   Thumb Code     0  libinit2.o(.ARM.Collect$$libinit$$00000025)
    __rt_lib_shutdown                        0x000001db   Thumb Code     0  libshutdown.o(.ARM.Collect$$libshutdown$$00000000)
    __rt_lib_shutdown_cpp_1                  0x000001dd   Thumb Code     0  libshutdown2.o(.ARM.Collect$$libshutdown$$00000002)
    __rt_lib_shutdown_fp_trap_1              0x000001dd   Thumb Code     0  libshutdown2.o(.ARM.Collect$$libshutdown$$00000007)
    __rt_lib_shutdown_heap_1                 0x000001dd   Thumb Code     0  libshutdown2.o(.ARM.Collect$$libshutdown$$0000000F)
    __rt_lib_shutdown_return                 0x000001dd   Thumb Code     0  libshutdown2.o(.ARM.Collect$$libshutdown$$00000010)
    __rt_lib_shutdown_signal_1               0x000001dd   Thumb Code     0  libshutdown2.o(.ARM.Collect$$libshutdown$$0000000A)
    __rt_lib_shutdown_stdio_1                0x000001dd   Thumb Code     0  libshutdown2.o(.ARM.Collect$$libshutdown$$00000004)
    __rt_lib_shutdown_user_alloc_1           0x000001dd   Thumb Code     0  libshutdown2.o(.ARM.Collect$$libshutdown$$0000000C)
    __rt_entry                               0x000001df   Thumb Code     0  __rtentry.o(.ARM.Collect$$rtentry$$00000000)
    __rt_entry_presh_1                       0x000001df   Thumb Code     0  __rtentry2.o(.ARM.Collect$$rtentry$$00000002)
    __rt_entry_sh                            0x000001df   Thumb Code     0  __rtentry4.o(.ARM.Collect$$rtentry$$00000004)
    __rt_entry_li                            0x000001e5   Thumb Code     0  __rtentry2.o(.ARM.Collect$$rtentry$$0000000A)
    __rt_entry_postsh_1                      0x000001e5   Thumb Code     0  __rtentry2.o(.ARM.Collect$$rtentry$$00000009)
    __rt_entry_main                          0x000001e9   Thumb Code     0  __rtentry2.o(.ARM.Collect$$rtentry$$0000000D)
    __rt_entry_postli_1                      0x000001e9   Thumb Code     0  __rtentry2.o(.ARM.Collect$$rtentry$$0000000C)
    __rt_exit                                0x000001f1   Thumb Code     0  rtexit.o(.ARM.Collect$$rtexit$$00000000)
    __rt_exit_ls                             0x000001f3   Thumb Code     0  rtexit2.o(.ARM.Collect$$rtexit$$00000003)
    __rt_exit_prels_1                        0x000001f3   Thumb Code     0  rtexit2.o(.ARM.Collect$$rtexit$$00000002)
    __rt_exit_exit                           0x000001f7   Thumb Code     0  rtexit2.o(.ARM.Collect$$rtexit$$00000004)
    Reset_Handler                            0x000001fd   Thumb Code     8  startup_msp432p401x_keil.o(.text)
    NMI_Handler                              0x00000205   Thumb Code     2  startup_msp432p401x_keil.o(.text)
    HardFault_Handler                        0x00000207   Thumb Code     2  startup_msp432p401x_keil.o(.text)
    MemManage_Handler                        0x00000209   Thumb Code     2  startup_msp432p401x_keil.o(.text)
    BusFault_Handler                         0x0000020b   Thumb Code     2  startup_msp432p401x_keil.o(.text)
    UsageFault_Handler                       0x0000020d   Thumb Code     2  startup_msp432p401x_keil.o(.text)
    SVC_Handler                              0x0000020f   Thumb Code     2  startup_msp432p401x_keil.o(.text)
    DebugMon_Handler                         0x00000211   Thumb Code     2  startup_msp432p401x_keil.o(.text)
    PendSV_Handler                           0x00000213   Thumb Code     2  startup_msp432p401x_keil.o(.text)
    AES256_IRQHandler                        0x00000217   Thumb Code     0  startup_msp432p401x_keil.o(.text)
    COMP_E0_IRQHandler                       0x00000217   Thumb Code     0  startup_msp432p401x_keil.o(.text)
    COMP_E1_IRQHandler                       0x00000217   Thumb Code     0  startup_msp432p401x_keil.o(.text)
    CS_IRQHandler                            0x00000217   Thumb Code     0  startup_msp432p401x_keil.o(.text)
    DMA_ERR_IRQHandler                       0x00000217   Thumb Code     0  startup_msp432p401x_keil.o(.text)
    DMA_INT0_IRQHandler                      0x00000217   Thumb Code     0  startup_msp432p401x_keil.o(.text)
    DMA_INT1_IRQHandler                      0x00000217   Thumb Code     0  startup_msp432p401x_keil.o(.text)
    DMA_INT2_IRQHandler                      0x00000217   Thumb Code     0  startup_msp432p401x_keil.o(.text)
    DMA_INT3_IRQHandler                      0x00000217   Thumb Code     0  startup_msp432p401x_keil.o(.text)
    EUSCIB0_IRQHandler                       0x00000217   Thumb Code     0  startup_msp432p401x_keil.o(.text)
    EUSCIB1_IRQHandler                       0x00000217   Thumb Code     0  startup_msp432p401x_keil.o(.text)
    EUSCIB2_IRQHandler                       0x00000217   Thumb Code     0  startup_msp432p401x_keil.o(.text)
    EUSCIB3_IRQHandler                       0x00000217   Thumb Code     0  startup_msp432p401x_keil.o(.text)
    FLCTL_IRQHandler                         0x00000217   Thumb Code     0  startup_msp432p401x_keil.o(.text)
    FPU_IRQHandler                           0x00000217   Thumb Code     0  startup_msp432p401x_keil.o(.text)
    PCM_IRQHandler                           0x00000217   Thumb Code     0  startup_msp432p401x_keil.o(.text)
    PSS_IRQHandler                           0x00000217   Thumb Code     0  startup_msp432p401x_keil.o(.text)
    RTC_C_IRQHandler                         0x00000217   Thumb Code     0  startup_msp432p401x_keil.o(.text)
    T32_INT1_IRQHandler                      0x00000217   Thumb Code     0  startup_msp432p401x_keil.o(.text)
    T32_INT2_IRQHandler                      0x00000217   Thumb Code     0  startup_msp432p401x_keil.o(.text)
    T32_INTC_IRQHandler                      0x00000217   Thumb Code     0  startup_msp432p401x_keil.o(.text)
    WDT_A_IRQHandler                         0x00000217   Thumb Code     0  startup_msp432p401x_keil.o(.text)
    __user_initial_stackheap                 0x00000219   Thumb Code    10  startup_msp432p401x_keil.o(.text)
    __2sprintf                               0x00000239   Thumb Code    34  noretval__2sprintf.o(.text)
    __printf                                 0x00000261   Thumb Code   308  __printf_flags_wp.o(.text)
    __use_two_region_memory                  0x00000399   Thumb Code     2  heapauxi.o(.text)
    __rt_heap_escrow$2region                 0x0000039b   Thumb Code     2  heapauxi.o(.text)
    __rt_heap_expand$2region                 0x0000039d   Thumb Code     2  heapauxi.o(.text)
    __lib_sel_fp_printf                      0x0000039f   Thumb Code     2  _printf_fp_dec.o(.text)
    _printf_fp_dec_real                      0x00000551   Thumb Code   620  _printf_fp_dec.o(.text)
    _printf_char_common                      0x000007c7   Thumb Code    32  _printf_char_common.o(.text)
    _sputc                                   0x000007ed   Thumb Code    10  _sputc.o(.text)
    __rt_locale                              0x000007f9   Thumb Code     8  rt_locale_intlibspace.o(.text)
    _ll_udiv10                               0x00000801   Thumb Code   138  lludiv10.o(.text)
    _printf_fp_infnan                        0x0000088d   Thumb Code   112  _printf_fp_infnan.o(.text)
    _btod_etento                             0x0000090d   Thumb Code   224  bigflt0.o(.text)
    __user_libspace                          0x000009f1   Thumb Code     8  libspace.o(.text)
    __user_perproc_libspace                  0x000009f1   Thumb Code     0  libspace.o(.text)
    __user_perthread_libspace                0x000009f1   Thumb Code     0  libspace.o(.text)
    __user_setup_stackheap                   0x000009f9   Thumb Code    74  sys_stackheap_outer.o(.text)
    exit                                     0x00000a43   Thumb Code    18  exit.o(.text)
    strcmp                                   0x00000a55   Thumb Code   128  strcmpv7m.o(.text)
    _sys_exit                                0x00000ad5   Thumb Code     8  sys_exit.o(.text)
    __I$use$semihosting                      0x00000ae1   Thumb Code     0  use_no_semi.o(.text)
    __use_no_semihosting_swi                 0x00000ae1   Thumb Code     2  use_no_semi.o(.text)
    __semihosting_library_function           0x00000ae3   Thumb Code     0  indicate_semi.o(.text)
    _btod_d2e                                0x00000ae3   Thumb Code    62  btod.o(CL$$btod_d2e)
    _d2e_denorm_low                          0x00000b21   Thumb Code    70  btod.o(CL$$btod_d2e_denorm_low)
    _d2e_norm_op1                            0x00000b67   Thumb Code    96  btod.o(CL$$btod_d2e_norm_op1)
    __btod_div_common                        0x00000bc7   Thumb Code   696  btod.o(CL$$btod_div_common)
    _e2e                                     0x00000eff   Thumb Code   220  btod.o(CL$$btod_e2e)
    _btod_ediv                               0x00000fdb   Thumb Code    42  btod.o(CL$$btod_ediv)
    _btod_emul                               0x00001005   Thumb Code    42  btod.o(CL$$btod_emul)
    __btod_mult_common                       0x0000102f   Thumb Code   580  btod.o(CL$$btod_mult_common)
    ADC14_IRQHandler                         0x00001275   Thumb Code    58  exinadc.o(i.ADC14_IRQHandler)
    ADC14_repeatmod_rec                      0x000012b9   Thumb Code    24  exinadc.o(i.ADC14_repeatmod_rec)
    CS_locked                                0x000012d5   Thumb Code     8  exinsystem.o(i.CS_locked)
    CS_unlocked                              0x000012e1   Thumb Code    10  exinsystem.o(i.CS_unlocked)
    DCO_set                                  0x000012f1   Thumb Code    92  exinsystem.o(i.DCO_set)
    EUSCIA0_IRQHandler                       0x00001351   Thumb Code     6  exinuart.o(i.EUSCIA0_IRQHandler)
    EUSCIA1_IRQHandler                       0x0000135d   Thumb Code     6  exinuart.o(i.EUSCIA1_IRQHandler)
    EUSCIA2_IRQHandler                       0x00001369   Thumb Code     6  exinuart.o(i.EUSCIA2_IRQHandler)
    EUSCIA3_IRQHandler                       0x00001375   Thumb Code     6  exinuart.o(i.EUSCIA3_IRQHandler)
    Encoder_clr                              0x00001381   Thumb Code    52  exinencoder.o(i.Encoder_clr)
    HC_SR04_dis                              0x000013c5   Thumb Code   192  exinhc_sr04.o(i.HC_SR04_dis)
    HC_SR04_init                             0x0000149d   Thumb Code    28  exinhc_sr04.o(i.HC_SR04_init)
    MCLK_set                                 0x000014b9   Thumb Code   260  exinsystem.o(i.MCLK_set)
    OLED_Clear                               0x000015c1   Thumb Code    64  oled.o(i.OLED_Clear)
    OLED_Init                                0x00001601   Thumb Code   324  oled.o(i.OLED_Init)
    OLED_Set_Pos                             0x00001745   Thumb Code    42  oled.o(i.OLED_Set_Pos)
    OLED_ShowChar                            0x00001771   Thumb Code    78  oled.o(i.OLED_ShowChar)
    OLED_ShowString                          0x000017c5   Thumb Code    54  oled.o(i.OLED_ShowString)
    OLED_Showfloat                           0x000017fd   Thumb Code    54  oled.o(i.OLED_Showfloat)
    OLED_WR_Byte                             0x00001841   Thumb Code   108  oled.o(i.OLED_WR_Byte)
    PORT1_IRQHandler                         0x000018ad   Thumb Code   112  exinisr.o(i.PORT1_IRQHandler)
    PORT2_IRQHandler                         0x00001921   Thumb Code   158  exinisr.o(i.PORT2_IRQHandler)
    PORT3_IRQHandler                         0x000019c9   Thumb Code   130  exinisr.o(i.PORT3_IRQHandler)
    PORT4_IRQHandler                         0x00001a5d   Thumb Code   170  exinisr.o(i.PORT4_IRQHandler)
    PORT5_IRQHandler                         0x00001b1d   Thumb Code   154  exinisr.o(i.PORT5_IRQHandler)
    PORT6_IRQHandler                         0x00001bc1   Thumb Code   168  exinisr.o(i.PORT6_IRQHandler)
    SMCLK_set                                0x00001c71   Thumb Code   260  exinsystem.o(i.SMCLK_set)
    SysTick_Handler                          0x00001d7d   Thumb Code    12  exinsystem.o(i.SysTick_Handler)
    SystemInit                               0x00001d8d   Thumb Code    86  system_msp432p401x.o(i.SystemInit)
    TA0_0_IRQHandler                         0x00001dfd   Thumb Code    18  exinisr.o(i.TA0_0_IRQHandler)
    TA0_N_IRQHandler                         0x00001e0f   Thumb Code     2  exinisr.o(i.TA0_N_IRQHandler)
    TA1_0_IRQHandler                         0x00001e11   Thumb Code    14  exinisr.o(i.TA1_0_IRQHandler)
    TA1_N_IRQHandler                         0x00001e25   Thumb Code     2  exinisr.o(i.TA1_N_IRQHandler)
    TA2_0_IRQHandler                         0x00001e29   Thumb Code    14  exinisr.o(i.TA2_0_IRQHandler)
    TA2_N_IRQHandler                         0x00001e3d   Thumb Code     2  exinisr.o(i.TA2_N_IRQHandler)
    TA3_0_IRQHandler                         0x00001e41   Thumb Code    28  exinisr.o(i.TA3_0_IRQHandler)
    TA3_N_IRQHandler                         0x00001e61   Thumb Code   290  exinisr.o(i.TA3_N_IRQHandler)
    TimerA_CCRVAL_set                        0x00001f8d   Thumb Code    54  exintimera.o(i.TimerA_CCRVAL_set)
    __ARM_fpclassify                         0x00001fd5   Thumb Code    48  fpclassify.o(i.__ARM_fpclassify)
    _is_digit                                0x00002005   Thumb Code    14  __printf_wp.o(i._is_digit)
    distance_SHOW                            0x00002015   Thumb Code    48  main.o(i.distance_SHOW)
    error                                    0x00002069   Thumb Code    38  exinsystem.o(i.error)
    gpio_disable_Ren                         0x00002095   Thumb Code   182  exingpio.o(i.gpio_disable_Ren)
    gpio_enable_Ren                          0x00002151   Thumb Code   182  exingpio.o(i.gpio_enable_Ren)
    gpio_get                                 0x0000220d   Thumb Code   158  exingpio.o(i.gpio_get)
    gpio_init                                0x000022b1   Thumb Code    96  exingpio.o(i.gpio_init)
    gpio_set                                 0x00002311   Thumb Code    30  exingpio.o(i.gpio_set)
    gpio_set_Asin                            0x00002331   Thumb Code   182  exingpio.o(i.gpio_set_Asin)
    gpio_set_Asout                           0x000023ed   Thumb Code   182  exingpio.o(i.gpio_set_Asout)
    gpio_set_High                            0x000024a9   Thumb Code   182  exingpio.o(i.gpio_set_High)
    gpio_set_Low                             0x00002565   Thumb Code   182  exingpio.o(i.gpio_set_Low)
    main                                     0x00002621   Thumb Code    36  main.o(i.main)
    set_DCO_48MH                             0x00002649   Thumb Code   156  exinsystem.o(i.set_DCO_48MH)
    set_clock_period                         0x000026f5   Thumb Code    12  exinsystem.o(i.set_clock_period)
    system_init                              0x00002701   Thumb Code    26  exinsystem.o(i.system_init)
    systic_clr                               0x00002721   Thumb Code    16  exinsystem.o(i.systic_clr)
    systic_delayms                           0x00002735   Thumb Code    18  exinsystem.o(i.systic_delayms)
    systic_delayus                           0x00002747   Thumb Code    30  exinsystem.o(i.systic_delayus)
    systic_end                               0x00002765   Thumb Code    22  exinsystem.o(i.systic_end)
    systic_init                              0x0000277d   Thumb Code    36  exinsystem.o(i.systic_init)
    systic_read                              0x000027a5   Thumb Code   120  exinsystem.o(i.systic_read)
    systic_start                             0x0000282d   Thumb Code    22  exinsystem.o(i.systic_start)
    _get_lc_numeric                          0x00002845   Thumb Code    44  lc_numeric_c.o(locale$$code)
    __aeabi_d2f                              0x00002871   Thumb Code     0  d2f.o(x$fpl$d2f)
    _d2f                                     0x00002871   Thumb Code    98  d2f.o(x$fpl$d2f)
    __aeabi_ddiv                             0x000028d5   Thumb Code     0  ddiv.o(x$fpl$ddiv)
    _ddiv                                    0x000028d5   Thumb Code   552  ddiv.o(x$fpl$ddiv)
    __aeabi_d2iz                             0x00002b85   Thumb Code     0  dfix.o(x$fpl$dfix)
    _dfix                                    0x00002b85   Thumb Code    94  dfix.o(x$fpl$dfix)
    __aeabi_i2d                              0x00002be3   Thumb Code     0  dflt_clz.o(x$fpl$dflt)
    _dflt                                    0x00002be3   Thumb Code    46  dflt_clz.o(x$fpl$dflt)
    __aeabi_ui2d                             0x00002c11   Thumb Code     0  dflt_clz.o(x$fpl$dfltu)
    _dfltu                                   0x00002c11   Thumb Code    38  dflt_clz.o(x$fpl$dfltu)
    __fpl_dnaninf                            0x00002c37   Thumb Code   156  dnaninf.o(x$fpl$dnaninf)
    __fpl_dretinf                            0x00002cd3   Thumb Code    12  dretinf.o(x$fpl$dretinf)
    __aeabi_f2d                              0x00002ce1   Thumb Code     0  f2d.o(x$fpl$f2d)
    _f2d                                     0x00002ce1   Thumb Code    86  f2d.o(x$fpl$f2d)
    __fpl_fnaninf                            0x00002d37   Thumb Code   140  fnaninf.o(x$fpl$fnaninf)
    _fp_init                                 0x00002dc3   Thumb Code    10  fpinit.o(x$fpl$fpinit)
    __fplib_config_fpu_vfp                   0x00002dcb   Thumb Code     0  fpinit.o(x$fpl$fpinit)
    __fplib_config_pureend_doubles           0x00002dcb   Thumb Code     0  fpinit.o(x$fpl$fpinit)
    __fpl_fretinf                            0x00002dcd   Thumb Code    10  fretinf.o(x$fpl$fretinf)
    _printf_fp_dec                           0x00002dd7   Thumb Code     4  printf1.o(x$fpl$printf1)
    F6x8                                     0x00002dda   Data         552  oled.o(.constdata)
    __I$use$fp                               0x00002dda   Number         0  usenofp.o(x$fpl$usenofp)
    F8X16                                    0x00003002   Data        1520  oled.o(.constdata)
    Hzk                                      0x000035f2   Data         448  oled.o(.constdata)
    Region$$Table$$Base                      0x00003858   Number         0  anon$$obj.o(Region$$Table)
    Region$$Table$$Limit                     0x00003878   Number         0  anon$$obj.o(Region$$Table)
    dirf                                     0x20000000   Data           1  exinadjust.o(.data)
    page_count                               0x20000004   Data           4  exinadjust.o(.data)
    start_flag                               0x20000008   Data           4  exinadjust.o(.data)
    count                                    0x2000000c   Data           4  exinadjust.o(.data)
    testA                                    0x20000010   Data           4  exinadjust.o(.data)
    testB                                    0x20000014   Data           4  exinadjust.o(.data)
    IRQ3_5flag                               0x20000018   Data           1  exinadjust.o(.data)
    IRQ4_6flag                               0x20000019   Data           1  exinadjust.o(.data)
    A_flag                                   0x2000001a   Data           1  exinadjust.o(.data)
    B_flag                                   0x2000001b   Data           1  exinadjust.o(.data)
    timerAcapturePointer                     0x2000001c   Data           2  exinencoder.o(.data)
    encoder_A                                0x20000020   Data           8  exinencoder.o(.data)
    encoder_B                                0x20000028   Data           8  exinencoder.o(.data)
    encoder_C                                0x20000030   Data           8  exinencoder.o(.data)
    encoder_D                                0x20000038   Data           8  exinencoder.o(.data)
    time_counter                             0x20000040   Data           4  exinencoder.o(.data)
    sysc                                     0x20000048   Data           4  exinsystem.o(.data)
    systim                                   0x2000004c   Data           4  exinsystem.o(.data)
    EN                                       0x20000050   Data           1  exinsystem.o(.data)
    n                                        0x20000058   Data           4  oled.o(.data)
    distance                                 0x20000068   Data           4  main.o(.data)
    ADC14_STRUCT                             0x2000006c   Data          48  exinadc.o(.bss)
    CCRn_period_val                          0x2000009c   Data          56  exintimeraint.o(.bss)
    __libspace_start                         0x200000d4   Data          96  libspace.o(.bss)
    __temporary_stack_top$libspace           0x20000134   Data           0  libspace.o(.bss)



==============================================================================

Memory Map of the image

  Image Entry point : 0x00000145

  Load Region LR_IROM1 (Base: 0x00000000, Size: 0x00003900, Max: 0x00040000, ABSOLUTE)

    Execution Region ER_IROM1 (Exec base: 0x00000000, Load base: 0x00000000, Size: 0x00003894, Max: 0x00040000, ABSOLUTE)

    Exec Addr    Load Addr    Size         Type   Attr      Idx    E Section Name        Object

    0x00000000   0x00000000   0x00000144   Data   RO         2106    RESET               startup_msp432p401x_keil.o
    0x00000144   0x00000144   0x00000008   Code   RO         2221  * !!!main             c_w.l(__main.o)
    0x0000014c   0x0000014c   0x00000034   Code   RO         2534    !!!scatter          c_w.l(__scatter.o)
    0x00000180   0x00000180   0x0000001a   Code   RO         2536    !!handler_copy      c_w.l(__scatter_copy.o)
    0x0000019a   0x0000019a   0x00000002   PAD
    0x0000019c   0x0000019c   0x0000001c   Code   RO         2538    !!handler_zi        c_w.l(__scatter_zi.o)
    0x000001b8   0x000001b8   0x00000000   Code   RO         2216    .ARM.Collect$$_printf_percent$$00000000  c_w.l(_printf_percent.o)
    0x000001b8   0x000001b8   0x00000006   Code   RO         2215    .ARM.Collect$$_printf_percent$$00000003  c_w.l(_printf_f.o)
    0x000001be   0x000001be   0x00000004   Code   RO         2292    .ARM.Collect$$_printf_percent$$00000017  c_w.l(_printf_percent_end.o)
    0x000001c2   0x000001c2   0x00000002   Code   RO         2407    .ARM.Collect$$libinit$$00000000  c_w.l(libinit.o)
    0x000001c4   0x000001c4   0x00000004   Code   RO         2408    .ARM.Collect$$libinit$$00000001  c_w.l(libinit2.o)
    0x000001c8   0x000001c8   0x00000000   Code   RO         2411    .ARM.Collect$$libinit$$00000004  c_w.l(libinit2.o)
    0x000001c8   0x000001c8   0x00000000   Code   RO         2414    .ARM.Collect$$libinit$$0000000A  c_w.l(libinit2.o)
    0x000001c8   0x000001c8   0x00000000   Code   RO         2416    .ARM.Collect$$libinit$$0000000C  c_w.l(libinit2.o)
    0x000001c8   0x000001c8   0x00000000   Code   RO         2418    .ARM.Collect$$libinit$$0000000E  c_w.l(libinit2.o)
    0x000001c8   0x000001c8   0x00000006   Code   RO         2419    .ARM.Collect$$libinit$$0000000F  c_w.l(libinit2.o)
    0x000001ce   0x000001ce   0x00000000   Code   RO         2421    .ARM.Collect$$libinit$$00000011  c_w.l(libinit2.o)
    0x000001ce   0x000001ce   0x00000000   Code   RO         2423    .ARM.Collect$$libinit$$00000013  c_w.l(libinit2.o)
    0x000001ce   0x000001ce   0x00000000   Code   RO         2425    .ARM.Collect$$libinit$$00000015  c_w.l(libinit2.o)
    0x000001ce   0x000001ce   0x0000000a   Code   RO         2426    .ARM.Collect$$libinit$$00000016  c_w.l(libinit2.o)
    0x000001d8   0x000001d8   0x00000000   Code   RO         2427    .ARM.Collect$$libinit$$00000017  c_w.l(libinit2.o)
    0x000001d8   0x000001d8   0x00000000   Code   RO         2429    .ARM.Collect$$libinit$$00000019  c_w.l(libinit2.o)
    0x000001d8   0x000001d8   0x00000000   Code   RO         2431    .ARM.Collect$$libinit$$0000001B  c_w.l(libinit2.o)
    0x000001d8   0x000001d8   0x00000000   Code   RO         2433    .ARM.Collect$$libinit$$0000001D  c_w.l(libinit2.o)
    0x000001d8   0x000001d8   0x00000000   Code   RO         2435    .ARM.Collect$$libinit$$0000001F  c_w.l(libinit2.o)
    0x000001d8   0x000001d8   0x00000000   Code   RO         2437    .ARM.Collect$$libinit$$00000021  c_w.l(libinit2.o)
    0x000001d8   0x000001d8   0x00000000   Code   RO         2439    .ARM.Collect$$libinit$$00000023  c_w.l(libinit2.o)
    0x000001d8   0x000001d8   0x00000000   Code   RO         2441    .ARM.Collect$$libinit$$00000025  c_w.l(libinit2.o)
    0x000001d8   0x000001d8   0x00000000   Code   RO         2445    .ARM.Collect$$libinit$$0000002C  c_w.l(libinit2.o)
    0x000001d8   0x000001d8   0x00000000   Code   RO         2447    .ARM.Collect$$libinit$$0000002E  c_w.l(libinit2.o)
    0x000001d8   0x000001d8   0x00000000   Code   RO         2449    .ARM.Collect$$libinit$$00000030  c_w.l(libinit2.o)
    0x000001d8   0x000001d8   0x00000000   Code   RO         2451    .ARM.Collect$$libinit$$00000032  c_w.l(libinit2.o)
    0x000001d8   0x000001d8   0x00000002   Code   RO         2452    .ARM.Collect$$libinit$$00000033  c_w.l(libinit2.o)
    0x000001da   0x000001da   0x00000002   Code   RO         2482    .ARM.Collect$$libshutdown$$00000000  c_w.l(libshutdown.o)
    0x000001dc   0x000001dc   0x00000000   Code   RO         2493    .ARM.Collect$$libshutdown$$00000002  c_w.l(libshutdown2.o)
    0x000001dc   0x000001dc   0x00000000   Code   RO         2495    .ARM.Collect$$libshutdown$$00000004  c_w.l(libshutdown2.o)
    0x000001dc   0x000001dc   0x00000000   Code   RO         2498    .ARM.Collect$$libshutdown$$00000007  c_w.l(libshutdown2.o)
    0x000001dc   0x000001dc   0x00000000   Code   RO         2501    .ARM.Collect$$libshutdown$$0000000A  c_w.l(libshutdown2.o)
    0x000001dc   0x000001dc   0x00000000   Code   RO         2503    .ARM.Collect$$libshutdown$$0000000C  c_w.l(libshutdown2.o)
    0x000001dc   0x000001dc   0x00000000   Code   RO         2506    .ARM.Collect$$libshutdown$$0000000F  c_w.l(libshutdown2.o)
    0x000001dc   0x000001dc   0x00000002   Code   RO         2507    .ARM.Collect$$libshutdown$$00000010  c_w.l(libshutdown2.o)
    0x000001de   0x000001de   0x00000000   Code   RO         2281    .ARM.Collect$$rtentry$$00000000  c_w.l(__rtentry.o)
    0x000001de   0x000001de   0x00000000   Code   RO         2333    .ARM.Collect$$rtentry$$00000002  c_w.l(__rtentry2.o)
    0x000001de   0x000001de   0x00000006   Code   RO         2345    .ARM.Collect$$rtentry$$00000004  c_w.l(__rtentry4.o)
    0x000001e4   0x000001e4   0x00000000   Code   RO         2335    .ARM.Collect$$rtentry$$00000009  c_w.l(__rtentry2.o)
    0x000001e4   0x000001e4   0x00000004   Code   RO         2336    .ARM.Collect$$rtentry$$0000000A  c_w.l(__rtentry2.o)
    0x000001e8   0x000001e8   0x00000000   Code   RO         2338    .ARM.Collect$$rtentry$$0000000C  c_w.l(__rtentry2.o)
    0x000001e8   0x000001e8   0x00000008   Code   RO         2339    .ARM.Collect$$rtentry$$0000000D  c_w.l(__rtentry2.o)
    0x000001f0   0x000001f0   0x00000002   Code   RO         2453    .ARM.Collect$$rtexit$$00000000  c_w.l(rtexit.o)
    0x000001f2   0x000001f2   0x00000000   Code   RO         2460    .ARM.Collect$$rtexit$$00000002  c_w.l(rtexit2.o)
    0x000001f2   0x000001f2   0x00000004   Code   RO         2461    .ARM.Collect$$rtexit$$00000003  c_w.l(rtexit2.o)
    0x000001f6   0x000001f6   0x00000006   Code   RO         2462    .ARM.Collect$$rtexit$$00000004  c_w.l(rtexit2.o)
    0x000001fc   0x000001fc   0x0000003c   Code   RO         2107    .text               startup_msp432p401x_keil.o
    0x00000238   0x00000238   0x00000028   Code   RO         2188    .text               c_w.l(noretval__2sprintf.o)
    0x00000260   0x00000260   0x00000138   Code   RO         2206    .text               c_w.l(__printf_flags_wp.o)
    0x00000398   0x00000398   0x00000006   Code   RO         2219    .text               c_w.l(heapauxi.o)
    0x0000039e   0x0000039e   0x0000041e   Code   RO         2286    .text               c_w.l(_printf_fp_dec.o)
    0x000007bc   0x000007bc   0x00000030   Code   RO         2288    .text               c_w.l(_printf_char_common.o)
    0x000007ec   0x000007ec   0x0000000a   Code   RO         2290    .text               c_w.l(_sputc.o)
    0x000007f6   0x000007f6   0x00000002   PAD
    0x000007f8   0x000007f8   0x00000008   Code   RO         2350    .text               c_w.l(rt_locale_intlibspace.o)
    0x00000800   0x00000800   0x0000008a   Code   RO         2357    .text               c_w.l(lludiv10.o)
    0x0000088a   0x0000088a   0x00000002   PAD
    0x0000088c   0x0000088c   0x00000080   Code   RO         2359    .text               c_w.l(_printf_fp_infnan.o)
    0x0000090c   0x0000090c   0x000000e4   Code   RO         2363    .text               c_w.l(bigflt0.o)
    0x000009f0   0x000009f0   0x00000008   Code   RO         2393    .text               c_w.l(libspace.o)
    0x000009f8   0x000009f8   0x0000004a   Code   RO         2396    .text               c_w.l(sys_stackheap_outer.o)
    0x00000a42   0x00000a42   0x00000012   Code   RO         2398    .text               c_w.l(exit.o)
    0x00000a54   0x00000a54   0x00000080   Code   RO         2400    .text               c_w.l(strcmpv7m.o)
    0x00000ad4   0x00000ad4   0x0000000c   Code   RO         2472    .text               c_w.l(sys_exit.o)
    0x00000ae0   0x00000ae0   0x00000002   Code   RO         2483    .text               c_w.l(use_no_semi.o)
    0x00000ae2   0x00000ae2   0x00000000   Code   RO         2485    .text               c_w.l(indicate_semi.o)
    0x00000ae2   0x00000ae2   0x0000003e   Code   RO         2366    CL$$btod_d2e        c_w.l(btod.o)
    0x00000b20   0x00000b20   0x00000046   Code   RO         2368    CL$$btod_d2e_denorm_low  c_w.l(btod.o)
    0x00000b66   0x00000b66   0x00000060   Code   RO         2367    CL$$btod_d2e_norm_op1  c_w.l(btod.o)
    0x00000bc6   0x00000bc6   0x00000338   Code   RO         2376    CL$$btod_div_common  c_w.l(btod.o)
    0x00000efe   0x00000efe   0x000000dc   Code   RO         2373    CL$$btod_e2e        c_w.l(btod.o)
    0x00000fda   0x00000fda   0x0000002a   Code   RO         2370    CL$$btod_ediv       c_w.l(btod.o)
    0x00001004   0x00001004   0x0000002a   Code   RO         2369    CL$$btod_emul       c_w.l(btod.o)
    0x0000102e   0x0000102e   0x00000244   Code   RO         2375    CL$$btod_mult_common  c_w.l(btod.o)
    0x00001272   0x00001272   0x00000002   PAD
    0x00001274   0x00001274   0x00000044   Code   RO          267    i.ADC14_IRQHandler  exinadc.o
    0x000012b8   0x000012b8   0x0000001c   Code   RO          277    i.ADC14_repeatmod_rec  exinadc.o
    0x000012d4   0x000012d4   0x0000000c   Code   RO         1475    i.CS_locked         exinsystem.o
    0x000012e0   0x000012e0   0x00000010   Code   RO         1476    i.CS_unlocked       exinsystem.o
    0x000012f0   0x000012f0   0x00000060   Code   RO         1477    i.DCO_set           exinsystem.o
    0x00001350   0x00001350   0x0000000c   Code   RO         1712    i.EUSCIA0_IRQHandler  exinuart.o
    0x0000135c   0x0000135c   0x0000000c   Code   RO         1713    i.EUSCIA1_IRQHandler  exinuart.o
    0x00001368   0x00001368   0x0000000c   Code   RO         1714    i.EUSCIA2_IRQHandler  exinuart.o
    0x00001374   0x00001374   0x0000000c   Code   RO         1715    i.EUSCIA3_IRQHandler  exinuart.o
    0x00001380   0x00001380   0x00000044   Code   RO          759    i.Encoder_clr       exinencoder.o
    0x000013c4   0x000013c4   0x000000d8   Code   RO          953    i.HC_SR04_dis       exinhc_sr04.o
    0x0000149c   0x0000149c   0x0000001c   Code   RO          954    i.HC_SR04_init      exinhc_sr04.o
    0x000014b8   0x000014b8   0x00000108   Code   RO         1478    i.MCLK_set          exinsystem.o
    0x000015c0   0x000015c0   0x00000040   Code   RO         1889    i.OLED_Clear        oled.o
    0x00001600   0x00001600   0x00000144   Code   RO         1893    i.OLED_Init         oled.o
    0x00001744   0x00001744   0x0000002a   Code   RO         1895    i.OLED_Set_Pos      oled.o
    0x0000176e   0x0000176e   0x00000002   PAD
    0x00001770   0x00001770   0x00000054   Code   RO         1897    i.OLED_ShowChar     oled.o
    0x000017c4   0x000017c4   0x00000036   Code   RO         1899    i.OLED_ShowString   oled.o
    0x000017fa   0x000017fa   0x00000002   PAD
    0x000017fc   0x000017fc   0x00000044   Code   RO         1900    i.OLED_Showfloat    oled.o
    0x00001840   0x00001840   0x0000006c   Code   RO         1901    i.OLED_WR_Byte      oled.o
    0x000018ac   0x000018ac   0x00000074   Code   RO         1070    i.PORT1_IRQHandler  exinisr.o
    0x00001920   0x00001920   0x000000a8   Code   RO         1071    i.PORT2_IRQHandler  exinisr.o
    0x000019c8   0x000019c8   0x00000094   Code   RO         1072    i.PORT3_IRQHandler  exinisr.o
    0x00001a5c   0x00001a5c   0x000000c0   Code   RO         1073    i.PORT4_IRQHandler  exinisr.o
    0x00001b1c   0x00001b1c   0x000000a4   Code   RO         1074    i.PORT5_IRQHandler  exinisr.o
    0x00001bc0   0x00001bc0   0x000000b0   Code   RO         1075    i.PORT6_IRQHandler  exinisr.o
    0x00001c70   0x00001c70   0x0000010c   Code   RO         1479    i.SMCLK_set         exinsystem.o
    0x00001d7c   0x00001d7c   0x00000010   Code   RO         1480    i.SysTick_Handler   exinsystem.o
    0x00001d8c   0x00001d8c   0x00000070   Code   RO         2115    i.SystemInit        system_msp432p401x.o
    0x00001dfc   0x00001dfc   0x00000012   Code   RO         1076    i.TA0_0_IRQHandler  exinisr.o
    0x00001e0e   0x00001e0e   0x00000002   Code   RO         1077    i.TA0_N_IRQHandler  exinisr.o
    0x00001e10   0x00001e10   0x00000014   Code   RO         1078    i.TA1_0_IRQHandler  exinisr.o
    0x00001e24   0x00001e24   0x00000002   Code   RO         1079    i.TA1_N_IRQHandler  exinisr.o
    0x00001e26   0x00001e26   0x00000002   PAD
    0x00001e28   0x00001e28   0x00000014   Code   RO         1080    i.TA2_0_IRQHandler  exinisr.o
    0x00001e3c   0x00001e3c   0x00000002   Code   RO         1081    i.TA2_N_IRQHandler  exinisr.o
    0x00001e3e   0x00001e3e   0x00000002   PAD
    0x00001e40   0x00001e40   0x00000020   Code   RO         1082    i.TA3_0_IRQHandler  exinisr.o
    0x00001e60   0x00001e60   0x0000012c   Code   RO         1083    i.TA3_N_IRQHandler  exinisr.o
    0x00001f8c   0x00001f8c   0x00000048   Code   RO         1603    i.TimerA_CCRVAL_set  exintimera.o
    0x00001fd4   0x00001fd4   0x00000030   Code   RO         2328    i.__ARM_fpclassify  m_wm.l(fpclassify.o)
    0x00002004   0x00002004   0x0000000e   Code   RO         2204    i._is_digit         c_w.l(__printf_wp.o)
    0x00002012   0x00002012   0x00000002   PAD
    0x00002014   0x00002014   0x00000054   Code   RO         2150    i.distance_SHOW     main.o
    0x00002068   0x00002068   0x0000002c   Code   RO         1481    i.error             exinsystem.o
    0x00002094   0x00002094   0x000000bc   Code   RO          843    i.gpio_disable_Ren  exingpio.o
    0x00002150   0x00002150   0x000000bc   Code   RO          846    i.gpio_enable_Ren   exingpio.o
    0x0000220c   0x0000220c   0x000000a4   Code   RO          847    i.gpio_get          exingpio.o
    0x000022b0   0x000022b0   0x00000060   Code   RO          848    i.gpio_init         exingpio.o
    0x00002310   0x00002310   0x0000001e   Code   RO          850    i.gpio_set          exingpio.o
    0x0000232e   0x0000232e   0x00000002   PAD
    0x00002330   0x00002330   0x000000bc   Code   RO          851    i.gpio_set_Asin     exingpio.o
    0x000023ec   0x000023ec   0x000000bc   Code   RO          852    i.gpio_set_Asout    exingpio.o
    0x000024a8   0x000024a8   0x000000bc   Code   RO          853    i.gpio_set_High     exingpio.o
    0x00002564   0x00002564   0x000000bc   Code   RO          854    i.gpio_set_Low      exingpio.o
    0x00002620   0x00002620   0x00000028   Code   RO         2151    i.main              main.o
    0x00002648   0x00002648   0x000000ac   Code   RO         1482    i.set_DCO_48MH      exinsystem.o
    0x000026f4   0x000026f4   0x0000000c   Code   RO         1483    i.set_clock_period  exinsystem.o
    0x00002700   0x00002700   0x00000020   Code   RO         1484    i.system_init       exinsystem.o
    0x00002720   0x00002720   0x00000014   Code   RO         1485    i.systic_clr        exinsystem.o
    0x00002734   0x00002734   0x00000012   Code   RO         1486    i.systic_delayms    exinsystem.o
    0x00002746   0x00002746   0x0000001e   Code   RO         1487    i.systic_delayus    exinsystem.o
    0x00002764   0x00002764   0x00000016   Code   RO         1488    i.systic_end        exinsystem.o
    0x0000277a   0x0000277a   0x00000002   PAD
    0x0000277c   0x0000277c   0x00000028   Code   RO         1489    i.systic_init       exinsystem.o
    0x000027a4   0x000027a4   0x00000088   Code   RO         1490    i.systic_read       exinsystem.o
    0x0000282c   0x0000282c   0x00000016   Code   RO         1491    i.systic_start      exinsystem.o
    0x00002842   0x00002842   0x00000002   PAD
    0x00002844   0x00002844   0x0000002c   Code   RO         2389    locale$$code        c_w.l(lc_numeric_c.o)
    0x00002870   0x00002870   0x00000062   Code   RO         2223    x$fpl$d2f           fz_wm.l(d2f.o)
    0x000028d2   0x000028d2   0x00000002   PAD
    0x000028d4   0x000028d4   0x000002b0   Code   RO         2232    x$fpl$ddiv          fz_wm.l(ddiv.o)
    0x00002b84   0x00002b84   0x0000005e   Code   RO         2235    x$fpl$dfix          fz_wm.l(dfix.o)
    0x00002be2   0x00002be2   0x0000002e   Code   RO         2240    x$fpl$dflt          fz_wm.l(dflt_clz.o)
    0x00002c10   0x00002c10   0x00000026   Code   RO         2239    x$fpl$dfltu         fz_wm.l(dflt_clz.o)
    0x00002c36   0x00002c36   0x0000009c   Code   RO         2297    x$fpl$dnaninf       fz_wm.l(dnaninf.o)
    0x00002cd2   0x00002cd2   0x0000000c   Code   RO         2299    x$fpl$dretinf       fz_wm.l(dretinf.o)
    0x00002cde   0x00002cde   0x00000002   PAD
    0x00002ce0   0x00002ce0   0x00000056   Code   RO         2251    x$fpl$f2d           fz_wm.l(f2d.o)
    0x00002d36   0x00002d36   0x0000008c   Code   RO         2303    x$fpl$fnaninf       fz_wm.l(fnaninf.o)
    0x00002dc2   0x00002dc2   0x0000000a   Code   RO         2457    x$fpl$fpinit        fz_wm.l(fpinit.o)
    0x00002dcc   0x00002dcc   0x0000000a   Code   RO         2305    x$fpl$fretinf       fz_wm.l(fretinf.o)
    0x00002dd6   0x00002dd6   0x00000004   Code   RO         2253    x$fpl$printf1       fz_wm.l(printf1.o)
    0x00002dda   0x00002dda   0x00000000   Code   RO         2307    x$fpl$usenofp       fz_wm.l(usenofp.o)
    0x00002dda   0x00002dda   0x000009d8   Data   RO         1906    .constdata          oled.o
    0x000037b2   0x000037b2   0x00000011   Data   RO         2207    .constdata          c_w.l(__printf_flags_wp.o)
    0x000037c3   0x000037c3   0x00000001   PAD
    0x000037c4   0x000037c4   0x00000094   Data   RO         2364    .constdata          c_w.l(bigflt0.o)
    0x00003858   0x00003858   0x00000020   Data   RO         2532    Region$$Table       anon$$obj.o
    0x00003878   0x00003878   0x0000001c   Data   RO         2388    locale$$data        c_w.l(lc_numeric_c.o)


    Execution Region RW_IRAM1 (Exec base: 0x20000000, Load base: 0x00003894, Size: 0x00000338, Max: 0x00010000, ABSOLUTE)

    Exec Addr    Load Addr    Size         Type   Attr      Idx    E Section Name        Object

    0x20000000   0x00003894   0x0000001c   Data   RW          538    .data               exinadjust.o
    0x2000001c   0x000038b0   0x00000028   Data   RW          768    .data               exinencoder.o
    0x20000044   0x000038d8   0x00000004   Data   RW          955    .data               exinhc_sr04.o
    0x20000048   0x000038dc   0x00000010   Data   RW         1492    .data               exinsystem.o
    0x20000058   0x000038ec   0x0000000d   Data   RW         1907    .data               oled.o
    0x20000065   0x000038f9   0x00000003   PAD
    0x20000068   0x000038fc   0x00000004   Data   RW         2152    .data               main.o
    0x2000006c        -       0x00000030   Zero   RW          279    .bss                exinadc.o
    0x2000009c        -       0x00000038   Zero   RW         1669    .bss                exintimeraint.o
    0x200000d4        -       0x00000060   Zero   RW         2394    .bss                c_w.l(libspace.o)
    0x20000134   0x00003900   0x00000004   PAD
    0x20000138        -       0x00000000   Zero   RW         2105    HEAP                startup_msp432p401x_keil.o
    0x20000138        -       0x00000200   Zero   RW         2104    STACK               startup_msp432p401x_keil.o



  Load Region LR_IROM2 (Base: 0x00200000, Size: 0x00000000, Max: 0x00004000, ABSOLUTE)

    Execution Region ER_IROM2 (Exec base: 0x00200000, Load base: 0x00200000, Size: 0x00000000, Max: 0x00004000, ABSOLUTE)

    **** No section assigned to this execution region ****


==============================================================================

Image component sizes


      Code (inc. data)   RO Data    RW Data    ZI Data      Debug   Object Name

         0          0          0          0          0       4540   config.o
        96         14          0          0         48       5183   exinadc.o
         0          0          0         28          0        531   exinadjust.o
        68         16          0         40          0       2002   exinencoder.o
      1418        126          0          0          0       6111   exingpio.o
       244         24          0          4          0       1137   exinhc_sr04.o
      1360         98          0          0          0       7638   exinisr.o
      1220        116          0         16          0      10033   exinsystem.o
        72         18          0          0          0        636   exintimera.o
         0          0          0          0         56        690   exintimeraint.o
        48         24          0          0          0       1908   exinuart.o
       124         40          0          4          0       1158   main.o
       744         20       2520         13          0       6285   oled.o
        60         22        324          0        512        900   startup_msp432p401x_keil.o
       112         26          0          0          0        513   system_msp432p401x.o

    ----------------------------------------------------------------------
      5580        544       2876        108        616      49265   Object Totals
         0          0         32          0          0          0   (incl. Generated)
        14          0          0          3          0          0   (incl. Padding)

    ----------------------------------------------------------------------

      Code (inc. data)   RO Data    RW Data    ZI Data      Debug   Library Member Name

         8          0          0          0          0         68   __main.o
       312          4         17          0          0         92   __printf_flags_wp.o
        14          0          0          0          0         68   __printf_wp.o
         0          0          0          0          0          0   __rtentry.o
        12          0          0          0          0          0   __rtentry2.o
         6          0          0          0          0          0   __rtentry4.o
        52          8          0          0          0          0   __scatter.o
        26          0          0          0          0          0   __scatter_copy.o
        28          0          0          0          0          0   __scatter_zi.o
        48          6          0          0          0         96   _printf_char_common.o
         6          0          0          0          0          0   _printf_f.o
      1054          0          0          0          0        216   _printf_fp_dec.o
       128         16          0          0          0         84   _printf_fp_infnan.o
         0          0          0          0          0          0   _printf_percent.o
         4          0          0          0          0          0   _printf_percent_end.o
        10          0          0          0          0         68   _sputc.o
       228          4        148          0          0         96   bigflt0.o
      1936        128          0          0          0        672   btod.o
        18          0          0          0          0         80   exit.o
         6          0          0          0          0        152   heapauxi.o
         0          0          0          0          0          0   indicate_semi.o
        44         10         28          0          0         76   lc_numeric_c.o
         2          0          0          0          0          0   libinit.o
        22          0          0          0          0          0   libinit2.o
         2          0          0          0          0          0   libshutdown.o
         2          0          0          0          0          0   libshutdown2.o
         8          4          0          0         96         68   libspace.o
       138          0          0          0          0         80   lludiv10.o
        40          6          0          0          0         84   noretval__2sprintf.o
         8          4          0          0          0         68   rt_locale_intlibspace.o
         2          0          0          0          0          0   rtexit.o
        10          0          0          0          0          0   rtexit2.o
       128          0          0          0          0         68   strcmpv7m.o
        12          4          0          0          0         68   sys_exit.o
        74          0          0          0          0         80   sys_stackheap_outer.o
         2          0          0          0          0         68   use_no_semi.o
        98          4          0          0          0        140   d2f.o
       688        140          0          0          0        256   ddiv.o
        94          4          0          0          0        140   dfix.o
        84          0          0          0          0        232   dflt_clz.o
       156          4          0          0          0        140   dnaninf.o
        12          0          0          0          0        116   dretinf.o
        86          4          0          0          0        132   f2d.o
       140          4          0          0          0        132   fnaninf.o
        10          0          0          0          0        116   fpinit.o
        10          0          0          0          0        116   fretinf.o
         4          0          0          0          0        116   printf1.o
         0          0          0          0          0          0   usenofp.o
        48          0          0          0          0        124   fpclassify.o

    ----------------------------------------------------------------------
      5834        354        194          0        100       4112   Library Totals
        14          0          1          0          4          0   (incl. Padding)

    ----------------------------------------------------------------------

      Code (inc. data)   RO Data    RW Data    ZI Data      Debug   Library Name

      4390        194        193          0         96       2352   c_w.l
      1382        160          0          0          0       1636   fz_wm.l
        48          0          0          0          0        124   m_wm.l

    ----------------------------------------------------------------------
      5834        354        194          0        100       4112   Library Totals

    ----------------------------------------------------------------------

==============================================================================


      Code (inc. data)   RO Data    RW Data    ZI Data      Debug   

     11414        898       3070        108        716      45529   Grand Totals
     11414        898       3070        108        716      45529   ELF Image Totals
     11414        898       3070        108          0          0   ROM Totals

==============================================================================

    Total RO  Size (Code + RO Data)                14484 (  14.14kB)
    Total RW  Size (RW Data + ZI Data)               824 (   0.80kB)
    Total ROM Size (Code + RO Data + RW Data)      14592 (  14.25kB)

==============================================================================

