Component: ARM Compiler 5.06 update 6 (build 750) Tool: armlink [4d35ed]

==============================================================================

Section Cross References

    exinadc.o(i.ADC14_IRQFG_set) refers to exinadc.o(.bss) for ADC14_STRUCT
    exinadc.o(i.ADC14_IRQHandler) refers to exinadc.o(i.ADC14_repeatmod_rec) for ADC14_repeatmod_rec
    exinadc.o(i.ADC14_IRQHandler) refers to exinadc.o(.bss) for ADC14_STRUCT
    exinadc.o(i.ADC14_PREC_sel) refers to exinadc.o(i.ADC14_convert_disable) for ADC14_convert_disable
    exinadc.o(i.ADC14_PREC_sel) refers to exinadc.o(i.ADC14_convert_end) for ADC14_convert_end
    exinadc.o(i.ADC14_init) refers to exinadc.o(i.ADC14_CHA_sel) for ADC14_CHA_sel
    exinadc.o(i.ADC14_init) refers to exinadc.o(i.ADC14_CLK_sel) for ADC14_CLK_sel
    exinadc.o(i.ADC14_init) refers to exinadc.o(i.ADC14_PREC_sel) for ADC14_PREC_sel
    exinadc.o(i.ADC14_init) refers to exinadc.o(.bss) for ADC14_STRUCT
    exinadc.o(i.ADC14_read_data) refers to exinadc.o(i.ADC14_start) for ADC14_start
    exinadc.o(i.ADC14_read_data) refers to exinadc.o(.bss) for ADC14_STRUCT
    exinadc.o(i.ADC14_repeatmod_init) refers to exinadc.o(i.ADC14_CHAEND_set) for ADC14_CHAEND_set
    exinadc.o(i.ADC14_repeatmod_init) refers to exinadc.o(i.ADC14_CLK_sel) for ADC14_CLK_sel
    exinadc.o(i.ADC14_repeatmod_init) refers to exinadc.o(i.ADC14_PREC_sel) for ADC14_PREC_sel
    exinadc.o(i.ADC14_repeatmod_init) refers to exinadc.o(i.ADC14_MEM_set) for ADC14_MEM_set
    exinadc.o(i.ADC14_repeatmod_init) refers to exinadc.o(i.ADC14_IRQFG_set) for ADC14_IRQFG_set
    exinadc.o(i.ADC14_repeatmod_init) refers to exinadc.o(i.ADC14_convert_enable) for ADC14_convert_enable
    exinadc.o(i.ADC14_repeatmod_init) refers to exinadc.o(.bss) for ADC14_STRUCT
    exinadc.o(i.ADC14_start) refers to exinadc.o(i.ADC14_convert_disable) for ADC14_convert_disable
    exinadc.o(i.ADC14_start) refers to exinadc.o(i.ADC14_convert_end) for ADC14_convert_end
    exinadc.o(i.ADC14_start) refers to exinadc.o(i.ADC14_convert_enable) for ADC14_convert_enable
    exinadc.o(i.ADC14_start) refers to exinadc.o(i.ADC14_convert_start) for ADC14_convert_start
    exinadc0832.o(i.ADC0832_CHA_sel) refers to exinadc0832.o(i.ADC0832_write_DI) for ADC0832_write_DI
    exinadc0832.o(i.ADC0832_disable) refers to exingpio.o(i.gpio_set) for gpio_set
    exinadc0832.o(i.ADC0832_enable) refers to exingpio.o(i.gpio_set) for gpio_set
    exinadc0832.o(i.ADC0832_init) refers to exingpio.o(i.gpio_init) for gpio_init
    exinadc0832.o(i.ADC0832_read_Byte) refers to exinadc0832.o(i.ADC0832_enable) for ADC0832_enable
    exinadc0832.o(i.ADC0832_read_Byte) refers to exinadc0832.o(i.ADC0832_CHA_sel) for ADC0832_CHA_sel
    exinadc0832.o(i.ADC0832_read_Byte) refers to exingpio.o(i.gpio_set) for gpio_set
    exinadc0832.o(i.ADC0832_read_Byte) refers to exinsystem.o(i.systic_delayus) for systic_delayus
    exinadc0832.o(i.ADC0832_read_Byte) refers to exingpio.o(i.gpio_get) for gpio_get
    exinadc0832.o(i.ADC0832_read_Byte) refers to exinadc0832.o(i.ADC0832_disable) for ADC0832_disable
    exinadc0832.o(i.ADC0832_read_Byte) refers to exinadc0832.o(.data) for value
    exinadc0832.o(i.ADC0832_write_DI) refers to exingpio.o(i.gpio_set) for gpio_set
    exinadc0832.o(i.ADC0832_write_DI) refers to exinsystem.o(i.systic_delayus) for systic_delayus
    exinadjust.o(i.OLED_SHOW) refers to oled.o(i.OLED_ShowString) for OLED_ShowString
    exinadjust.o(i.OLED_SHOW) refers to oled.o(i.OLED_ShowNum) for OLED_ShowNum
    exinadjust.o(i.OLED_SHOW) refers to exinadjust.o(.data) for page_count
    exinadjust.o(i.Rotate_INIT) refers to exingpio.o(i.gpio_init) for gpio_init
    exinadjust.o(i.Rotate_INIT) refers to exingpio.o(i.gpio_interrupt_INIT) for gpio_interrupt_INIT
    exinadjust.o(i.Rotate_INIT) refers to exinkey.o(i.key_init) for key_init
    exinadjust.o(i.Rotate_adjust_TEST) refers to exinsystem.o(i.system_init) for system_init
    exinadjust.o(i.Rotate_adjust_TEST) refers to oled.o(i.OLED_Init) for OLED_Init
    exinadjust.o(i.Rotate_adjust_TEST) refers to exinadjust.o(i.Rotate_INIT) for Rotate_INIT
    exinadjust.o(i.Rotate_adjust_TEST) refers to exinadjust.o(i.bianmaqi_tiaocan) for bianmaqi_tiaocan
    exinadjust.o(i.bianmaqi_tiaocan) refers to exinadjust.o(i.OLED_SHOW) for OLED_SHOW
    exinadjust.o(i.bianmaqi_tiaocan) refers to exingpio.o(i.gpio_get) for gpio_get
    exinadjust.o(i.bianmaqi_tiaocan) refers to oled.o(i.OLED_Clear) for OLED_Clear
    exinadjust.o(i.bianmaqi_tiaocan) refers to exinkey.o(i.key_get) for key_get
    exinadjust.o(i.bianmaqi_tiaocan) refers to exinadjust.o(.data) for A_flag
    exineeprom.o(i.EEPROM_init) refers to exineeprom.o(i.EROM_IIC_init) for EROM_IIC_init
    exineeprom.o(i.EEPROM_read_Byte) refers to exineeprom.o(i.EROM_IIC_start) for EROM_IIC_start
    exineeprom.o(i.EEPROM_read_Byte) refers to exineeprom.o(i.EROM_IIC_Send_Byte) for EROM_IIC_Send_Byte
[...]
    ../clib/printf.c                         0x00000000   Number         0  _printf_dec.o ABSOLUTE
    ../clib/printf.c                         0x00000000   Number         0  _printf_fp_dec.o ABSOLUTE
    ../clib/printf.c                         0x00000000   Number         0  __printf_flags.o ABSOLUTE
    ../clib/printf.c                         0x00000000   Number         0  __printf_ss.o ABSOLUTE
    ../clib/printf.c                         0x00000000   Number         0  __printf_flags_ss.o ABSOLUTE
    ../clib/printf.c                         0x00000000   Number         0  __printf_wp.o ABSOLUTE
    ../clib/printf_percent.s                 0x00000000   Number         0  _printf_c.o ABSOLUTE
    ../clib/printf_percent.s                 0x00000000   Number         0  _printf_d.o ABSOLUTE
    ../clib/printf_percent.s                 0x00000000   Number         0  _printf_f.o ABSOLUTE
    ../clib/printf_percent.s                 0x00000000   Number         0  _printf_percent.o ABSOLUTE
    ../clib/printf_percent.s                 0x00000000   Number         0  _printf_percent_end.o ABSOLUTE
    ../clib/signal.c                         0x00000000   Number         0  defsig_abrt_inner.o ABSOLUTE
    ../clib/signal.c                         0x00000000   Number         0  defsig_other.o ABSOLUTE
    ../clib/signal.c                         0x00000000   Number         0  defsig_segv_inner.o ABSOLUTE
    ../clib/signal.c                         0x00000000   Number         0  defsig_cppl_inner.o ABSOLUTE
    ../clib/signal.c                         0x00000000   Number         0  defsig_pvfn_inner.o ABSOLUTE
    ../clib/signal.c                         0x00000000   Number         0  __raise.o ABSOLUTE
    ../clib/signal.c                         0x00000000   Number         0  defsig_general.o ABSOLUTE
    ../clib/signal.c                         0x00000000   Number         0  defsig_exit.o ABSOLUTE
    ../clib/signal.c                         0x00000000   Number         0  defsig_rtmem_formal.o ABSOLUTE
    ../clib/signal.c                         0x00000000   Number         0  defsig_rtmem_outer.o ABSOLUTE
    ../clib/signal.c                         0x00000000   Number         0  defsig_rtmem_inner.o ABSOLUTE
    ../clib/signal.c                         0x00000000   Number         0  defsig_rtred_inner.o ABSOLUTE
    ../clib/signal.c                         0x00000000   Number         0  defsig_fpe_inner.o ABSOLUTE
    ../clib/signal.c                         0x00000000   Number         0  defsig_stak_inner.o ABSOLUTE
    ../clib/signal.s                         0x00000000   Number         0  defsig.o ABSOLUTE
    ../clib/stdlib.c                         0x00000000   Number         0  exit.o ABSOLUTE
    ../fplib/basic.s                         0x00000000   Number         0  basic.o ABSOLUTE
    ../fplib/d2f.s                           0x00000000   Number         0  d2f.o ABSOLUTE
    ../fplib/daddsub.s                       0x00000000   Number         0  daddsub_clz.o ABSOLUTE
    ../fplib/dcmpi.s                         0x00000000   Number         0  dcmpi.o ABSOLUTE
    ../fplib/ddiv.s                          0x00000000   Number         0  ddiv.o ABSOLUTE
    ../fplib/dfix.s                          0x00000000   Number         0  dfix.o ABSOLUTE
    ../fplib/dflt.s                          0x00000000   Number         0  dflt_clz.o ABSOLUTE
    ../fplib/dleqf.s                         0x00000000   Number         0  dleqf.o ABSOLUTE
    ../fplib/dmul.s                          0x00000000   Number         0  dmul.o ABSOLUTE
    ../fplib/dnaninf.s                       0x00000000   Number         0  dnaninf.o ABSOLUTE
    ../fplib/dretinf.s                       0x00000000   Number         0  dretinf.o ABSOLUTE
    ../fplib/drleqf.s                        0x00000000   Number         0  drleqf.o ABSOLUTE
    ../fplib/dsqrt.s                         0x00000000   Number         0  dsqrt_umaal.o ABSOLUTE
    ../fplib/f2d.s                           0x00000000   Number         0  f2d.o ABSOLUTE
    ../fplib/fnaninf.s                       0x00000000   Number         0  fnaninf.o ABSOLUTE
    ../fplib/fpinit.s                        0x00000000   Number         0  fpinit.o ABSOLUTE
    ../fplib/fretinf.s                       0x00000000   Number         0  fretinf.o ABSOLUTE
    ../fplib/istatus.s                       0x00000000   Number         0  istatus.o ABSOLUTE
    ../fplib/printf1.s                       0x00000000   Number         0  printf1.o ABSOLUTE
    ../fplib/usenofp.s                       0x00000000   Number         0  usenofp.o ABSOLUTE
    ../mathlib/atan.c                        0x00000000   Number         0  atan.o ABSOLUTE
    ../mathlib/atan.c                        0x00000000   Number         0  atan_x.o ABSOLUTE
    ../mathlib/dunder.c                      0x00000000   Number         0  dunder.o ABSOLUTE
    ../mathlib/fabs.c                        0x00000000   Number         0  fabs.o ABSOLUTE
    ../mathlib/fpclassify.c                  0x00000000   Number         0  fpclassify.o ABSOLUTE
    ../mathlib/poly.c                        0x00000000   Number         0  poly.o ABSOLUTE
    ../mathlib/sqrt.c                        0x00000000   Number         0  sqrt.o ABSOLUTE
    ../mathlib/sqrt.c                        0x00000000   Number         0  sqrt_x.o ABSOLUTE
    ..\\start\\system_msp432p401x.c          0x00000000   Number         0  system_msp432p401x.o ABSOLUTE
    ..\start\startup_msp432p401x_keil.s      0x00000000   Number         0  startup_msp432p401x_keil.o ABSOLUTE
    ..\start\system_msp432p401x.c            0x00000000   Number         0  system_msp432p401x.o ABSOLUTE
    dc.s                                     0x00000000   Number         0  dc.o ABSOLUTE
    exinlibs\LMT70RD.c                       0x00000000   Number         0  lmt70rd.o ABSOLUTE
    exinlibs\Oscill_OLED.c                   0x00000000   Number         0  oscill_oled.o ABSOLUTE
    exinlibs\\LMT70RD.c                      0x00000000   Number         0  lmt70rd.o ABSOLUTE
    exinlibs\\Oscill_OLED.c                  0x00000000   Number         0  oscill_oled.o ABSOLUTE
    exinlibs\\config.c                       0x00000000   Number         0  config.o ABSOLUTE
    exinlibs\\exinADC.c                      0x00000000   Number         0  exinadc.o ABSOLUTE
    exinlibs\\exinADC0832.c                  0x00000000   Number         0  exinadc0832.o ABSOLUTE
    exinlibs\\exinHC_SR04.c                  0x00000000   Number         0  exinhc_sr04.o ABSOLUTE
    exinlibs\\exinIIC.c                      0x00000000   Number         0  exiniic.o ABSOLUTE
    exinlibs\\exinMPU6050.c                  0x00000000   Number         0  exinmpu6050.o ABSOLUTE
    exinlibs\\exinTimerA.c                   0x00000000   Number         0  exintimera.o ABSOLUTE
    exinlibs\\exinTimerAINT.c                0x00000000   Number         0  exintimeraint.o ABSOLUTE
    exinlibs\\exinadjust.c                   0x00000000   Number         0  exinadjust.o ABSOLUTE
    exinlibs\\exineeprom.c                   0x00000000   Number         0  exineeprom.o ABSOLUTE
    exinlibs\\exinencoder.c                  0x00000000   Number         0  exinencoder.o ABSOLUTE
    exinlibs\\exingpio.c                     0x00000000   Number         0  exingpio.o ABSOLUTE
    exinlibs\\exinisr.c                      0x00000000   Number         0  exinisr.o ABSOLUTE
    exinlibs\\exinkey.c                      0x00000000   Number         0  exinkey.o ABSOLUTE
    exinlibs\\exinmotor.c                    0x00000000   Number         0  exinmotor.o ABSOLUTE
    exinlibs\\exinpwm.c                      0x00000000   Number         0  exinpwm.o ABSOLUTE
    exinlibs\\exinsteer.c                    0x00000000   Number         0  exinsteer.o ABSOLUTE
    exinlibs\\exinsystem.c                   0x00000000   Number         0  exinsystem.o ABSOLUTE
    exinlibs\\exinuart.c                     0x00000000   Number         0  exinuart.o ABSOLUTE
    exinlibs\\oled.c                         0x00000000   Number         0  oled.o ABSOLUTE
    exinlibs\config.c                        0x00000000   Number         0  config.o ABSOLUTE
    exinlibs\exinADC.c                       0x00000000   Number         0  exinadc.o ABSOLUTE
    exinlibs\exinADC0832.c                   0x00000000   Number         0  exinadc0832.o ABSOLUTE
    exinlibs\exinHC_SR04.c                   0x00000000   Number         0  exinhc_sr04.o ABSOLUTE
    exinlibs\exinIIC.c                       0x00000000   Number         0  exiniic.o ABSOLUTE
    exinlibs\exinMPU6050.c                   0x00000000   Number         0  exinmpu6050.o ABSOLUTE
    exinlibs\exinTimerA.c                    0x00000000   Number         0  exintimera.o ABSOLUTE
    exinlibs\exinTimerAINT.c                 0x00000000   Number         0  exintimeraint.o ABSOLUTE
    exinlibs\exin_library_map_guide.c        0x00000000   Number         0  exin_library_map_guide.o ABSOLUTE
    exinlibs\exinadjust.c                    0x00000000   Number         0  exinadjust.o ABSOLUTE
    exinlibs\exineeprom.c                    0x00000000   Number         0  exineeprom.o ABSOLUTE
    exinlibs\exinencoder.c                   0x00000000   Number         0  exinencoder.o ABSOLUTE
    exinlibs\exingpio.c                      0x00000000   Number         0  exingpio.o ABSOLUTE
    exinlibs\exinisr.c                       0x00000000   Number         0  exinisr.o ABSOLUTE
    exinlibs\exinkey.c                       0x00000000   Number         0  exinkey.o ABSOLUTE
    exinlibs\exinmotor.c                     0x00000000   Number         0  exinmotor.o ABSOLUTE
    exinlibs\exinpwm.c                       0x00000000   Number         0  exinpwm.o ABSOLUTE
    exinlibs\exinsteer.c                     0x00000000   Number         0  exinsteer.o ABSOLUTE
    exinlibs\exinsystem.c                    0x00000000   Number         0  exinsystem.o ABSOLUTE
    exinlibs\exinuart.c                      0x00000000   Number         0  exinuart.o ABSOLUTE
    exinlibs\oled.c                          0x00000000   Number         0  oled.o ABSOLUTE
    main.c                                   0x00000000   Number         0  main.o ABSOLUTE
    main.c                                   0x00000000   Number         0  main.o ABSOLUTE
    !!!main                                  0x00000144   Section        8  __main.o(!!!main)
    !!!scatter                               0x0000014c   Section       52  __scatter.o(!!!scatter)
    !!handler_copy                           0x00000180   Section       26  __scatter_copy.o(!!handler_copy)
    !!handler_zi                             0x0000019c   Section       28  __scatter_zi.o(!!handler_zi)
    .ARM.Collect$$_printf_percent$$00000000  0x000001b8   Section        0  _printf_percent.o(.ARM.Collect$$_printf_percent$$00000000)
    .ARM.Collect$$_printf_percent$$00000003  0x000001b8   Section        6  _printf_f.o(.ARM.Collect$$_printf_percent$$00000003)
    .ARM.Collect$$_printf_percent$$00000009  0x000001be   Section        6  _printf_d.o(.ARM.Collect$$_printf_percent$$00000009)
    .ARM.Collect$$_printf_percent$$00000013  0x000001c4   Section        6  _printf_c.o(.ARM.Collect$$_printf_percent$$00000013)
    .ARM.Collect$$_printf_percent$$00000017  0x000001ca   Section        4  _printf_percent_end.o(.ARM.Collect$$_printf_percent$$00000017)
    .ARM.Collect$$libinit$$00000000          0x000001ce   Section        2  libinit.o(.ARM.Collect$$libinit$$00000000)
    .ARM.Collect$$libinit$$00000001          0x000001d0   Section        4  libinit2.o(.ARM.Collect$$libinit$$00000001)
    .ARM.Collect$$libinit$$00000004          0x000001d4   Section        0  libinit2.o(.ARM.Collect$$libinit$$00000004)
    .ARM.Collect$$libinit$$0000000A          0x000001d4   Section        0  libinit2.o(.ARM.Collect$$libinit$$0000000A)
    .ARM.Collect$$libinit$$0000000C          0x000001d4   Section        0  libinit2.o(.ARM.Collect$$libinit$$0000000C)
    .ARM.Collect$$libinit$$0000000E          0x000001d4   Section        0  libinit2.o(.ARM.Collect$$libinit$$0000000E)
    .ARM.Collect$$libinit$$0000000F          0x000001d4   Section        6  libinit2.o(.ARM.Collect$$libinit$$0000000F)
    .ARM.Collect$$libinit$$00000011          0x000001da   Section        0  libinit2.o(.ARM.Collect$$libinit$$00000011)
    .ARM.Collect$$libinit$$00000013          0x000001da   Section        0  libinit2.o(.ARM.Collect$$libinit$$00000013)
    .ARM.Collect$$libinit$$00000015          0x000001da   Section        0  libinit2.o(.ARM.Collect$$libinit$$00000015)
    .ARM.Collect$$libinit$$00000016          0x000001da   Section       10  libinit2.o(.ARM.Collect$$libinit$$00000016)
    .ARM.Collect$$libinit$$00000017          0x000001e4   Section        0  libinit2.o(.ARM.Collect$$libinit$$00000017)
    .ARM.Collect$$libinit$$00000019          0x000001e4   Section        0  libinit2.o(.ARM.Collect$$libinit$$00000019)
    .ARM.Collect$$libinit$$0000001B          0x000001e4   Section        0  libinit2.o(.ARM.Collect$$libinit$$0000001B)
    .ARM.Collect$$libinit$$0000001D          0x000001e4   Section        0  libinit2.o(.ARM.Collect$$libinit$$0000001D)
    .ARM.Collect$$libinit$$0000001F          0x000001e4   Section        0  libinit2.o(.ARM.Collect$$libinit$$0000001F)
    .ARM.Collect$$libinit$$00000021          0x000001e4   Section        0  libinit2.o(.ARM.Collect$$libinit$$00000021)
    .ARM.Collect$$libinit$$00000023          0x000001e4   Section        0  libinit2.o(.ARM.Collect$$libinit$$00000023)
    .ARM.Collect$$libinit$$00000025          0x000001e4   Section        0  libinit2.o(.ARM.Collect$$libinit$$00000025)
    .ARM.Collect$$libinit$$0000002C          0x000001e4   Section        0  libinit2.o(.ARM.Collect$$libinit$$0000002C)
    .ARM.Collect$$libinit$$0000002E          0x000001e4   Section        0  libinit2.o(.ARM.Collect$$libinit$$0000002E)
    .ARM.Collect$$libinit$$00000030          0x000001e4   Section        0  libinit2.o(.ARM.Collect$$libinit$$00000030)
    .ARM.Collect$$libinit$$00000032          0x000001e4   Section        0  libinit2.o(.ARM.Collect$$libinit$$00000032)
    .ARM.Collect$$libinit$$00000033          0x000001e4   Section        2  libinit2.o(.ARM.Collect$$libinit$$00000033)
    .ARM.Collect$$libshutdown$$00000000      0x000001e6   Section        2  libshutdown.o(.ARM.Collect$$libshutdown$$00000000)
    .ARM.Collect$$libshutdown$$00000002      0x000001e8   Section        0  libshutdown2.o(.ARM.Collect$$libshutdown$$00000002)
    .ARM.Collect$$libshutdown$$00000004      0x000001e8   Section        0  libshutdown2.o(.ARM.Collect$$libshutdown$$00000004)
    .ARM.Collect$$libshutdown$$00000007      0x000001e8   Section        0  libshutdown2.o(.ARM.Collect$$libshutdown$$00000007)
    .ARM.Collect$$libshutdown$$0000000A      0x000001e8   Section        0  libshutdown2.o(.ARM.Collect$$libshutdown$$0000000A)
    .ARM.Collect$$libshutdown$$0000000C      0x000001e8   Section        0  libshutdown2.o(.ARM.Collect$$libshutdown$$0000000C)
    .ARM.Collect$$libshutdown$$0000000F      0x000001e8   Section        0  libshutdown2.o(.ARM.Collect$$libshutdown$$0000000F)
    .ARM.Collect$$libshutdown$$00000010      0x000001e8   Section        2  libshutdown2.o(.ARM.Collect$$libshutdown$$00000010)
    .ARM.Collect$$rtentry$$00000000          0x000001ea   Section        0  __rtentry.o(.ARM.Collect$$rtentry$$00000000)
    .ARM.Collect$$rtentry$$00000002          0x000001ea   Section        0  __rtentry2.o(.ARM.Collect$$rtentry$$00000002)
    .ARM.Collect$$rtentry$$00000004          0x000001ea   Section        6  __rtentry4.o(.ARM.Collect$$rtentry$$00000004)
    .ARM.Collect$$rtentry$$00000009          0x000001f0   Section        0  __rtentry2.o(.ARM.Collect$$rtentry$$00000009)
    .ARM.Collect$$rtentry$$0000000A          0x000001f0   Section        4  __rtentry2.o(.ARM.Collect$$rtentry$$0000000A)
    .ARM.Collect$$rtentry$$0000000C          0x000001f4   Section        0  __rtentry2.o(.ARM.Collect$$rtentry$$0000000C)
    .ARM.Collect$$rtentry$$0000000D          0x000001f4   Section        8  __rtentry2.o(.ARM.Collect$$rtentry$$0000000D)
    .ARM.Collect$$rtexit$$00000000           0x000001fc   Section        2  rtexit.o(.ARM.Collect$$rtexit$$00000000)
    .ARM.Collect$$rtexit$$00000002           0x000001fe   Section        0  rtexit2.o(.ARM.Collect$$rtexit$$00000002)
    .ARM.Collect$$rtexit$$00000003           0x000001fe   Section        4  rtexit2.o(.ARM.Collect$$rtexit$$00000003)
    .ARM.Collect$$rtexit$$00000004           0x00000202   Section        6  rtexit2.o(.ARM.Collect$$rtexit$$00000004)
    .text                                    0x00000208   Section       60  startup_msp432p401x_keil.o(.text)
    $v0                                      0x00000208   Number         0  startup_msp432p401x_keil.o(.text)
    .text                                    0x00000244   Section        0  noretval__2sprintf.o(.text)
    .text                                    0x0000026c   Section        0  _printf_str.o(.text)
    .text                                    0x000002c0   Section        0  _printf_dec.o(.text)
    .text                                    0x00000338   Section        0  __printf_flags_wp.o(.text)
    .text                                    0x00000470   Section        0  heapauxi.o(.text)
    .text                                    0x00000476   Section        0  _printf_intcommon.o(.text)
    .text                                    0x00000528   Section        0  _printf_fp_dec.o(.text)
    _fp_digits                               0x0000052b   Thumb Code   432  _printf_fp_dec.o(.text)
    .text                                    0x00000948   Section        0  _printf_char_common.o(.text)
    _printf_input_char                       0x00000949   Thumb Code    10  _printf_char_common.o(.text)
    .text                                    0x00000978   Section        0  _sputc.o(.text)
    .text                                    0x00000982   Section        0  _printf_char.o(.text)
    .text                                    0x000009b0   Section        8  rt_locale_intlibspace.o(.text)
    .text                                    0x000009b8   Section      138  lludiv10.o(.text)
    .text                                    0x00000a44   Section        0  _printf_fp_infnan.o(.text)
    .text                                    0x00000ac4   Section        0  bigflt0.o(.text)
    .text                                    0x00000ba8   Section        8  libspace.o(.text)
    .text                                    0x00000bb0   Section       74  sys_stackheap_outer.o(.text)
    .text                                    0x00000bfa   Section        0  exit.o(.text)
    .text                                    0x00000c0c   Section      128  strcmpv7m.o(.text)
    .text                                    0x00000c8c   Section        0  sys_exit.o(.text)
    .text                                    0x00000c98   Section        2  use_no_semi.o(.text)
    .text                                    0x00000c9a   Section        0  indicate_semi.o(.text)
    CL$$btod_d2e                             0x00000c9a   Section       62  btod.o(CL$$btod_d2e)
    CL$$btod_d2e_denorm_low                  0x00000cd8   Section       70  btod.o(CL$$btod_d2e_denorm_low)
    CL$$btod_d2e_norm_op1                    0x00000d1e   Section       96  btod.o(CL$$btod_d2e_norm_op1)
    CL$$btod_div_common                      0x00000d7e   Section      824  btod.o(CL$$btod_div_common)
    CL$$btod_e2e                             0x000010b6   Section      220  btod.o(CL$$btod_e2e)
    CL$$btod_ediv                            0x00001192   Section       42  btod.o(CL$$btod_ediv)
    CL$$btod_emul                            0x000011bc   Section       42  btod.o(CL$$btod_emul)
    CL$$btod_mult_common                     0x000011e6   Section      580  btod.o(CL$$btod_mult_common)
    i.ADC14_IRQHandler                       0x0000142c   Section        0  exinadc.o(i.ADC14_IRQHandler)
    i.ADC14_repeatmod_rec                    0x00001470   Section        0  exinadc.o(i.ADC14_repeatmod_rec)
    i.CS_locked                              0x0000148c   Section        0  exinsystem.o(i.CS_locked)
    i.CS_unlocked                            0x00001498   Section        0  exinsystem.o(i.CS_unlocked)
    i.DCO_set                                0x000014a8   Section        0  exinsystem.o(i.DCO_set)
    i.EEPROM_init                            0x00001508   Section        0  exineeprom.o(i.EEPROM_init)
    i.EEPROM_read_Byte                       0x00001510   Section        0  exineeprom.o(i.EEPROM_read_Byte)
    i.EEPROM_read_double                     0x00001578   Section        0  exineeprom.o(i.EEPROM_read_double)
    i.EEPROM_read_float                      0x000015c0   Section        0  exineeprom.o(i.EEPROM_read_float)
    i.EEPROM_read_int                        0x000015f8   Section        0  exineeprom.o(i.EEPROM_read_int)
    i.EEPROM_read_len                        0x00001624   Section        0  exineeprom.o(i.EEPROM_read_len)
    i.EEPROM_read_short                      0x000016b0   Section        0  exineeprom.o(i.EEPROM_read_short)
    i.EEPROM_reset                           0x000016e0   Section        0  exineeprom.o(i.EEPROM_reset)
    i.EEPROM_write_Byte                      0x00001740   Section        0  exineeprom.o(i.EEPROM_write_Byte)
    i.EEPROM_write_double                    0x0000179c   Section        0  exineeprom.o(i.EEPROM_write_double)
    i.EEPROM_write_float                     0x000017d4   Section        0  exineeprom.o(i.EEPROM_write_float)
    i.EEPROM_write_int                       0x00001808   Section        0  exineeprom.o(i.EEPROM_write_int)
    i.EEPROM_write_len                       0x00001834   Section        0  exineeprom.o(i.EEPROM_write_len)
    i.EEPROM_write_short                     0x000018a4   Section        0  exineeprom.o(i.EEPROM_write_short)
    i.EROM_Check_ACK                         0x000018d0   Section        0  exineeprom.o(i.EROM_Check_ACK)
    i.EROM_IIC_ACK                           0x0000192c   Section        0  exineeprom.o(i.EROM_IIC_ACK)
    i.EROM_IIC_NACK                          0x00001970   Section        0  exineeprom.o(i.EROM_IIC_NACK)
    i.EROM_IIC_Read_Byte                     0x000019b4   Section        0  exineeprom.o(i.EROM_IIC_Read_Byte)
    i.EROM_IIC_Send_Byte                     0x00001a10   Section        0  exineeprom.o(i.EROM_IIC_Send_Byte)
    i.EROM_IIC_init                          0x00001a80   Section        0  exineeprom.o(i.EROM_IIC_init)
    i.EROM_IIC_start                         0x00001ab0   Section        0  exineeprom.o(i.EROM_IIC_start)
    i.EROM_IIC_stop                          0x00001af4   Section        0  exineeprom.o(i.EROM_IIC_stop)
    i.EUSCIA0_IRQHandler                     0x00001b40   Section        0  exinuart.o(i.EUSCIA0_IRQHandler)
    i.EUSCIA1_IRQHandler                     0x00001b4c   Section        0  exinuart.o(i.EUSCIA1_IRQHandler)
    i.EUSCIA2_IRQHandler                     0x00001b58   Section        0  exinuart.o(i.EUSCIA2_IRQHandler)
    i.EUSCIA3_IRQHandler                     0x00001b64   Section        0  exinuart.o(i.EUSCIA3_IRQHandler)
    i.IIC_stop                               0x00001b70   Section        0  exiniic.o(i.IIC_stop)
    i.MCLK_set                               0x00001bbc   Section        0  exinsystem.o(i.MCLK_set)
    i.OLED_Clear                             0x00001cc4   Section        0  oled.o(i.OLED_Clear)
    i.OLED_Init                              0x00001d04   Section        0  oled.o(i.OLED_Init)
    i.OLED_Set_Pos                           0x00001e48   Section        0  oled.o(i.OLED_Set_Pos)
    i.OLED_ShowChar                          0x00001e74   Section        0  oled.o(i.OLED_ShowChar)
    i.OLED_ShowString                        0x00001ec8   Section        0  oled.o(i.OLED_ShowString)
    i.OLED_WR_Byte                           0x00001efe   Section        0  oled.o(i.OLED_WR_Byte)
    i.PORT1_IRQHandler                       0x00001f6c   Section        0  exinisr.o(i.PORT1_IRQHandler)
    i.PORT2_IRQHandler                       0x00001fe0   Section        0  exinisr.o(i.PORT2_IRQHandler)
    i.PORT3_IRQHandler                       0x00002088   Section        0  exinisr.o(i.PORT3_IRQHandler)
    i.PORT4_IRQHandler                       0x0000211c   Section        0  exinisr.o(i.PORT4_IRQHandler)
    i.PORT5_IRQHandler                       0x000021dc   Section        0  exinisr.o(i.PORT5_IRQHandler)
    i.PORT6_IRQHandler                       0x00002280   Section        0  exinisr.o(i.PORT6_IRQHandler)
    i.SMCLK_set                              0x00002330   Section        0  exinsystem.o(i.SMCLK_set)
    i.SysTick_Handler                        0x0000243c   Section        0  exinsystem.o(i.SysTick_Handler)
    i.SystemInit                             0x0000244c   Section        0  system_msp432p401x.o(i.SystemInit)
    i.TA0_0_IRQHandler                       0x000024bc   Section        0  exinisr.o(i.TA0_0_IRQHandler)
    i.TA0_N_IRQHandler                       0x000024ce   Section        0  exinisr.o(i.TA0_N_IRQHandler)
    i.TA1_0_IRQHandler                       0x000024d0   Section        0  exinisr.o(i.TA1_0_IRQHandler)
    i.TA1_N_IRQHandler                       0x000024e4   Section        0  exinisr.o(i.TA1_N_IRQHandler)
    i.TA2_0_IRQHandler                       0x000024e8   Section        0  exinisr.o(i.TA2_0_IRQHandler)
    i.TA2_N_IRQHandler                       0x000024fc   Section        0  exinisr.o(i.TA2_N_IRQHandler)
    i.TA3_0_IRQHandler                       0x00002500   Section        0  exinisr.o(i.TA3_0_IRQHandler)
    i.TA3_N_IRQHandler                       0x00002514   Section        0  exinisr.o(i.TA3_N_IRQHandler)
    i.TimerA_CCRVAL_set                      0x00002640   Section        0  exintimera.o(i.TimerA_CCRVAL_set)
    i.__ARM_fpclassify                       0x00002688   Section        0  fpclassify.o(i.__ARM_fpclassify)
    i._is_digit                              0x000026b8   Section        0  __printf_wp.o(i._is_digit)
    i.error                                  0x000026c8   Section        0  exinsystem.o(i.error)
    i.gpio_disable_Ren                       0x000026f4   Section        0  exingpio.o(i.gpio_disable_Ren)
    i.gpio_enable_Ren                        0x000027b0   Section        0  exingpio.o(i.gpio_enable_Ren)
    i.gpio_get                               0x0000286c   Section        0  exingpio.o(i.gpio_get)
    i.gpio_init                              0x00002910   Section        0  exingpio.o(i.gpio_init)
    i.gpio_set                               0x00002970   Section        0  exingpio.o(i.gpio_set)
    i.gpio_set_Asin                          0x00002990   Section        0  exingpio.o(i.gpio_set_Asin)
    i.gpio_set_Asout                         0x00002a4c   Section        0  exingpio.o(i.gpio_set_Asout)
    i.gpio_set_High                          0x00002b08   Section        0  exingpio.o(i.gpio_set_High)
    i.gpio_set_Low                           0x00002bc4   Section        0  exingpio.o(i.gpio_set_Low)
    i.main                                   0x00002c80   Section        0  main.o(i.main)
    i.set_DCO_48MH                           0x00002e0c   Section        0  exinsystem.o(i.set_DCO_48MH)
    i.set_clock_period                       0x00002eb8   Section        0  exinsystem.o(i.set_clock_period)
    i.system_init                            0x00002ec4   Section        0  exinsystem.o(i.system_init)
    i.systic_clr                             0x00002ee4   Section        0  exinsystem.o(i.systic_clr)
    i.systic_delayms                         0x00002ef8   Section        0  exinsystem.o(i.systic_delayms)
    i.systic_delayus                         0x00002f0a   Section        0  exinsystem.o(i.systic_delayus)
    i.systic_end                             0x00002f28   Section        0  exinsystem.o(i.systic_end)
    i.systic_init                            0x00002f40   Section        0  exinsystem.o(i.systic_init)
    i.systic_read                            0x00002f68   Section        0  exinsystem.o(i.systic_read)
    i.systic_start                           0x00002ff0   Section        0  exinsystem.o(i.systic_start)
    locale$$code                             0x00003008   Section       44  lc_numeric_c.o(locale$$code)
    x$fpl$ddiv                               0x00003034   Section      688  ddiv.o(x$fpl$ddiv)
    $v0                                      0x00003034   Number         0  ddiv.o(x$fpl$ddiv)
    ddiv_entry                               0x0000303b   Thumb Code     0  ddiv.o(x$fpl$ddiv)
    x$fpl$dfix                               0x000032e4   Section       94  dfix.o(x$fpl$dfix)
    $v0                                      0x000032e4   Number         0  dfix.o(x$fpl$dfix)
    x$fpl$dfltu                              0x00003342   Section       38  dflt_clz.o(x$fpl$dfltu)
    $v0                                      0x00003342   Number         0  dflt_clz.o(x$fpl$dfltu)
    x$fpl$dnaninf                            0x00003368   Section      156  dnaninf.o(x$fpl$dnaninf)
    $v0                                      0x00003368   Number         0  dnaninf.o(x$fpl$dnaninf)
    x$fpl$dretinf                            0x00003404   Section       12  dretinf.o(x$fpl$dretinf)
    $v0                                      0x00003404   Number         0  dretinf.o(x$fpl$dretinf)
    x$fpl$f2d                                0x00003410   Section       86  f2d.o(x$fpl$f2d)
    $v0                                      0x00003410   Number         0  f2d.o(x$fpl$f2d)
    x$fpl$fnaninf                            0x00003466   Section      140  fnaninf.o(x$fpl$fnaninf)
    $v0                                      0x00003466   Number         0  fnaninf.o(x$fpl$fnaninf)
    x$fpl$fpinit                             0x000034f2   Section       10  fpinit.o(x$fpl$fpinit)
    $v0                                      0x000034f2   Number         0  fpinit.o(x$fpl$fpinit)
    x$fpl$printf1                            0x000034fc   Section        4  printf1.o(x$fpl$printf1)
    $v0                                      0x000034fc   Number         0  printf1.o(x$fpl$printf1)
    .constdata                               0x00003500   Section     2520  oled.o(.constdata)
    x$fpl$usenofp                            0x00003500   Section        0  usenofp.o(x$fpl$usenofp)
    .constdata                               0x00003ed8   Section       17  __printf_flags_wp.o(.constdata)
    maptable                                 0x00003ed8   Data          17  __printf_flags_wp.o(.constdata)
    .constdata                               0x00003eec   Section      148  bigflt0.o(.constdata)
    tenpwrs_x                                0x00003eec   Data          60  bigflt0.o(.constdata)
    tenpwrs_i                                0x00003f28   Data          64  bigflt0.o(.constdata)
    .conststring                             0x00003f80   Section       12  main.o(.conststring)
    locale$$data                             0x00003fac   Section       28  lc_numeric_c.o(locale$$data)
    __lcnum_c_name                           0x00003fb0   Data           2  lc_numeric_c.o(locale$$data)
    __lcnum_c_start                          0x00003fb8   Data           0  lc_numeric_c.o(locale$$data)
    __lcnum_c_point                          0x00003fc4   Data           0  lc_numeric_c.o(locale$$data)
    __lcnum_c_thousands                      0x00003fc6   Data           0  lc_numeric_c.o(locale$$data)
    __lcnum_c_grouping                       0x00003fc7   Data           0  lc_numeric_c.o(locale$$data)
    __lcnum_c_end                            0x00003fc8   Data           0  lc_numeric_c.o(locale$$data)
    .data                                    0x20000000   Section       28  exinadjust.o(.data)
    .data                                    0x20000020   Section       32  exineeprom.o(.data)
    .data                                    0x20000040   Section       40  exinencoder.o(.data)
    .data                                    0x20000068   Section       16  exinsystem.o(.data)
    sys_us                                   0x20000074   Data           4  exinsystem.o(.data)
    .data                                    0x20000078   Section       24  main.o(.data)
    .bss                                     0x20000090   Section       48  exinadc.o(.bss)
    .bss                                     0x200000c0   Section       56  exintimeraint.o(.bss)
    .bss                                     0x200000f8   Section       12  main.o(.bss)
    .bss                                     0x20000104   Section       96  libspace.o(.bss)
    HEAP                                     0x20000168   Section        0  startup_msp432p401x_keil.o(HEAP)
    STACK                                    0x20000168   Section      512  startup_msp432p401x_keil.o(STACK)
    Heap_Mem                                 0x20000168   Data           0  startup_msp432p401x_keil.o(HEAP)
    Stack_Mem                                0x20000168   Data         512  startup_msp432p401x_keil.o(STACK)
    __initial_sp                             0x20000368   Data           0  startup_msp432p401x_keil.o(STACK)

    Global Symbols

    Symbol Name                              Value     Ov Type        Size  Object(Section)

    BuildAttributes$$THM_ISAv4$E$P$D$K$B$S$7EM$VFPi3$EXTD16$VFPS$VFMA$PE$A:L22UL41UL21$X:L11$S22US41US21$IEEE1$IW$USESV6$~STKCKD$USESV7$~SHL$OTIME$ROPI$IEEEX$EBA8$UX$STANDARDLIB$REQ8$PRES8$EABIv2 0x00000000   Number         0  anon$$obj.o ABSOLUTE
    __ARM_use_no_argv                        0x00000000   Number         0  main.o ABSOLUTE
    __Vectors                                0x00000000   Data           4  startup_msp432p401x_keil.o(RESET)
    _printf_flags                            0x00000000   Number         0  printf_stubs.o ABSOLUTE
    _printf_return_value                     0x00000000   Number         0  printf_stubs.o ABSOLUTE
    _printf_sizespec                         0x00000000   Number         0  printf_stubs.o ABSOLUTE
    _printf_widthprec                        0x00000000   Number         0  printf_stubs.o ABSOLUTE
    __ARM_exceptions_init                     - Undefined Weak Reference
    __alloca_initialize                       - Undefined Weak Reference
    __arm_preinit_                            - Undefined Weak Reference
    __cpp_initialize__aeabi_                  - Undefined Weak Reference
    __cxa_finalize                            - Undefined Weak Reference
    __sigvec_lookup                           - Undefined Weak Reference
    _atexit_init                              - Undefined Weak Reference
    _call_atexit_fns                          - Undefined Weak Reference
    _clock_init                               - Undefined Weak Reference
    _fp_trap_init                             - Undefined Weak Reference
    _fp_trap_shutdown                         - Undefined Weak Reference
    _get_lc_collate                           - Undefined Weak Reference
    _get_lc_ctype                             - Undefined Weak Reference
    _get_lc_monetary                          - Undefined Weak Reference
    _get_lc_time                              - Undefined Weak Reference
    _getenv_init                              - Undefined Weak Reference
    _handle_redirection                       - Undefined Weak Reference
    _init_alloc                               - Undefined Weak Reference
    _init_user_alloc                          - Undefined Weak Reference
    _initio                                   - Undefined Weak Reference
    _printf_mbtowc                            - Undefined Weak Reference
    _printf_post_padding                      - Undefined Weak Reference
    _printf_pre_padding                       - Undefined Weak Reference
    _printf_truncate_signed                   - Undefined Weak Reference
    _printf_truncate_unsigned                 - Undefined Weak Reference
    _rand_init                                - Undefined Weak Reference
    _signal_finish                            - Undefined Weak Reference
    _signal_init                              - Undefined Weak Reference
    _terminate_alloc                          - Undefined Weak Reference
    _terminate_user_alloc                     - Undefined Weak Reference
    _terminateio                              - Undefined Weak Reference
    __Vectors_End                            0x00000144   Data           0  startup_msp432p401x_keil.o(RESET)
    __Vectors_Size                           0x00000144   Number         0  startup_msp432p401x_keil.o ABSOLUTE
    __main                                   0x00000145   Thumb Code     8  __main.o(!!!main)
    __scatterload                            0x0000014d   Thumb Code     0  __scatter.o(!!!scatter)
    __scatterload_rt2                        0x0000014d   Thumb Code    44  __scatter.o(!!!scatter)
    __scatterload_rt2_thumb_only             0x0000014d   Thumb Code     0  __scatter.o(!!!scatter)
    __scatterload_null                       0x0000015b   Thumb Code     0  __scatter.o(!!!scatter)
    __scatterload_copy                       0x00000181   Thumb Code    26  __scatter_copy.o(!!handler_copy)
    __scatterload_zeroinit                   0x0000019d   Thumb Code    28  __scatter_zi.o(!!handler_zi)
    _printf_f                                0x000001b9   Thumb Code     0  _printf_f.o(.ARM.Collect$$_printf_percent$$00000003)
    _printf_percent                          0x000001b9   Thumb Code     0  _printf_percent.o(.ARM.Collect$$_printf_percent$$00000000)
    _printf_d                                0x000001bf   Thumb Code     0  _printf_d.o(.ARM.Collect$$_printf_percent$$00000009)
    _printf_c                                0x000001c5   Thumb Code     0  _printf_c.o(.ARM.Collect$$_printf_percent$$00000013)
    _printf_percent_end                      0x000001cb   Thumb Code     0  _printf_percent_end.o(.ARM.Collect$$_printf_percent$$00000017)
    __rt_lib_init                            0x000001cf   Thumb Code     0  libinit.o(.ARM.Collect$$libinit$$00000000)
    __rt_lib_init_fp_1                       0x000001d1   Thumb Code     0  libinit2.o(.ARM.Collect$$libinit$$00000001)
    __rt_lib_init_heap_1                     0x000001d5   Thumb Code     0  libinit2.o(.ARM.Collect$$libinit$$0000000A)
    __rt_lib_init_lc_common                  0x000001d5   Thumb Code     0  libinit2.o(.ARM.Collect$$libinit$$0000000F)
    __rt_lib_init_preinit_1                  0x000001d5   Thumb Code     0  libinit2.o(.ARM.Collect$$libinit$$00000004)
    __rt_lib_init_rand_1                     0x000001d5   Thumb Code     0  libinit2.o(.ARM.Collect$$libinit$$0000000E)
    __rt_lib_init_user_alloc_1               0x000001d5   Thumb Code     0  libinit2.o(.ARM.Collect$$libinit$$0000000C)
    __rt_lib_init_lc_collate_1               0x000001db   Thumb Code     0  libinit2.o(.ARM.Collect$$libinit$$00000011)
    __rt_lib_init_lc_ctype_1                 0x000001db   Thumb Code     0  libinit2.o(.ARM.Collect$$libinit$$00000013)
    __rt_lib_init_lc_monetary_1              0x000001db   Thumb Code     0  libinit2.o(.ARM.Collect$$libinit$$00000015)
    __rt_lib_init_lc_numeric_2               0x000001db   Thumb Code     0  libinit2.o(.ARM.Collect$$libinit$$00000016)
    __rt_lib_init_alloca_1                   0x000001e5   Thumb Code     0  libinit2.o(.ARM.Collect$$libinit$$0000002E)
    __rt_lib_init_argv_1                     0x000001e5   Thumb Code     0  libinit2.o(.ARM.Collect$$libinit$$0000002C)
    __rt_lib_init_atexit_1                   0x000001e5   Thumb Code     0  libinit2.o(.ARM.Collect$$libinit$$0000001B)
    __rt_lib_init_clock_1                    0x000001e5   Thumb Code     0  libinit2.o(.ARM.Collect$$libinit$$00000021)
    __rt_lib_init_cpp_1                      0x000001e5   Thumb Code     0  libinit2.o(.ARM.Collect$$libinit$$00000032)
    __rt_lib_init_exceptions_1               0x000001e5   Thumb Code     0  libinit2.o(.ARM.Collect$$libinit$$00000030)
    __rt_lib_init_fp_trap_1                  0x000001e5   Thumb Code     0  libinit2.o(.ARM.Collect$$libinit$$0000001F)
    __rt_lib_init_getenv_1                   0x000001e5   Thumb Code     0  libinit2.o(.ARM.Collect$$libinit$$00000023)
    __rt_lib_init_lc_numeric_1               0x000001e5   Thumb Code     0  libinit2.o(.ARM.Collect$$libinit$$00000017)
    __rt_lib_init_lc_time_1                  0x000001e5   Thumb Code     0  libinit2.o(.ARM.Collect$$libinit$$00000019)
    __rt_lib_init_return                     0x000001e5   Thumb Code     0  libinit2.o(.ARM.Collect$$libinit$$00000033)
    __rt_lib_init_signal_1                   0x000001e5   Thumb Code     0  libinit2.o(.ARM.Collect$$libinit$$0000001D)
    __rt_lib_init_stdio_1                    0x000001e5   Thumb Code     0  libinit2.o(.ARM.Collect$$libinit$$00000025)
    __rt_lib_shutdown                        0x000001e7   Thumb Code     0  libshutdown.o(.ARM.Collect$$libshutdown$$00000000)
    __rt_lib_shutdown_cpp_1                  0x000001e9   Thumb Code     0  libshutdown2.o(.ARM.Collect$$libshutdown$$00000002)
    __rt_lib_shutdown_fp_trap_1              0x000001e9   Thumb Code     0  libshutdown2.o(.ARM.Collect$$libshutdown$$00000007)
    __rt_lib_shutdown_heap_1                 0x000001e9   Thumb Code     0  libshutdown2.o(.ARM.Collect$$libshutdown$$0000000F)
    __rt_lib_shutdown_return                 0x000001e9   Thumb Code     0  libshutdown2.o(.ARM.Collect$$libshutdown$$00000010)
    __rt_lib_shutdown_signal_1               0x000001e9   Thumb Code     0  libshutdown2.o(.ARM.Collect$$libshutdown$$0000000A)
    __rt_lib_shutdown_stdio_1                0x000001e9   Thumb Code     0  libshutdown2.o(.ARM.Collect$$libshutdown$$00000004)
    __rt_lib_shutdown_user_alloc_1           0x000001e9   Thumb Code     0  libshutdown2.o(.ARM.Collect$$libshutdown$$0000000C)
    __rt_entry                               0x000001eb   Thumb Code     0  __rtentry.o(.ARM.Collect$$rtentry$$00000000)
    __rt_entry_presh_1                       0x000001eb   Thumb Code     0  __rtentry2.o(.ARM.Collect$$rtentry$$00000002)
    __rt_entry_sh                            0x000001eb   Thumb Code     0  __rtentry4.o(.ARM.Collect$$rtentry$$00000004)
    __rt_entry_li                            0x000001f1   Thumb Code     0  __rtentry2.o(.ARM.Collect$$rtentry$$0000000A)
    __rt_entry_postsh_1                      0x000001f1   Thumb Code     0  __rtentry2.o(.ARM.Collect$$rtentry$$00000009)
    __rt_entry_main                          0x000001f5   Thumb Code     0  __rtentry2.o(.ARM.Collect$$rtentry$$0000000D)
    __rt_entry_postli_1                      0x000001f5   Thumb Code     0  __rtentry2.o(.ARM.Collect$$rtentry$$0000000C)
    __rt_exit                                0x000001fd   Thumb Code     0  rtexit.o(.ARM.Collect$$rtexit$$00000000)
    __rt_exit_ls                             0x000001ff   Thumb Code     0  rtexit2.o(.ARM.Collect$$rtexit$$00000003)
    __rt_exit_prels_1                        0x000001ff   Thumb Code     0  rtexit2.o(.ARM.Collect$$rtexit$$00000002)
    __rt_exit_exit                           0x00000203   Thumb Code     0  rtexit2.o(.ARM.Collect$$rtexit$$00000004)
    Reset_Handler                            0x00000209   Thumb Code     8  startup_msp432p401x_keil.o(.text)
    NMI_Handler                              0x00000211   Thumb Code     2  startup_msp432p401x_keil.o(.text)
    HardFault_Handler                        0x00000213   Thumb Code     2  startup_msp432p401x_keil.o(.text)
    MemManage_Handler                        0x00000215   Thumb Code     2  startup_msp432p401x_keil.o(.text)
    BusFault_Handler                         0x00000217   Thumb Code     2  startup_msp432p401x_keil.o(.text)
    UsageFault_Handler                       0x00000219   Thumb Code     2  startup_msp432p401x_keil.o(.text)
    SVC_Handler                              0x0000021b   Thumb Code     2  startup_msp432p401x_keil.o(.text)
    DebugMon_Handler                         0x0000021d   Thumb Code     2  startup_msp432p401x_keil.o(.text)
    PendSV_Handler                           0x0000021f   Thumb Code     2  startup_msp432p401x_keil.o(.text)
    AES256_IRQHandler                        0x00000223   Thumb Code     0  startup_msp432p401x_keil.o(.text)
    COMP_E0_IRQHandler                       0x00000223   Thumb Code     0  startup_msp432p401x_keil.o(.text)
    COMP_E1_IRQHandler                       0x00000223   Thumb Code     0  startup_msp432p401x_keil.o(.text)
    CS_IRQHandler                            0x00000223   Thumb Code     0  startup_msp432p401x_keil.o(.text)
    DMA_ERR_IRQHandler                       0x00000223   Thumb Code     0  startup_msp432p401x_keil.o(.text)
    DMA_INT0_IRQHandler                      0x00000223   Thumb Code     0  startup_msp432p401x_keil.o(.text)
    DMA_INT1_IRQHandler                      0x00000223   Thumb Code     0  startup_msp432p401x_keil.o(.text)
    DMA_INT2_IRQHandler                      0x00000223   Thumb Code     0  startup_msp432p401x_keil.o(.text)
    DMA_INT3_IRQHandler                      0x00000223   Thumb Code     0  startup_msp432p401x_keil.o(.text)
    EUSCIB0_IRQHandler                       0x00000223   Thumb Code     0  startup_msp432p401x_keil.o(.text)
    EUSCIB1_IRQHandler                       0x00000223   Thumb Code     0  startup_msp432p401x_keil.o(.text)
    EUSCIB2_IRQHandler                       0x00000223   Thumb Code     0  startup_msp432p401x_keil.o(.text)
    EUSCIB3_IRQHandler                       0x00000223   Thumb Code     0  startup_msp432p401x_keil.o(.text)
    FLCTL_IRQHandler                         0x00000223   Thumb Code     0  startup_msp432p401x_keil.o(.text)
    FPU_IRQHandler                           0x00000223   Thumb Code     0  startup_msp432p401x_keil.o(.text)
    PCM_IRQHandler                           0x00000223   Thumb Code     0  startup_msp432p401x_keil.o(.text)
    PSS_IRQHandler                           0x00000223   Thumb Code     0  startup_msp432p401x_keil.o(.text)
    RTC_C_IRQHandler                         0x00000223   Thumb Code     0  startup_msp432p401x_keil.o(.text)
    T32_INT1_IRQHandler                      0x00000223   Thumb Code     0  startup_msp432p401x_keil.o(.text)
    T32_INT2_IRQHandler                      0x00000223   Thumb Code     0  startup_msp432p401x_keil.o(.text)
    T32_INTC_IRQHandler                      0x00000223   Thumb Code     0  startup_msp432p401x_keil.o(.text)
    WDT_A_IRQHandler                         0x00000223   Thumb Code     0  startup_msp432p401x_keil.o(.text)
    __user_initial_stackheap                 0x00000225   Thumb Code    10  startup_msp432p401x_keil.o(.text)
    __2sprintf                               0x00000245   Thumb Code    34  noretval__2sprintf.o(.text)
    _printf_str                              0x0000026d   Thumb Code    82  _printf_str.o(.text)
    _printf_int_dec                          0x000002c1   Thumb Code   104  _printf_dec.o(.text)
    __printf                                 0x00000339   Thumb Code   308  __printf_flags_wp.o(.text)
    __use_two_region_memory                  0x00000471   Thumb Code     2  heapauxi.o(.text)
    __rt_heap_escrow$2region                 0x00000473   Thumb Code     2  heapauxi.o(.text)
    __rt_heap_expand$2region                 0x00000475   Thumb Code     2  heapauxi.o(.text)
    _printf_int_common                       0x00000477   Thumb Code   178  _printf_intcommon.o(.text)
    __lib_sel_fp_printf                      0x00000529   Thumb Code     2  _printf_fp_dec.o(.text)
    _printf_fp_dec_real                      0x000006db   Thumb Code   620  _printf_fp_dec.o(.text)
    _printf_char_common                      0x00000953   Thumb Code    32  _printf_char_common.o(.text)
    _sputc                                   0x00000979   Thumb Code    10  _sputc.o(.text)
    _printf_cs_common                        0x00000983   Thumb Code    20  _printf_char.o(.text)
    _printf_char                             0x00000997   Thumb Code    16  _printf_char.o(.text)
    _printf_string                           0x000009a7   Thumb Code     8  _printf_char.o(.text)
    __rt_locale                              0x000009b1   Thumb Code     8  rt_locale_intlibspace.o(.text)
    _ll_udiv10                               0x000009b9   Thumb Code   138  lludiv10.o(.text)
    _printf_fp_infnan                        0x00000a45   Thumb Code   112  _printf_fp_infnan.o(.text)
    _btod_etento                             0x00000ac5   Thumb Code   224  bigflt0.o(.text)
    __user_libspace                          0x00000ba9   Thumb Code     8  libspace.o(.text)
    __user_perproc_libspace                  0x00000ba9   Thumb Code     0  libspace.o(.text)
    __user_perthread_libspace                0x00000ba9   Thumb Code     0  libspace.o(.text)
    __user_setup_stackheap                   0x00000bb1   Thumb Code    74  sys_stackheap_outer.o(.text)
    exit                                     0x00000bfb   Thumb Code    18  exit.o(.text)
    strcmp                                   0x00000c0d   Thumb Code   128  strcmpv7m.o(.text)
    _sys_exit                                0x00000c8d   Thumb Code     8  sys_exit.o(.text)
    __I$use$semihosting                      0x00000c99   Thumb Code     0  use_no_semi.o(.text)
    __use_no_semihosting_swi                 0x00000c99   Thumb Code     2  use_no_semi.o(.text)
    __semihosting_library_function           0x00000c9b   Thumb Code     0  indicate_semi.o(.text)
    _btod_d2e                                0x00000c9b   Thumb Code    62  btod.o(CL$$btod_d2e)
    _d2e_denorm_low                          0x00000cd9   Thumb Code    70  btod.o(CL$$btod_d2e_denorm_low)
    _d2e_norm_op1                            0x00000d1f   Thumb Code    96  btod.o(CL$$btod_d2e_norm_op1)
    __btod_div_common                        0x00000d7f   Thumb Code   696  btod.o(CL$$btod_div_common)
    _e2e                                     0x000010b7   Thumb Code   220  btod.o(CL$$btod_e2e)
    _btod_ediv                               0x00001193   Thumb Code    42  btod.o(CL$$btod_ediv)
    _btod_emul                               0x000011bd   Thumb Code    42  btod.o(CL$$btod_emul)
    __btod_mult_common                       0x000011e7   Thumb Code   580  btod.o(CL$$btod_mult_common)
    ADC14_IRQHandler                         0x0000142d   Thumb Code    58  exinadc.o(i.ADC14_IRQHandler)
    ADC14_repeatmod_rec                      0x00001471   Thumb Code    24  exinadc.o(i.ADC14_repeatmod_rec)
    CS_locked                                0x0000148d   Thumb Code     8  exinsystem.o(i.CS_locked)
    CS_unlocked                              0x00001499   Thumb Code    10  exinsystem.o(i.CS_unlocked)
    DCO_set                                  0x000014a9   Thumb Code    92  exinsystem.o(i.DCO_set)
    EEPROM_init                              0x00001509   Thumb Code     8  exineeprom.o(i.EEPROM_init)
    EEPROM_read_Byte                         0x00001511   Thumb Code   104  exineeprom.o(i.EEPROM_read_Byte)
    EEPROM_read_double                       0x00001579   Thumb Code    60  exineeprom.o(i.EEPROM_read_double)
    EEPROM_read_float                        0x000015c1   Thumb Code    48  exineeprom.o(i.EEPROM_read_float)
    EEPROM_read_int                          0x000015f9   Thumb Code    40  exineeprom.o(i.EEPROM_read_int)
    EEPROM_read_len                          0x00001625   Thumb Code   140  exineeprom.o(i.EEPROM_read_len)
    EEPROM_read_short                        0x000016b1   Thumb Code    42  exineeprom.o(i.EEPROM_read_short)
    EEPROM_reset                             0x000016e1   Thumb Code    96  exineeprom.o(i.EEPROM_reset)
    EEPROM_write_Byte                        0x00001741   Thumb Code    92  exineeprom.o(i.EEPROM_write_Byte)
    EEPROM_write_double                      0x0000179d   Thumb Code    52  exineeprom.o(i.EEPROM_write_double)
    EEPROM_write_float                       0x000017d5   Thumb Code    48  exineeprom.o(i.EEPROM_write_float)
    EEPROM_write_int                         0x00001809   Thumb Code    40  exineeprom.o(i.EEPROM_write_int)
    EEPROM_write_len                         0x00001835   Thumb Code   112  exineeprom.o(i.EEPROM_write_len)
    EEPROM_write_short                       0x000018a5   Thumb Code    40  exineeprom.o(i.EEPROM_write_short)
    EROM_Check_ACK                           0x000018d1   Thumb Code    92  exineeprom.o(i.EROM_Check_ACK)
    EROM_IIC_ACK                             0x0000192d   Thumb Code    68  exineeprom.o(i.EROM_IIC_ACK)
    EROM_IIC_NACK                            0x00001971   Thumb Code    68  exineeprom.o(i.EROM_IIC_NACK)
    EROM_IIC_Read_Byte                       0x000019b5   Thumb Code    92  exineeprom.o(i.EROM_IIC_Read_Byte)
    EROM_IIC_Send_Byte                       0x00001a11   Thumb Code   112  exineeprom.o(i.EROM_IIC_Send_Byte)
    EROM_IIC_init                            0x00001a81   Thumb Code    48  exineeprom.o(i.EROM_IIC_init)
    EROM_IIC_start                           0x00001ab1   Thumb Code    68  exineeprom.o(i.EROM_IIC_start)
    EROM_IIC_stop                            0x00001af5   Thumb Code    74  exineeprom.o(i.EROM_IIC_stop)
    EUSCIA0_IRQHandler                       0x00001b41   Thumb Code     6  exinuart.o(i.EUSCIA0_IRQHandler)
    EUSCIA1_IRQHandler                       0x00001b4d   Thumb Code     6  exinuart.o(i.EUSCIA1_IRQHandler)
    EUSCIA2_IRQHandler                       0x00001b59   Thumb Code     6  exinuart.o(i.EUSCIA2_IRQHandler)
    EUSCIA3_IRQHandler                       0x00001b65   Thumb Code     6  exinuart.o(i.EUSCIA3_IRQHandler)
    IIC_stop                                 0x00001b71   Thumb Code    74  exiniic.o(i.IIC_stop)
    MCLK_set                                 0x00001bbd   Thumb Code   260  exinsystem.o(i.MCLK_set)
    OLED_Clear                               0x00001cc5   Thumb Code    64  oled.o(i.OLED_Clear)
    OLED_Init                                0x00001d05   Thumb Code   324  oled.o(i.OLED_Init)
    OLED_Set_Pos                             0x00001e49   Thumb Code    42  oled.o(i.OLED_Set_Pos)
    OLED_ShowChar                            0x00001e75   Thumb Code    78  oled.o(i.OLED_ShowChar)
    OLED_ShowString                          0x00001ec9   Thumb Code    54  oled.o(i.OLED_ShowString)
    OLED_WR_Byte                             0x00001eff   Thumb Code   108  oled.o(i.OLED_WR_Byte)
    PORT1_IRQHandler                         0x00001f6d   Thumb Code   112  exinisr.o(i.PORT1_IRQHandler)
    PORT2_IRQHandler                         0x00001fe1   Thumb Code   158  exinisr.o(i.PORT2_IRQHandler)
    PORT3_IRQHandler                         0x00002089   Thumb Code   130  exinisr.o(i.PORT3_IRQHandler)
    PORT4_IRQHandler                         0x0000211d   Thumb Code   170  exinisr.o(i.PORT4_IRQHandler)
    PORT5_IRQHandler                         0x000021dd   Thumb Code   154  exinisr.o(i.PORT5_IRQHandler)
    PORT6_IRQHandler                         0x00002281   Thumb Code   168  exinisr.o(i.PORT6_IRQHandler)
    SMCLK_set                                0x00002331   Thumb Code   260  exinsystem.o(i.SMCLK_set)
    SysTick_Handler                          0x0000243d   Thumb Code    12  exinsystem.o(i.SysTick_Handler)
    SystemInit                               0x0000244d   Thumb Code    86  system_msp432p401x.o(i.SystemInit)
    TA0_0_IRQHandler                         0x000024bd   Thumb Code    18  exinisr.o(i.TA0_0_IRQHandler)
    TA0_N_IRQHandler                         0x000024cf   Thumb Code     2  exinisr.o(i.TA0_N_IRQHandler)
    TA1_0_IRQHandler                         0x000024d1   Thumb Code    14  exinisr.o(i.TA1_0_IRQHandler)
    TA1_N_IRQHandler                         0x000024e5   Thumb Code     2  exinisr.o(i.TA1_N_IRQHandler)
    TA2_0_IRQHandler                         0x000024e9   Thumb Code    14  exinisr.o(i.TA2_0_IRQHandler)
    TA2_N_IRQHandler                         0x000024fd   Thumb Code     2  exinisr.o(i.TA2_N_IRQHandler)
    TA3_0_IRQHandler                         0x00002501   Thumb Code    14  exinisr.o(i.TA3_0_IRQHandler)
    TA3_N_IRQHandler                         0x00002515   Thumb Code   290  exinisr.o(i.TA3_N_IRQHandler)
    TimerA_CCRVAL_set                        0x00002641   Thumb Code    54  exintimera.o(i.TimerA_CCRVAL_set)
    __ARM_fpclassify                         0x00002689   Thumb Code    48  fpclassify.o(i.__ARM_fpclassify)
    _is_digit                                0x000026b9   Thumb Code    14  __printf_wp.o(i._is_digit)
    error                                    0x000026c9   Thumb Code    38  exinsystem.o(i.error)
    gpio_disable_Ren                         0x000026f5   Thumb Code   182  exingpio.o(i.gpio_disable_Ren)
    gpio_enable_Ren                          0x000027b1   Thumb Code   182  exingpio.o(i.gpio_enable_Ren)
    gpio_get                                 0x0000286d   Thumb Code   158  exingpio.o(i.gpio_get)
    gpio_init                                0x00002911   Thumb Code    96  exingpio.o(i.gpio_init)
    gpio_set                                 0x00002971   Thumb Code    30  exingpio.o(i.gpio_set)
    gpio_set_Asin                            0x00002991   Thumb Code   182  exingpio.o(i.gpio_set_Asin)
    gpio_set_Asout                           0x00002a4d   Thumb Code   182  exingpio.o(i.gpio_set_Asout)
    gpio_set_High                            0x00002b09   Thumb Code   182  exingpio.o(i.gpio_set_High)
    gpio_set_Low                             0x00002bc5   Thumb Code   182  exingpio.o(i.gpio_set_Low)
    main                                     0x00002c81   Thumb Code   308  main.o(i.main)
    set_DCO_48MH                             0x00002e0d   Thumb Code   156  exinsystem.o(i.set_DCO_48MH)
    set_clock_period                         0x00002eb9   Thumb Code    12  exinsystem.o(i.set_clock_period)
    system_init                              0x00002ec5   Thumb Code    26  exinsystem.o(i.system_init)
    systic_clr                               0x00002ee5   Thumb Code    16  exinsystem.o(i.systic_clr)
    systic_delayms                           0x00002ef9   Thumb Code    18  exinsystem.o(i.systic_delayms)
    systic_delayus                           0x00002f0b   Thumb Code    30  exinsystem.o(i.systic_delayus)
    systic_end                               0x00002f29   Thumb Code    22  exinsystem.o(i.systic_end)
    systic_init                              0x00002f41   Thumb Code    36  exinsystem.o(i.systic_init)
    systic_read                              0x00002f69   Thumb Code   120  exinsystem.o(i.systic_read)
    systic_start                             0x00002ff1   Thumb Code    22  exinsystem.o(i.systic_start)
    _get_lc_numeric                          0x00003009   Thumb Code    44  lc_numeric_c.o(locale$$code)
    __aeabi_ddiv                             0x00003035   Thumb Code     0  ddiv.o(x$fpl$ddiv)
    _ddiv                                    0x00003035   Thumb Code   552  ddiv.o(x$fpl$ddiv)
    __aeabi_d2iz                             0x000032e5   Thumb Code     0  dfix.o(x$fpl$dfix)
    _dfix                                    0x000032e5   Thumb Code    94  dfix.o(x$fpl$dfix)
    __aeabi_ui2d                             0x00003343   Thumb Code     0  dflt_clz.o(x$fpl$dfltu)
    _dfltu                                   0x00003343   Thumb Code    38  dflt_clz.o(x$fpl$dfltu)
    __fpl_dnaninf                            0x00003369   Thumb Code   156  dnaninf.o(x$fpl$dnaninf)
    __fpl_dretinf                            0x00003405   Thumb Code    12  dretinf.o(x$fpl$dretinf)
    __aeabi_f2d                              0x00003411   Thumb Code     0  f2d.o(x$fpl$f2d)
    _f2d                                     0x00003411   Thumb Code    86  f2d.o(x$fpl$f2d)
    __fpl_fnaninf                            0x00003467   Thumb Code   140  fnaninf.o(x$fpl$fnaninf)
    _fp_init                                 0x000034f3   Thumb Code    10  fpinit.o(x$fpl$fpinit)
    __fplib_config_fpu_vfp                   0x000034fb   Thumb Code     0  fpinit.o(x$fpl$fpinit)
    __fplib_config_pureend_doubles           0x000034fb   Thumb Code     0  fpinit.o(x$fpl$fpinit)
    _printf_fp_dec                           0x000034fd   Thumb Code     4  printf1.o(x$fpl$printf1)
    F6x8                                     0x00003500   Data         552  oled.o(.constdata)
    __I$use$fp                               0x00003500   Number         0  usenofp.o(x$fpl$usenofp)
    F8X16                                    0x00003728   Data        1520  oled.o(.constdata)
    Hzk                                      0x00003d18   Data         448  oled.o(.constdata)
    Region$$Table$$Base                      0x00003f8c   Number         0  anon$$obj.o(Region$$Table)
    Region$$Table$$Limit                     0x00003fac   Number         0  anon$$obj.o(Region$$Table)
    dirf                                     0x20000000   Data           1  exinadjust.o(.data)
    page_count                               0x20000004   Data           4  exinadjust.o(.data)
    start_flag                               0x20000008   Data           4  exinadjust.o(.data)
    count                                    0x2000000c   Data           4  exinadjust.o(.data)
    testA                                    0x20000010   Data           4  exinadjust.o(.data)
    testB                                    0x20000014   Data           4  exinadjust.o(.data)
    IRQ3_5flag                               0x20000018   Data           1  exinadjust.o(.data)
    IRQ4_6flag                               0x20000019   Data           1  exinadjust.o(.data)
    A_flag                                   0x2000001a   Data           1  exinadjust.o(.data)
    B_flag                                   0x2000001b   Data           1  exinadjust.o(.data)
    int_chr_convertor                        0x20000020   Data           8  exineeprom.o(.data)
    flt_chr_convertor                        0x20000028   Data           4  exineeprom.o(.data)
    dub_chr_convertor                        0x20000030   Data           8  exineeprom.o(.data)
    short_chr_convertor                      0x20000038   Data           8  exineeprom.o(.data)
    timerAcapturePointer                     0x20000040   Data           2  exinencoder.o(.data)
    encoder_A                                0x20000044   Data           8  exinencoder.o(.data)
    encoder_B                                0x2000004c   Data           8  exinencoder.o(.data)
    encoder_C                                0x20000054   Data           8  exinencoder.o(.data)
    encoder_D                                0x2000005c   Data           8  exinencoder.o(.data)
    time_counter                             0x20000064   Data           4  exinencoder.o(.data)
    sysc                                     0x20000068   Data           4  exinsystem.o(.data)
    systim                                   0x2000006c   Data           4  exinsystem.o(.data)
    EN                                       0x20000070   Data           1  exinsystem.o(.data)
    data0                                    0x20000078   Data           4  main.o(.data)
    data1                                    0x2000007c   Data           4  main.o(.data)
    data2                                    0x20000080   Data           2  main.o(.data)
    data3                                    0x20000082   Data           1  main.o(.data)
    data4                                    0x20000084   Data           4  main.o(.data)
    data5                                    0x20000088   Data           8  main.o(.data)
    ADC14_STRUCT                             0x20000090   Data          48  exinadc.o(.bss)
    CCRn_period_val                          0x200000c0   Data          56  exintimeraint.o(.bss)
    txt_eprom                                0x200000f8   Data          12  main.o(.bss)
    __libspace_start                         0x20000104   Data          96  libspace.o(.bss)
    __temporary_stack_top$libspace           0x20000164   Data           0  libspace.o(.bss)



==============================================================================

Memory Map of the image

  Image Entry point : 0x00000145

  Load Region LR_IROM1 (Base: 0x00000000, Size: 0x00004058, Max: 0x00040000, ABSOLUTE)

    Execution Region ER_IROM1 (Exec base: 0x00000000, Load base: 0x00000000, Size: 0x00003fc8, Max: 0x00040000, ABSOLUTE)

    Exec Addr    Load Addr    Size         Type   Attr      Idx    E Section Name        Object

    0x00000000   0x00000000   0x00000144   Data   RO         2106    RESET               startup_msp432p401x_keil.o
    0x00000144   0x00000144   0x00000008   Code   RO         2220  * !!!main             c_w.l(__main.o)
    0x0000014c   0x0000014c   0x00000034   Code   RO         2535    !!!scatter          c_w.l(__scatter.o)
    0x00000180   0x00000180   0x0000001a   Code   RO         2537    !!handler_copy      c_w.l(__scatter_copy.o)
    0x0000019a   0x0000019a   0x00000002   PAD
    0x0000019c   0x0000019c   0x0000001c   Code   RO         2539    !!handler_zi        c_w.l(__scatter_zi.o)
    0x000001b8   0x000001b8   0x00000000   Code   RO         2215    .ARM.Collect$$_printf_percent$$00000000  c_w.l(_printf_percent.o)
    0x000001b8   0x000001b8   0x00000006   Code   RO         2214    .ARM.Collect$$_printf_percent$$00000003  c_w.l(_printf_f.o)
    0x000001be   0x000001be   0x00000006   Code   RO         2213    .ARM.Collect$$_printf_percent$$00000009  c_w.l(_printf_d.o)
    0x000001c4   0x000001c4   0x00000006   Code   RO         2212    .ARM.Collect$$_printf_percent$$00000013  c_w.l(_printf_c.o)
    0x000001ca   0x000001ca   0x00000004   Code   RO         2293    .ARM.Collect$$_printf_percent$$00000017  c_w.l(_printf_percent_end.o)
    0x000001ce   0x000001ce   0x00000002   Code   RO         2408    .ARM.Collect$$libinit$$00000000  c_w.l(libinit.o)
    0x000001d0   0x000001d0   0x00000004   Code   RO         2409    .ARM.Collect$$libinit$$00000001  c_w.l(libinit2.o)
    0x000001d4   0x000001d4   0x00000000   Code   RO         2412    .ARM.Collect$$libinit$$00000004  c_w.l(libinit2.o)
    0x000001d4   0x000001d4   0x00000000   Code   RO         2415    .ARM.Collect$$libinit$$0000000A  c_w.l(libinit2.o)
    0x000001d4   0x000001d4   0x00000000   Code   RO         2417    .ARM.Collect$$libinit$$0000000C  c_w.l(libinit2.o)
    0x000001d4   0x000001d4   0x00000000   Code   RO         2419    .ARM.Collect$$libinit$$0000000E  c_w.l(libinit2.o)
    0x000001d4   0x000001d4   0x00000006   Code   RO         2420    .ARM.Collect$$libinit$$0000000F  c_w.l(libinit2.o)
    0x000001da   0x000001da   0x00000000   Code   RO         2422    .ARM.Collect$$libinit$$00000011  c_w.l(libinit2.o)
    0x000001da   0x000001da   0x00000000   Code   RO         2424    .ARM.Collect$$libinit$$00000013  c_w.l(libinit2.o)
    0x000001da   0x000001da   0x00000000   Code   RO         2426    .ARM.Collect$$libinit$$00000015  c_w.l(libinit2.o)
    0x000001da   0x000001da   0x0000000a   Code   RO         2427    .ARM.Collect$$libinit$$00000016  c_w.l(libinit2.o)
    0x000001e4   0x000001e4   0x00000000   Code   RO         2428    .ARM.Collect$$libinit$$00000017  c_w.l(libinit2.o)
    0x000001e4   0x000001e4   0x00000000   Code   RO         2430    .ARM.Collect$$libinit$$00000019  c_w.l(libinit2.o)
    0x000001e4   0x000001e4   0x00000000   Code   RO         2432    .ARM.Collect$$libinit$$0000001B  c_w.l(libinit2.o)
    0x000001e4   0x000001e4   0x00000000   Code   RO         2434    .ARM.Collect$$libinit$$0000001D  c_w.l(libinit2.o)
    0x000001e4   0x000001e4   0x00000000   Code   RO         2436    .ARM.Collect$$libinit$$0000001F  c_w.l(libinit2.o)
    0x000001e4   0x000001e4   0x00000000   Code   RO         2438    .ARM.Collect$$libinit$$00000021  c_w.l(libinit2.o)
    0x000001e4   0x000001e4   0x00000000   Code   RO         2440    .ARM.Collect$$libinit$$00000023  c_w.l(libinit2.o)
    0x000001e4   0x000001e4   0x00000000   Code   RO         2442    .ARM.Collect$$libinit$$00000025  c_w.l(libinit2.o)
    0x000001e4   0x000001e4   0x00000000   Code   RO         2446    .ARM.Collect$$libinit$$0000002C  c_w.l(libinit2.o)
    0x000001e4   0x000001e4   0x00000000   Code   RO         2448    .ARM.Collect$$libinit$$0000002E  c_w.l(libinit2.o)
    0x000001e4   0x000001e4   0x00000000   Code   RO         2450    .ARM.Collect$$libinit$$00000030  c_w.l(libinit2.o)
    0x000001e4   0x000001e4   0x00000000   Code   RO         2452    .ARM.Collect$$libinit$$00000032  c_w.l(libinit2.o)
    0x000001e4   0x000001e4   0x00000002   Code   RO         2453    .ARM.Collect$$libinit$$00000033  c_w.l(libinit2.o)
    0x000001e6   0x000001e6   0x00000002   Code   RO         2483    .ARM.Collect$$libshutdown$$00000000  c_w.l(libshutdown.o)
    0x000001e8   0x000001e8   0x00000000   Code   RO         2494    .ARM.Collect$$libshutdown$$00000002  c_w.l(libshutdown2.o)
    0x000001e8   0x000001e8   0x00000000   Code   RO         2496    .ARM.Collect$$libshutdown$$00000004  c_w.l(libshutdown2.o)
    0x000001e8   0x000001e8   0x00000000   Code   RO         2499    .ARM.Collect$$libshutdown$$00000007  c_w.l(libshutdown2.o)
    0x000001e8   0x000001e8   0x00000000   Code   RO         2502    .ARM.Collect$$libshutdown$$0000000A  c_w.l(libshutdown2.o)
    0x000001e8   0x000001e8   0x00000000   Code   RO         2504    .ARM.Collect$$libshutdown$$0000000C  c_w.l(libshutdown2.o)
    0x000001e8   0x000001e8   0x00000000   Code   RO         2507    .ARM.Collect$$libshutdown$$0000000F  c_w.l(libshutdown2.o)
    0x000001e8   0x000001e8   0x00000002   Code   RO         2508    .ARM.Collect$$libshutdown$$00000010  c_w.l(libshutdown2.o)
    0x000001ea   0x000001ea   0x00000000   Code   RO         2280    .ARM.Collect$$rtentry$$00000000  c_w.l(__rtentry.o)
    0x000001ea   0x000001ea   0x00000000   Code   RO         2334    .ARM.Collect$$rtentry$$00000002  c_w.l(__rtentry2.o)
    0x000001ea   0x000001ea   0x00000006   Code   RO         2346    .ARM.Collect$$rtentry$$00000004  c_w.l(__rtentry4.o)
    0x000001f0   0x000001f0   0x00000000   Code   RO         2336    .ARM.Collect$$rtentry$$00000009  c_w.l(__rtentry2.o)
    0x000001f0   0x000001f0   0x00000004   Code   RO         2337    .ARM.Collect$$rtentry$$0000000A  c_w.l(__rtentry2.o)
    0x000001f4   0x000001f4   0x00000000   Code   RO         2339    .ARM.Collect$$rtentry$$0000000C  c_w.l(__rtentry2.o)
    0x000001f4   0x000001f4   0x00000008   Code   RO         2340    .ARM.Collect$$rtentry$$0000000D  c_w.l(__rtentry2.o)
    0x000001fc   0x000001fc   0x00000002   Code   RO         2454    .ARM.Collect$$rtexit$$00000000  c_w.l(rtexit.o)
    0x000001fe   0x000001fe   0x00000000   Code   RO         2461    .ARM.Collect$$rtexit$$00000002  c_w.l(rtexit2.o)
    0x000001fe   0x000001fe   0x00000004   Code   RO         2462    .ARM.Collect$$rtexit$$00000003  c_w.l(rtexit2.o)
    0x00000202   0x00000202   0x00000006   Code   RO         2463    .ARM.Collect$$rtexit$$00000004  c_w.l(rtexit2.o)
    0x00000208   0x00000208   0x0000003c   Code   RO         2107    .text               startup_msp432p401x_keil.o
    0x00000244   0x00000244   0x00000028   Code   RO         2184    .text               c_w.l(noretval__2sprintf.o)
    0x0000026c   0x0000026c   0x00000052   Code   RO         2188    .text               c_w.l(_printf_str.o)
    0x000002be   0x000002be   0x00000002   PAD
    0x000002c0   0x000002c0   0x00000078   Code   RO         2190    .text               c_w.l(_printf_dec.o)
    0x00000338   0x00000338   0x00000138   Code   RO         2204    .text               c_w.l(__printf_flags_wp.o)
    0x00000470   0x00000470   0x00000006   Code   RO         2218    .text               c_w.l(heapauxi.o)
    0x00000476   0x00000476   0x000000b2   Code   RO         2283    .text               c_w.l(_printf_intcommon.o)
    0x00000528   0x00000528   0x0000041e   Code   RO         2285    .text               c_w.l(_printf_fp_dec.o)
    0x00000946   0x00000946   0x00000002   PAD
    0x00000948   0x00000948   0x00000030   Code   RO         2287    .text               c_w.l(_printf_char_common.o)
    0x00000978   0x00000978   0x0000000a   Code   RO         2289    .text               c_w.l(_sputc.o)
    0x00000982   0x00000982   0x0000002c   Code   RO         2291    .text               c_w.l(_printf_char.o)
    0x000009ae   0x000009ae   0x00000002   PAD
    0x000009b0   0x000009b0   0x00000008   Code   RO         2351    .text               c_w.l(rt_locale_intlibspace.o)
    0x000009b8   0x000009b8   0x0000008a   Code   RO         2358    .text               c_w.l(lludiv10.o)
    0x00000a42   0x00000a42   0x00000002   PAD
    0x00000a44   0x00000a44   0x00000080   Code   RO         2360    .text               c_w.l(_printf_fp_infnan.o)
    0x00000ac4   0x00000ac4   0x000000e4   Code   RO         2364    .text               c_w.l(bigflt0.o)
    0x00000ba8   0x00000ba8   0x00000008   Code   RO         2394    .text               c_w.l(libspace.o)
    0x00000bb0   0x00000bb0   0x0000004a   Code   RO         2397    .text               c_w.l(sys_stackheap_outer.o)
    0x00000bfa   0x00000bfa   0x00000012   Code   RO         2399    .text               c_w.l(exit.o)
    0x00000c0c   0x00000c0c   0x00000080   Code   RO         2401    .text               c_w.l(strcmpv7m.o)
    0x00000c8c   0x00000c8c   0x0000000c   Code   RO         2473    .text               c_w.l(sys_exit.o)
    0x00000c98   0x00000c98   0x00000002   Code   RO         2484    .text               c_w.l(use_no_semi.o)
    0x00000c9a   0x00000c9a   0x00000000   Code   RO         2486    .text               c_w.l(indicate_semi.o)
    0x00000c9a   0x00000c9a   0x0000003e   Code   RO         2367    CL$$btod_d2e        c_w.l(btod.o)
    0x00000cd8   0x00000cd8   0x00000046   Code   RO         2369    CL$$btod_d2e_denorm_low  c_w.l(btod.o)
    0x00000d1e   0x00000d1e   0x00000060   Code   RO         2368    CL$$btod_d2e_norm_op1  c_w.l(btod.o)
    0x00000d7e   0x00000d7e   0x00000338   Code   RO         2377    CL$$btod_div_common  c_w.l(btod.o)
    0x000010b6   0x000010b6   0x000000dc   Code   RO         2374    CL$$btod_e2e        c_w.l(btod.o)
    0x00001192   0x00001192   0x0000002a   Code   RO         2371    CL$$btod_ediv       c_w.l(btod.o)
    0x000011bc   0x000011bc   0x0000002a   Code   RO         2370    CL$$btod_emul       c_w.l(btod.o)
    0x000011e6   0x000011e6   0x00000244   Code   RO         2376    CL$$btod_mult_common  c_w.l(btod.o)
    0x0000142a   0x0000142a   0x00000002   PAD
    0x0000142c   0x0000142c   0x00000044   Code   RO          267    i.ADC14_IRQHandler  exinadc.o
    0x00001470   0x00001470   0x0000001c   Code   RO          277    i.ADC14_repeatmod_rec  exinadc.o
    0x0000148c   0x0000148c   0x0000000c   Code   RO         1475    i.CS_locked         exinsystem.o
    0x00001498   0x00001498   0x00000010   Code   RO         1476    i.CS_unlocked       exinsystem.o
    0x000014a8   0x000014a8   0x00000060   Code   RO         1477    i.DCO_set           exinsystem.o
    0x00001508   0x00001508   0x00000008   Code   RO          598    i.EEPROM_init       exineeprom.o
    0x00001510   0x00001510   0x00000068   Code   RO          599    i.EEPROM_read_Byte  exineeprom.o
    0x00001578   0x00001578   0x00000048   Code   RO          600    i.EEPROM_read_double  exineeprom.o
    0x000015c0   0x000015c0   0x00000038   Code   RO          601    i.EEPROM_read_float  exineeprom.o
    0x000015f8   0x000015f8   0x0000002c   Code   RO          602    i.EEPROM_read_int   exineeprom.o
    0x00001624   0x00001624   0x0000008c   Code   RO          603    i.EEPROM_read_len   exineeprom.o
    0x000016b0   0x000016b0   0x00000030   Code   RO          604    i.EEPROM_read_short  exineeprom.o
    0x000016e0   0x000016e0   0x00000060   Code   RO          605    i.EEPROM_reset      exineeprom.o
    0x00001740   0x00001740   0x0000005c   Code   RO          606    i.EEPROM_write_Byte  exineeprom.o
    0x0000179c   0x0000179c   0x00000038   Code   RO          607    i.EEPROM_write_double  exineeprom.o
    0x000017d4   0x000017d4   0x00000034   Code   RO          608    i.EEPROM_write_float  exineeprom.o
    0x00001808   0x00001808   0x0000002c   Code   RO          609    i.EEPROM_write_int  exineeprom.o
    0x00001834   0x00001834   0x00000070   Code   RO          610    i.EEPROM_write_len  exineeprom.o
    0x000018a4   0x000018a4   0x0000002c   Code   RO          611    i.EEPROM_write_short  exineeprom.o
    0x000018d0   0x000018d0   0x0000005c   Code   RO          612    i.EROM_Check_ACK    exineeprom.o
    0x0000192c   0x0000192c   0x00000044   Code   RO          613    i.EROM_IIC_ACK      exineeprom.o
    0x00001970   0x00001970   0x00000044   Code   RO          614    i.EROM_IIC_NACK     exineeprom.o
    0x000019b4   0x000019b4   0x0000005c   Code   RO          615    i.EROM_IIC_Read_Byte  exineeprom.o
    0x00001a10   0x00001a10   0x00000070   Code   RO          616    i.EROM_IIC_Send_Byte  exineeprom.o
    0x00001a80   0x00001a80   0x00000030   Code   RO          617    i.EROM_IIC_init     exineeprom.o
    0x00001ab0   0x00001ab0   0x00000044   Code   RO          618    i.EROM_IIC_start    exineeprom.o
    0x00001af4   0x00001af4   0x0000004a   Code   RO          619    i.EROM_IIC_stop     exineeprom.o
    0x00001b3e   0x00001b3e   0x00000002   PAD
    0x00001b40   0x00001b40   0x0000000c   Code   RO         1712    i.EUSCIA0_IRQHandler  exinuart.o
    0x00001b4c   0x00001b4c   0x0000000c   Code   RO         1713    i.EUSCIA1_IRQHandler  exinuart.o
    0x00001b58   0x00001b58   0x0000000c   Code   RO         1714    i.EUSCIA2_IRQHandler  exinuart.o
    0x00001b64   0x00001b64   0x0000000c   Code   RO         1715    i.EUSCIA3_IRQHandler  exinuart.o
    0x00001b70   0x00001b70   0x0000004a   Code   RO          996    i.IIC_stop          exiniic.o
    0x00001bba   0x00001bba   0x00000002   PAD
    0x00001bbc   0x00001bbc   0x00000108   Code   RO         1478    i.MCLK_set          exinsystem.o
    0x00001cc4   0x00001cc4   0x00000040   Code   RO         1889    i.OLED_Clear        oled.o
    0x00001d04   0x00001d04   0x00000144   Code   RO         1893    i.OLED_Init         oled.o
    0x00001e48   0x00001e48   0x0000002a   Code   RO         1895    i.OLED_Set_Pos      oled.o
    0x00001e72   0x00001e72   0x00000002   PAD
    0x00001e74   0x00001e74   0x00000054   Code   RO         1897    i.OLED_ShowChar     oled.o
    0x00001ec8   0x00001ec8   0x00000036   Code   RO         1899    i.OLED_ShowString   oled.o
    0x00001efe   0x00001efe   0x0000006c   Code   RO         1901    i.OLED_WR_Byte      oled.o
    0x00001f6a   0x00001f6a   0x00000002   PAD
    0x00001f6c   0x00001f6c   0x00000074   Code   RO         1070    i.PORT1_IRQHandler  exinisr.o
    0x00001fe0   0x00001fe0   0x000000a8   Code   RO         1071    i.PORT2_IRQHandler  exinisr.o
    0x00002088   0x00002088   0x00000094   Code   RO         1072    i.PORT3_IRQHandler  exinisr.o
    0x0000211c   0x0000211c   0x000000c0   Code   RO         1073    i.PORT4_IRQHandler  exinisr.o
    0x000021dc   0x000021dc   0x000000a4   Code   RO         1074    i.PORT5_IRQHandler  exinisr.o
    0x00002280   0x00002280   0x000000b0   Code   RO         1075    i.PORT6_IRQHandler  exinisr.o
    0x00002330   0x00002330   0x0000010c   Code   RO         1479    i.SMCLK_set         exinsystem.o
    0x0000243c   0x0000243c   0x00000010   Code   RO         1480    i.SysTick_Handler   exinsystem.o
    0x0000244c   0x0000244c   0x00000070   Code   RO         2115    i.SystemInit        system_msp432p401x.o
    0x000024bc   0x000024bc   0x00000012   Code   RO         1076    i.TA0_0_IRQHandler  exinisr.o
    0x000024ce   0x000024ce   0x00000002   Code   RO         1077    i.TA0_N_IRQHandler  exinisr.o
    0x000024d0   0x000024d0   0x00000014   Code   RO         1078    i.TA1_0_IRQHandler  exinisr.o
    0x000024e4   0x000024e4   0x00000002   Code   RO         1079    i.TA1_N_IRQHandler  exinisr.o
    0x000024e6   0x000024e6   0x00000002   PAD
    0x000024e8   0x000024e8   0x00000014   Code   RO         1080    i.TA2_0_IRQHandler  exinisr.o
    0x000024fc   0x000024fc   0x00000002   Code   RO         1081    i.TA2_N_IRQHandler  exinisr.o
    0x000024fe   0x000024fe   0x00000002   PAD
    0x00002500   0x00002500   0x00000014   Code   RO         1082    i.TA3_0_IRQHandler  exinisr.o
    0x00002514   0x00002514   0x0000012c   Code   RO         1083    i.TA3_N_IRQHandler  exinisr.o
    0x00002640   0x00002640   0x00000048   Code   RO         1603    i.TimerA_CCRVAL_set  exintimera.o
    0x00002688   0x00002688   0x00000030   Code   RO         2329    i.__ARM_fpclassify  m_wm.l(fpclassify.o)
    0x000026b8   0x000026b8   0x0000000e   Code   RO         2202    i._is_digit         c_w.l(__printf_wp.o)
    0x000026c6   0x000026c6   0x00000002   PAD
    0x000026c8   0x000026c8   0x0000002c   Code   RO         1481    i.error             exinsystem.o
    0x000026f4   0x000026f4   0x000000bc   Code   RO          843    i.gpio_disable_Ren  exingpio.o
    0x000027b0   0x000027b0   0x000000bc   Code   RO          846    i.gpio_enable_Ren   exingpio.o
    0x0000286c   0x0000286c   0x000000a4   Code   RO          847    i.gpio_get          exingpio.o
    0x00002910   0x00002910   0x00000060   Code   RO          848    i.gpio_init         exingpio.o
    0x00002970   0x00002970   0x0000001e   Code   RO          850    i.gpio_set          exingpio.o
    0x0000298e   0x0000298e   0x00000002   PAD
    0x00002990   0x00002990   0x000000bc   Code   RO          851    i.gpio_set_Asin     exingpio.o
    0x00002a4c   0x00002a4c   0x000000bc   Code   RO          852    i.gpio_set_Asout    exingpio.o
    0x00002b08   0x00002b08   0x000000bc   Code   RO          853    i.gpio_set_High     exingpio.o
    0x00002bc4   0x00002bc4   0x000000bc   Code   RO          854    i.gpio_set_Low      exingpio.o
    0x00002c80   0x00002c80   0x0000018c   Code   RO         2150    i.main              main.o
    0x00002e0c   0x00002e0c   0x000000ac   Code   RO         1482    i.set_DCO_48MH      exinsystem.o
    0x00002eb8   0x00002eb8   0x0000000c   Code   RO         1483    i.set_clock_period  exinsystem.o
    0x00002ec4   0x00002ec4   0x00000020   Code   RO         1484    i.system_init       exinsystem.o
    0x00002ee4   0x00002ee4   0x00000014   Code   RO         1485    i.systic_clr        exinsystem.o
    0x00002ef8   0x00002ef8   0x00000012   Code   RO         1486    i.systic_delayms    exinsystem.o
    0x00002f0a   0x00002f0a   0x0000001e   Code   RO         1487    i.systic_delayus    exinsystem.o
    0x00002f28   0x00002f28   0x00000016   Code   RO         1488    i.systic_end        exinsystem.o
    0x00002f3e   0x00002f3e   0x00000002   PAD
    0x00002f40   0x00002f40   0x00000028   Code   RO         1489    i.systic_init       exinsystem.o
    0x00002f68   0x00002f68   0x00000088   Code   RO         1490    i.systic_read       exinsystem.o
    0x00002ff0   0x00002ff0   0x00000016   Code   RO         1491    i.systic_start      exinsystem.o
    0x00003006   0x00003006   0x00000002   PAD
    0x00003008   0x00003008   0x0000002c   Code   RO         2390    locale$$code        c_w.l(lc_numeric_c.o)
    0x00003034   0x00003034   0x000002b0   Code   RO         2231    x$fpl$ddiv          fz_wm.l(ddiv.o)
    0x000032e4   0x000032e4   0x0000005e   Code   RO         2234    x$fpl$dfix          fz_wm.l(dfix.o)
    0x00003342   0x00003342   0x00000026   Code   RO         2238    x$fpl$dfltu         fz_wm.l(dflt_clz.o)
    0x00003368   0x00003368   0x0000009c   Code   RO         2298    x$fpl$dnaninf       fz_wm.l(dnaninf.o)
    0x00003404   0x00003404   0x0000000c   Code   RO         2300    x$fpl$dretinf       fz_wm.l(dretinf.o)
    0x00003410   0x00003410   0x00000056   Code   RO         2250    x$fpl$f2d           fz_wm.l(f2d.o)
    0x00003466   0x00003466   0x0000008c   Code   RO         2304    x$fpl$fnaninf       fz_wm.l(fnaninf.o)
    0x000034f2   0x000034f2   0x0000000a   Code   RO         2458    x$fpl$fpinit        fz_wm.l(fpinit.o)
    0x000034fc   0x000034fc   0x00000004   Code   RO         2252    x$fpl$printf1       fz_wm.l(printf1.o)
    0x00003500   0x00003500   0x00000000   Code   RO         2308    x$fpl$usenofp       fz_wm.l(usenofp.o)
    0x00003500   0x00003500   0x000009d8   Data   RO         1906    .constdata          oled.o
    0x00003ed8   0x00003ed8   0x00000011   Data   RO         2205    .constdata          c_w.l(__printf_flags_wp.o)
    0x00003ee9   0x00003ee9   0x00000003   PAD
    0x00003eec   0x00003eec   0x00000094   Data   RO         2365    .constdata          c_w.l(bigflt0.o)
    0x00003f80   0x00003f80   0x0000000c   Data   RO         2152    .conststring        main.o
    0x00003f8c   0x00003f8c   0x00000020   Data   RO         2533    Region$$Table       anon$$obj.o
    0x00003fac   0x00003fac   0x0000001c   Data   RO         2389    locale$$data        c_w.l(lc_numeric_c.o)


    Execution Region RW_IRAM1 (Exec base: 0x20000000, Load base: 0x00003fc8, Size: 0x00000368, Max: 0x00010000, ABSOLUTE)

    Exec Addr    Load Addr    Size         Type   Attr      Idx    E Section Name        Object

    0x20000000   0x00003fc8   0x0000001c   Data   RW          538    .data               exinadjust.o
    0x2000001c   0x00003fe4   0x00000004   PAD
    0x20000020   0x00003fe8   0x00000020   Data   RW          620    .data               exineeprom.o
    0x20000040   0x00004008   0x00000028   Data   RW          768    .data               exinencoder.o
    0x20000068   0x00004030   0x00000010   Data   RW         1492    .data               exinsystem.o
    0x20000078   0x00004040   0x00000018   Data   RW         2153    .data               main.o
    0x20000090        -       0x00000030   Zero   RW          279    .bss                exinadc.o
    0x200000c0        -       0x00000038   Zero   RW         1669    .bss                exintimeraint.o
    0x200000f8        -       0x0000000c   Zero   RW         2151    .bss                main.o
    0x20000104        -       0x00000060   Zero   RW         2395    .bss                c_w.l(libspace.o)
    0x20000164   0x00004058   0x00000004   PAD
    0x20000168        -       0x00000000   Zero   RW         2105    HEAP                startup_msp432p401x_keil.o
    0x20000168        -       0x00000200   Zero   RW         2104    STACK               startup_msp432p401x_keil.o



  Load Region LR_IROM2 (Base: 0x00200000, Size: 0x00000000, Max: 0x00004000, ABSOLUTE)

    Execution Region ER_IROM2 (Exec base: 0x00200000, Load base: 0x00200000, Size: 0x00000000, Max: 0x00004000, ABSOLUTE)

    **** No section assigned to this execution region ****


==============================================================================

Image component sizes


      Code (inc. data)   RO Data    RW Data    ZI Data      Debug   Object Name

         0          0          0          0          0       4540   config.o
        96         14          0          0         48       5183   exinadc.o
         0          0          0         28          0        531   exinadjust.o
      1590         46          0         32          0      16274   exineeprom.o
         0          0          0         40          0       1464   exinencoder.o
      1418        126          0          0          0       6111   exingpio.o
        74          0          0          0          0        503   exiniic.o
      1348        100          0          0          0       7606   exinisr.o
      1220        116          0         16          0      10033   exinsystem.o
        72         18          0          0          0        636   exintimera.o
         0          0          0          0         56        690   exintimeraint.o
        48         24          0          0          0       1908   exinuart.o
       396         88         12         24         12       1711   main.o
       676          6       2520          0          0       5076   oled.o
        60         22        324          0        512        900   startup_msp432p401x_keil.o
       112         26          0          0          0        513   system_msp432p401x.o

    ----------------------------------------------------------------------
      7128        586       2888        144        628      63679   Object Totals
         0          0         32          0          0          0   (incl. Generated)
        18          0          0          4          0          0   (incl. Padding)

    ----------------------------------------------------------------------

      Code (inc. data)   RO Data    RW Data    ZI Data      Debug   Library Member Name

         8          0          0          0          0         68   __main.o
       312          4         17          0          0         92   __printf_flags_wp.o
        14          0          0          0          0         68   __printf_wp.o
         0          0          0          0          0          0   __rtentry.o
        12          0          0          0          0          0   __rtentry2.o
         6          0          0          0          0          0   __rtentry4.o
        52          8          0          0          0          0   __scatter.o
        26          0          0          0          0          0   __scatter_copy.o
        28          0          0          0          0          0   __scatter_zi.o
         6          0          0          0          0          0   _printf_c.o
        44          0          0          0          0        108   _printf_char.o
        48          6          0          0          0         96   _printf_char_common.o
         6          0          0          0          0          0   _printf_d.o
       120         16          0          0          0         92   _printf_dec.o
         6          0          0          0          0          0   _printf_f.o
      1054          0          0          0          0        216   _printf_fp_dec.o
       128         16          0          0          0         84   _printf_fp_infnan.o
       178          0          0          0          0         88   _printf_intcommon.o
         0          0          0          0          0          0   _printf_percent.o
         4          0          0          0          0          0   _printf_percent_end.o
        82          0          0          0          0         80   _printf_str.o
        10          0          0          0          0         68   _sputc.o
       228          4        148          0          0         96   bigflt0.o
      1936        128          0          0          0        672   btod.o
        18          0          0          0          0         80   exit.o
         6          0          0          0          0        152   heapauxi.o
         0          0          0          0          0          0   indicate_semi.o
        44         10         28          0          0         76   lc_numeric_c.o
         2          0          0          0          0          0   libinit.o
        22          0          0          0          0          0   libinit2.o
         2          0          0          0          0          0   libshutdown.o
         2          0          0          0          0          0   libshutdown2.o
         8          4          0          0         96         68   libspace.o
       138          0          0          0          0         80   lludiv10.o
        40          6          0          0          0         84   noretval__2sprintf.o
         8          4          0          0          0         68   rt_locale_intlibspace.o
         2          0          0          0          0          0   rtexit.o
        10          0          0          0          0          0   rtexit2.o
       128          0          0          0          0         68   strcmpv7m.o
        12          4          0          0          0         68   sys_exit.o
        74          0          0          0          0         80   sys_stackheap_outer.o
         2          0          0          0          0         68   use_no_semi.o
       688        140          0          0          0        256   ddiv.o
        94          4          0          0          0        140   dfix.o
        38          0          0          0          0        116   dflt_clz.o
       156          4          0          0          0        140   dnaninf.o
        12          0          0          0          0        116   dretinf.o
        86          4          0          0          0        132   f2d.o
       140          4          0          0          0        132   fnaninf.o
        10          0          0          0          0        116   fpinit.o
         4          0          0          0          0        116   printf1.o
         0          0          0          0          0          0   usenofp.o
        48          0          0          0          0        124   fpclassify.o

    ----------------------------------------------------------------------
      6116        366        196          0        100       4108   Library Totals
        14          0          3          0          4          0   (incl. Padding)

    ----------------------------------------------------------------------

      Code (inc. data)   RO Data    RW Data    ZI Data      Debug   Library Name

      4826        210        193          0         96       2720   c_w.l
      1228        156          0          0          0       1264   fz_wm.l
        48          0          0          0          0        124   m_wm.l

    ----------------------------------------------------------------------
      6116        366        196          0        100       4108   Library Totals

    ----------------------------------------------------------------------

==============================================================================


      Code (inc. data)   RO Data    RW Data    ZI Data      Debug   

     13244        952       3084        144        728      58231   Grand Totals
     13244        952       3084        144        728      58231   ELF Image Totals
     13244        952       3084        144          0          0   ROM Totals

==============================================================================

    Total RO  Size (Code + RO Data)                16328 (  15.95kB)
    Total RW  Size (RW Data + ZI Data)               872 (   0.85kB)
    Total ROM Size (Code + RO Data + RW Data)      16472 (  16.09kB)

==============================================================================

