<html>
<body>
<pre>
<h1>礦ision Build Log</h1>
<h2>Tool Versions:</h2>
IDE-Version: μVision V5.28.0.0
Copyright (C) 2019 ARM Ltd and ARM Germany GmbH. All rights reserved.
License Information: sad 93793, 213, LIC=TA3CX-HXMIE-VJ86J-UG91K-H8EHL-NXFCK
 
Tool Versions:
Toolchain:       MDK-ARM Professional  Version: 5.28.0.0
Toolchain Path:  D:\keil5\keil\ARM\ARMCC\Bin
C Compiler:      Armcc.exe V5.06 update 6 (build 750)
Assembler:       Armasm.exe V5.06 update 6 (build 750)
Linker/Locator:  ArmLink.exe V5.06 update 6 (build 750)
Library Manager: ArmAr.exe V5.06 update 6 (build 750)
Hex Converter:   FromElf.exe V5.06 update 6 (build 750)
CPU DLL:         SARMCM3.DLL V5.28.0.0
Dialog DLL:      DCM.DLL V1.17.3.0
Target DLL:      CMSIS_AGDI.dll V1.31.18.0
Dialog DLL:      TCM.DLL V1.36.2.0
 
<h2>Project:</h2>
D:\MSP432相关资料\Exin_project_for_keil\11.Exin_key\Exin_key.uvprojx
Project File Date:  02/15/2022

<h2>Output:</h2>
*** Using Compiler 'V5.06 update 6 (build 750)', folder: 'D:\keil5\keil\ARM\ARMCC\Bin'
Rebuild target 'Exin_key'
compiling exin_library_map_guide.c...
exinlibs\exin_library_map_guide.c(6): warning:  #9-D: nested comment is not allowed
  /*@@ 库仅供参考 后果自负
exinlibs\exin_library_map_guide.c: 1 warning, 0 errors
compiling exinencoder.c...
exinlibs\exinencoder.c(6): warning:  #9-D: nested comment is not allowed
  /*@@ 库仅供参考 后果自负
exinlibs\exinencoder.h(6): warning:  #9-D: nested comment is not allowed
  /*@@ 库仅供参考 后果自负
exinlibs\headfile.h(6): warning:  #9-D: nested comment is not allowed
  /*@@ 库仅供参考 后果自负
.\exinlibs\dat.h(6): warning:  #9-D: nested comment is not allowed
  /*@@ 库仅供参考 后果自负
exinlibs\exinsystem.h(6): warning:  #9-D: nested comment is not allowed
  /*@@ 库仅供参考 后果自负
exinlibs\exingpio.h(6): warning:  #9-D: nested comment is not allowed
  /*@@ 库仅供参考 后果自负
exinlibs\exinuart.h(6): warning:  #9-D: nested comment is not allowed
  /*@@ 库仅供参考 后果自负
exinlibs\exinTimerA.h(6): warning:  #9-D: nested comment is not allowed
  /*@@ 库仅供参考 后果自负
exinlibs\exinTimerAINT.h(6): warning:  #9-D: nested comment is not allowed
  /*@@ 库仅供参考 后果自负
exinlibs\exinadjust.h(6): warning:  #9-D: nested comment is not allowed
  /*@@ 库仅供参考 后果自负
exinlibs\exinkey.h(6): warning:  #9-D: nested comment is not allowed
  /*@@ 库仅供参考 后果自负
exinlibs\exinpwm.h(6): warning:  #9-D: nested comment is not allowed
  /*@@ 库仅供参考 后果自负
exinlibs\exinmotor.h(6): warning:  #9-D: nested comment is not allowed
  /*@@ 库仅供参考 后果自负
exinlibs\exinIIC.h(6): warning:  #9-D: nested comment is not allowed
  /*@@ 库仅供参考 后果自负
exinlibs\headfile.h(6): warning:  #9-D: nested comment is not allowed
  /*@@ 库仅供参考 后果自负
exinlibs\exinADC.h(6): warning:  #9-D: nested comment is not allowed
  /*@@ 库仅供参考 后果自负
exinlibs\exinADC0832.h(6): warning:  #9-D: nested comment is not allowed
  /*@@ 库仅供参考 后果自负
exinlibs\exineeprom.h(6): warning:  #9-D: nested comment is not allowed
  /*@@ 库仅供参考 后果自负
exinlibs\exinMPU6050.h(6): warning:  #9-D: nested comment is not allowed
  /*@@ 库仅供参考 后果自负
exinlibs\exinHC_SR04.h(6): warning:  #9-D: nested comment is not allowed
  /*@@ 库仅供参考 后果自负
exinlibs\exinsteer.h(6): warning:  #9-D: nested comment is not allowed
  /*@@ 库仅供参考 后果自负
exinlibs\exinencoder.c(157): warning:  #111-D: statement is unreachable
                case(ENCODER_CHA):return encoder_A.encoder;break;
exinlibs\exinencoder.c(158): warning:  #111-D: statement is unreachable
                case(ENCODER_CHB):return encoder_B.encoder;break;
exinlibs\exinencoder.c(159): warning:  #111-D: statement is unreachable
                case(ENCODER_CHC):return encoder_C.encoder;break;
exinlibs\exinencoder.c(160): warning:  #111-D: statement is unreachable
                case(ENCODER_CHD):return encoder_D.encoder;break;
exinlibs\exinencoder.c(162): warning:  #940-D: missing return statement at end of non-void function "GET_encoder_num" 
  }
exinlibs\exinencoder.c(178): warning:  #111-D: statement is unreachable
                case(ENCODER_CHA):return encoder_A.dir;break;
exinlibs\exinencoder.c(179): warning:  #111-D: statement is unreachable
                case(ENCODER_CHB):return encoder_B.dir;break;
exinlibs\exinencoder.c(180): warning:  #111-D: statement is unreachable
                case(ENCODER_CHC):return encoder_C.dir;break;
exinlibs\exinencoder.c(181): warning:  #111-D: statement is unreachable
                case(ENCODER_CHD):return encoder_D.dir;break;
exinlibs\exinencoder.c(220): warning:  #167-D: argument of type "char *" is incompatible with parameter of type "unsigned char *"
      OLED_ShowString(64, 0, tmp);
exinlibs\exinencoder.c(225): warning:  #167-D: argument of type "char *" is incompatible with parameter of type "unsigned char *"
      OLED_ShowString(64, 1, tmp);
exinlibs\exinencoder.c: 32 warnings, 0 errors
compiling exinadjust.c...
exinlibs\exinadjust.c(6): warning:  #9-D: nested comment is not allowed
  /*@@ 库仅供参考 后果自负
exinlibs\exinadjust.h(6): warning:  #9-D: nested comment is not allowed
  /*@@ 库仅供参考 后果自负
exinlibs\headfile.h(6): warning:  #9-D: nested comment is not allowed
  /*@@ 库仅供参考 后果自负
.\exinlibs\dat.h(6): warning:  #9-D: nested comment is not allowed
  /*@@ 库仅供参考 后果自负
exinlibs\exinsystem.h(6): warning:  #9-D: nested comment is not allowed
  /*@@ 库仅供参考 后果自负
exinlibs\exingpio.h(6): warning:  #9-D: nested comment is not allowed
  /*@@ 库仅供参考 后果自负
exinlibs\exinuart.h(6): warning:  #9-D: nested comment is not allowed
  /*@@ 库仅供参考 后果自负
exinlibs\exinTimerA.h(6): warning:  #9-D: nested comment is not allowed
  /*@@ 库仅供参考 后果自负
exinlibs\exinTimerAINT.h(6): warning:  #9-D: nested comment is not allowed
  /*@@ 库仅供参考 后果自负
exinlibs\exinencoder.h(6): warning:  #9-D: nested comment is not allowed
  /*@@ 库仅供参考 后果自负
exinlibs\exinkey.h(6): warning:  #9-D: nested comment is not allowed
  /*@@ 库仅供参考 后果自负
exinlibs\exinpwm.h(6): warning:  #9-D: nested comment is not allowed
  /*@@ 库仅供参考 后果自负
exinlibs\exinmotor.h(6): warning:  #9-D: nested comment is not allowed
  /*@@ 库仅供参考 后果自负
exinlibs\exinIIC.h(6): warning:  #9-D: nested comment is not allowed
  /*@@ 库仅供参考 后果自负
exinlibs\headfile.h(6): warning:  #9-D: nested comment is not allowed
  /*@@ 库仅供参考 后果自负
exinlibs\exinADC.h(6): warning:  #9-D: nested comment is not allowed
  /*@@ 库仅供参考 后果自负
exinlibs\exinADC0832.h(6): warning:  #9-D: nested comment is not allowed
  /*@@ 库仅供参考 后果自负
exinlibs\exineeprom.h(6): warning:  #9-D: nested comment is not allowed
  /*@@ 库仅供参考 后果自负
exinlibs\exinMPU6050.h(6): warning:  #9-D: nested comment is not allowed
  /*@@ 库仅供参考 后果自负
exinlibs\exinHC_SR04.h(6): warning:  #9-D: nested comment is not allowed
  /*@@ 库仅供参考 后果自负
exinlibs\exinsteer.h(6): warning:  #9-D: nested comment is not allowed
  /*@@ 库仅供参考 后果自负
exinlibs\exinadjust.c: 21 warnings, 0 errors
compiling config.c...
.\exinlibs\headfile.h(6): warning:  #9-D: nested comment is not allowed
  /*@@ 库仅供参考 后果自负
.\exinlibs\dat.h(6): warning:  #9-D: nested comment is not allowed
  /*@@ 库仅供参考 后果自负
.\exinlibs\exinsystem.h(6): warning:  #9-D: nested comment is not allowed
  /*@@ 库仅供参考 后果自负
.\exinlibs\exingpio.h(6): warning:  #9-D: nested comment is not allowed
  /*@@ 库仅供参考 后果自负
.\exinlibs\exinuart.h(6): warning:  #9-D: nested comment is not allowed
  /*@@ 库仅供参考 后果自负
.\exinlibs\exinTimerA.h(6): warning:  #9-D: nested comment is not allowed
  /*@@ 库仅供参考 后果自负
.\exinlibs\exinTimerAINT.h(6): warning:  #9-D: nested comment is not allowed
  /*@@ 库仅供参考 后果自负
.\exinlibs\exinencoder.h(6): warning:  #9-D: nested comment is not allowed
  /*@@ 库仅供参考 后果自负
.\exinlibs\exinadjust.h(6): warning:  #9-D: nested comment is not allowed
  /*@@ 库仅供参考 后果自负
.\exinlibs\exinkey.h(6): warning:  #9-D: nested comment is not allowed
  /*@@ 库仅供参考 后果自负
.\exinlibs\exinpwm.h(6): warning:  #9-D: nested comment is not allowed
  /*@@ 库仅供参考 后果自负
.\exinlibs\exinmotor.h(6): warning:  #9-D: nested comment is not allowed
  /*@@ 库仅供参考 后果自负
.\exinlibs\exinIIC.h(6): warning:  #9-D: nested comment is not allowed
  /*@@ 库仅供参考 后果自负
.\exinlibs\headfile.h(6): warning:  #9-D: nested comment is not allowed
  /*@@ 库仅供参考 后果自负
.\exinlibs\exinADC.h(6): warning:  #9-D: nested comment is not allowed
  /*@@ 库仅供参考 后果自负
.\exinlibs\exinADC0832.h(6): warning:  #9-D: nested comment is not allowed
  /*@@ 库仅供参考 后果自负
.\exinlibs\exineeprom.h(6): warning:  #9-D: nested comment is not allowed
  /*@@ 库仅供参考 后果自负
.\exinlibs\exinMPU6050.h(6): warning:  #9-D: nested comment is not allowed
  /*@@ 库仅供参考 后果自负
.\exinlibs\exinHC_SR04.h(6): warning:  #9-D: nested comment is not allowed
  /*@@ 库仅供参考 后果自负
.\exinlibs\exinsteer.h(6): warning:  #9-D: nested comment is not allowed
  /*@@ 库仅供参考 后果自负
exinlibs\config.c(8): warning:  #1-D: last line of file ends without a newline
  }
exinlibs\config.c: 21 warnings, 0 errors
compiling exingpio.c...
exinlibs\exingpio.c(6): warning:  #9-D: nested comment is not allowed
  /*@@ 库仅供参考 后果自负
exinlibs\headfile.h(6): warning:  #9-D: nested comment is not allowed
  /*@@ 库仅供参考 后果自负
.\exinlibs\dat.h(6): warning:  #9-D: nested comment is not allowed
  /*@@ 库仅供参考 后果自负
exinlibs\exinsystem.h(6): warning:  #9-D: nested comment is not allowed
  /*@@ 库仅供参考 后果自负
exinlibs\exingpio.h(6): warning:  #9-D: nested comment is not allowed
  /*@@ 库仅供参考 后果自负
exinlibs\exinuart.h(6): warning:  #9-D: nested comment is not allowed
  /*@@ 库仅供参考 后果自负
exinlibs\exinTimerA.h(6): warning:  #9-D: nested comment is not allowed
  /*@@ 库仅供参考 后果自负
exinlibs\exinTimerAINT.h(6): warning:  #9-D: nested comment is not allowed
  /*@@ 库仅供参考 后果自负
exinlibs\exinencoder.h(6): warning:  #9-D: nested comment is not allowed
  /*@@ 库仅供参考 后果自负
exinlibs\exinadjust.h(6): warning:  #9-D: nested comment is not allowed
  /*@@ 库仅供参考 后果自负
exinlibs\exinkey.h(6): warning:  #9-D: nested comment is not allowed
  /*@@ 库仅供参考 后果自负
exinlibs\exinpwm.h(6): warning:  #9-D: nested comment is not allowed
  /*@@ 库仅供参考 后果自负
exinlibs\exinmotor.h(6): warning:  #9-D: nested comment is not allowed
  /*@@ 库仅供参考 后果自负
exinlibs\exinIIC.h(6): warning:  #9-D: nested comment is not allowed
  /*@@ 库仅供参考 后果自负
exinlibs\headfile.h(6): warning:  #9-D: nested comment is not allowed
  /*@@ 库仅供参考 后果自负
exinlibs\exinADC.h(6): warning:  #9-D: nested comment is not allowed
  /*@@ 库仅供参考 后果自负
exinlibs\exinADC0832.h(6): warning:  #9-D: nested comment is not allowed
  /*@@ 库仅供参考 后果自负
exinlibs\exineeprom.h(6): warning:  #9-D: nested comment is not allowed
  /*@@ 库仅供参考 后果自负
exinlibs\exinMPU6050.h(6): warning:  #9-D: nested comment is not allowed
  /*@@ 库仅供参考 后果自负
exinlibs\exinHC_SR04.h(6): warning:  #9-D: nested comment is not allowed
  /*@@ 库仅供参考 后果自负
exinlibs\exinsteer.h(6): warning:  #9-D: nested comment is not allowed
  /*@@ 库仅供参考 后果自负
exinlibs\exingpio.c: 21 warnings, 0 errors
compiling exinADC0832.c...
exinlibs\exinADC0832.c(6): warning:  #9-D: nested comment is not allowed
  /*@@ 库仅供参考 后果自负
exinlibs\exinADC0832.h(6): warning:  #9-D: nested comment is not allowed
  /*@@ 库仅供参考 后果自负
exinlibs\dat.h(6): warning:  #9-D: nested comment is not allowed
  /*@@ 库仅供参考 后果自负
exinlibs\headfile.h(6): warning:  #9-D: nested comment is not allowed
  /*@@ 库仅供参考 后果自负
exinlibs\exinsystem.h(6): warning:  #9-D: nested comment is not allowed
  /*@@ 库仅供参考 后果自负
exinlibs\exingpio.h(6): warning:  #9-D: nested comment is not allowed
  /*@@ 库仅供参考 后果自负
exinlibs\exinuart.h(6): warning:  #9-D: nested comment is not allowed
  /*@@ 库仅供参考 后果自负
exinlibs\exinTimerA.h(6): warning:  #9-D: nested comment is not allowed
  /*@@ 库仅供参考 后果自负
exinlibs\exinTimerAINT.h(6): warning:  #9-D: nested comment is not allowed
  /*@@ 库仅供参考 后果自负
exinlibs\exinencoder.h(6): warning:  #9-D: nested comment is not allowed
  /*@@ 库仅供参考 后果自负
exinlibs\exinadjust.h(6): warning:  #9-D: nested comment is not allowed
  /*@@ 库仅供参考 后果自负
exinlibs\exinkey.h(6): warning:  #9-D: nested comment is not allowed
  /*@@ 库仅供参考 后果自负
exinlibs\exinpwm.h(6): warning:  #9-D: nested comment is not allowed
  /*@@ 库仅供参考 后果自负
exinlibs\exinmotor.h(6): warning:  #9-D: nested comment is not allowed
  /*@@ 库仅供参考 后果自负
exinlibs\exinIIC.h(6): warning:  #9-D: nested comment is not allowed
  /*@@ 库仅供参考 后果自负
exinlibs\headfile.h(6): warning:  #9-D: nested comment is not allowed
  /*@@ 库仅供参考 后果自负
exinlibs\exinADC.h(6): warning:  #9-D: nested comment is not allowed
  /*@@ 库仅供参考 后果自负
exinlibs\exineeprom.h(6): warning:  #9-D: nested comment is not allowed
  /*@@ 库仅供参考 后果自负
exinlibs\exinMPU6050.h(6): warning:  #9-D: nested comment is not allowed
  /*@@ 库仅供参考 后果自负
exinlibs\exinHC_SR04.h(6): warning:  #9-D: nested comment is not allowed
  /*@@ 库仅供参考 后果自负
exinlibs\exinsteer.h(6): warning:  #9-D: nested comment is not allowed
  /*@@ 库仅供参考 后果自负
exinlibs\exinADC0832.c: 21 warnings, 0 errors
compiling exineeprom.c...
exinlibs\exineeprom.c(6): warning:  #9-D: nested comment is not allowed
  /*@@ 库仅供参考 后果自负
exinlibs\dat.h(6): warning:  #9-D: nested comment is not allowed
  /*@@ 库仅供参考 后果自负
exinlibs\exineeprom.h(6): warning:  #9-D: nested comment is not allowed
  /*@@ 库仅供参考 后果自负
exinlibs\headfile.h(6): warning:  #9-D: nested comment is not allowed
  /*@@ 库仅供参考 后果自负
exinlibs\exinsystem.h(6): warning:  #9-D: nested comment is not allowed
  /*@@ 库仅供参考 后果自负
exinlibs\exingpio.h(6): warning:  #9-D: nested comment is not allowed
  /*@@ 库仅供参考 后果自负
exinlibs\exinuart.h(6): warning:  #9-D: nested comment is not allowed
  /*@@ 库仅供参考 后果自负
exinlibs\exinTimerA.h(6): warning:  #9-D: nested comment is not allowed
  /*@@ 库仅供参考 后果自负
exinlibs\exinTimerAINT.h(6): warning:  #9-D: nested comment is not allowed
  /*@@ 库仅供参考 后果自负
exinlibs\exinencoder.h(6): warning:  #9-D: nested comment is not allowed
  /*@@ 库仅供参考 后果自负
exinlibs\exinadjust.h(6): warning:  #9-D: nested comment is not allowed
  /*@@ 库仅供参考 后果自负
exinlibs\exinkey.h(6): warning:  #9-D: nested comment is not allowed
  /*@@ 库仅供参考 后果自负
exinlibs\exinpwm.h(6): warning:  #9-D: nested comment is not allowed
  /*@@ 库仅供参考 后果自负
exinlibs\exinmotor.h(6): warning:  #9-D: nested comment is not allowed
  /*@@ 库仅供参考 后果自负
exinlibs\exinIIC.h(6): warning:  #9-D: nested comment is not allowed
  /*@@ 库仅供参考 后果自负
exinlibs\headfile.h(6): warning:  #9-D: nested comment is not allowed
  /*@@ 库仅供参考 后果自负
exinlibs\exinADC.h(6): warning:  #9-D: nested comment is not allowed
  /*@@ 库仅供参考 后果自负
exinlibs\exinADC0832.h(6): warning:  #9-D: nested comment is not allowed
  /*@@ 库仅供参考 后果自负
exinlibs\exinMPU6050.h(6): warning:  #9-D: nested comment is not allowed
  /*@@ 库仅供参考 后果自负
exinlibs\exinHC_SR04.h(6): warning:  #9-D: nested comment is not allowed
  /*@@ 库仅供参考 后果自负
exinlibs\exinsteer.h(6): warning:  #9-D: nested comment is not allowed
  /*@@ 库仅供参考 后果自负
exinlibs\exineeprom.c: 21 warnings, 0 errors
compiling exinADC.c...
exinlibs\exinADC.c(6): warning:  #9-D: nested comment is not allowed
  /*@@ 库仅供参考 后果自负
exinlibs\exinADC.h(6): warning:  #9-D: nested comment is not allowed
  /*@@ 库仅供参考 后果自负
exinlibs\dat.h(6): warning:  #9-D: nested comment is not allowed
  /*@@ 库仅供参考 后果自负
exinlibs\headfile.h(6): warning:  #9-D: nested comment is not allowed
  /*@@ 库仅供参考 后果自负
exinlibs\exinsystem.h(6): warning:  #9-D: nested comment is not allowed
  /*@@ 库仅供参考 后果自负
exinlibs\exingpio.h(6): warning:  #9-D: nested comment is not allowed
  /*@@ 库仅供参考 后果自负
exinlibs\exinuart.h(6): warning:  #9-D: nested comment is not allowed
  /*@@ 库仅供参考 后果自负
exinlibs\exinTimerA.h(6): warning:  #9-D: nested comment is not allowed
  /*@@ 库仅供参考 后果自负
exinlibs\exinTimerAINT.h(6): warning:  #9-D: nested comment is not allowed
  /*@@ 库仅供参考 后果自负
exinlibs\exinencoder.h(6): warning:  #9-D: nested comment is not allowed
  /*@@ 库仅供参考 后果自负
exinlibs\exinadjust.h(6): warning:  #9-D: nested comment is not allowed
  /*@@ 库仅供参考 后果自负
exinlibs\exinkey.h(6): warning:  #9-D: nested comment is not allowed
  /*@@ 库仅供参考 后果自负
exinlibs\exinpwm.h(6): warning:  #9-D: nested comment is not allowed
  /*@@ 库仅供参考 后果自负
exinlibs\exinmotor.h(6): warning:  #9-D: nested comment is not allowed
  /*@@ 库仅供参考 后果自负
exinlibs\exinIIC.h(6): warning:  #9-D: nested comment is not allowed
  /*@@ 库仅供参考 后果自负
exinlibs\headfile.h(6): warning:  #9-D: nested comment is not allowed
  /*@@ 库仅供参考 后果自负
exinlibs\exinADC0832.h(6): warning:  #9-D: nested comment is not allowed
  /*@@ 库仅供参考 后果自负
exinlibs\exineeprom.h(6): warning:  #9-D: nested comment is not allowed
  /*@@ 库仅供参考 后果自负
exinlibs\exinMPU6050.h(6): warning:  #9-D: nested comment is not allowed
  /*@@ 库仅供参考 后果自负
exinlibs\exinHC_SR04.h(6): warning:  #9-D: nested comment is not allowed
  /*@@ 库仅供参考 后果自负
exinlibs\exinsteer.h(6): warning:  #9-D: nested comment is not allowed
  /*@@ 库仅供参考 后果自负
exinlibs\exinADC.c(454): warning:  #188-D: enumerated type mixed with another type
           ADC14_repeatmod_rec(ADC14_STRUCT.repeat_convert_CH,ADC14_STRUCT.ADC_CHEND);//务必保留该函数
exinlibs\exinADC.c: 22 warnings, 0 errors
compiling exinIIC.c...
exinlibs\exinIIC.c(6): warning:  #9-D: nested comment is not allowed
  /*@@ 库仅供参考 后果自负
exinlibs\exinIIC.h(6): warning:  #9-D: nested comment is not allowed
  /*@@ 库仅供参考 后果自负
exinlibs\dat.h(6): warning:  #9-D: nested comment is not allowed
  /*@@ 库仅供参考 后果自负
exinlibs\headfile.h(6): warning:  #9-D: nested comment is not allowed
  /*@@ 库仅供参考 后果自负
exinlibs\exinsystem.h(6): warning:  #9-D: nested comment is not allowed
  /*@@ 库仅供参考 后果自负
exinlibs\exingpio.h(6): warning:  #9-D: nested comment is not allowed
  /*@@ 库仅供参考 后果自负
exinlibs\exinuart.h(6): warning:  #9-D: nested comment is not allowed
  /*@@ 库仅供参考 后果自负
exinlibs\exinTimerA.h(6): warning:  #9-D: nested comment is not allowed
  /*@@ 库仅供参考 后果自负
exinlibs\exinTimerAINT.h(6): warning:  #9-D: nested comment is not allowed
  /*@@ 库仅供参考 后果自负
exinlibs\exinencoder.h(6): warning:  #9-D: nested comment is not allowed
  /*@@ 库仅供参考 后果自负
exinlibs\exinadjust.h(6): warning:  #9-D: nested comment is not allowed
  /*@@ 库仅供参考 后果自负
exinlibs\exinkey.h(6): warning:  #9-D: nested comment is not allowed
  /*@@ 库仅供参考 后果自负
exinlibs\exinpwm.h(6): warning:  #9-D: nested comment is not allowed
  /*@@ 库仅供参考 后果自负
exinlibs\exinmotor.h(6): warning:  #9-D: nested comment is not allowed
  /*@@ 库仅供参考 后果自负
exinlibs\headfile.h(6): warning:  #9-D: nested comment is not allowed
  /*@@ 库仅供参考 后果自负
exinlibs\exinADC.h(6): warning:  #9-D: nested comment is not allowed
  /*@@ 库仅供参考 后果自负
exinlibs\exinADC0832.h(6): warning:  #9-D: nested comment is not allowed
  /*@@ 库仅供参考 后果自负
exinlibs\exineeprom.h(6): warning:  #9-D: nested comment is not allowed
  /*@@ 库仅供参考 后果自负
exinlibs\exinMPU6050.h(6): warning:  #9-D: nested comment is not allowed
  /*@@ 库仅供参考 后果自负
exinlibs\exinHC_SR04.h(6): warning:  #9-D: nested comment is not allowed
  /*@@ 库仅供参考 后果自负
exinlibs\exinsteer.h(6): warning:  #9-D: nested comment is not allowed
  /*@@ 库仅供参考 后果自负
exinlibs\exinIIC.c: 21 warnings, 0 errors
compiling exinHC_SR04.c...
exinlibs\exinHC_SR04.c(6): warning:  #9-D: nested comment is not allowed
  /*@@ 库仅供参考 后果自负
exinlibs\exinHC_SR04.h(6): warning:  #9-D: nested comment is not allowed
  /*@@ 库仅供参考 后果自负
exinlibs\headfile.h(6): warning:  #9-D: nested comment is not allowed
  /*@@ 库仅供参考 后果自负
.\exinlibs\dat.h(6): warning:  #9-D: nested comment is not allowed
  /*@@ 库仅供参考 后果自负
exinlibs\exinsystem.h(6): warning:  #9-D: nested comment is not allowed
  /*@@ 库仅供参考 后果自负
exinlibs\exingpio.h(6): warning:  #9-D: nested comment is not allowed
  /*@@ 库仅供参考 后果自负
exinlibs\exinuart.h(6): warning:  #9-D: nested comment is not allowed
  /*@@ 库仅供参考 后果自负
exinlibs\exinTimerA.h(6): warning:  #9-D: nested comment is not allowed
  /*@@ 库仅供参考 后果自负
exinlibs\exinTimerAINT.h(6): warning:  #9-D: nested comment is not allowed
  /*@@ 库仅供参考 后果自负
exinlibs\exinencoder.h(6): warning:  #9-D: nested comment is not allowed
  /*@@ 库仅供参考 后果自负
exinlibs\exinadjust.h(6): warning:  #9-D: nested comment is not allowed
  /*@@ 库仅供参考 后果自负
exinlibs\exinkey.h(6): warning:  #9-D: nested comment is not allowed
  /*@@ 库仅供参考 后果自负
exinlibs\exinpwm.h(6): warning:  #9-D: nested comment is not allowed
  /*@@ 库仅供参考 后果自负
exinlibs\exinmotor.h(6): warning:  #9-D: nested comment is not allowed
  /*@@ 库仅供参考 后果自负
exinlibs\exinIIC.h(6): warning:  #9-D: nested comment is not allowed
  /*@@ 库仅供参考 后果自负
exinlibs\headfile.h(6): warning:  #9-D: nested comment is not allowed
  /*@@ 库仅供参考 后果自负
exinlibs\exinADC.h(6): warning:  #9-D: nested comment is not allowed
  /*@@ 库仅供参考 后果自负
exinlibs\exinADC0832.h(6): warning:  #9-D: nested comment is not allowed
  /*@@ 库仅供参考 后果自负
exinlibs\exineeprom.h(6): warning:  #9-D: nested comment is not allowed
  /*@@ 库仅供参考 后果自负
exinlibs\exinMPU6050.h(6): warning:  #9-D: nested comment is not allowed
  /*@@ 库仅供参考 后果自负
exinlibs\exinsteer.h(6): warning:  #9-D: nested comment is not allowed
  /*@@ 库仅供参考 后果自负
exinlibs\exinHC_SR04.c: 21 warnings, 0 errors
compiling exinMPU6050.c...
exinlibs\exinMPU6050.c(6): warning:  #9-D: nested comment is not allowed
  /*@@ 库仅供参考 后果自负
exinlibs\exinMPU6050.h(6): warning:  #9-D: nested comment is not allowed
  /*@@ 库仅供参考 后果自负
exinlibs\dat.h(6): warning:  #9-D: nested comment is not allowed
  /*@@ 库仅供参考 后果自负
exinlibs\headfile.h(6): warning:  #9-D: nested comment is not allowed
  /*@@ 库仅供参考 后果自负
exinlibs\exinsystem.h(6): warning:  #9-D: nested comment is not allowed
  /*@@ 库仅供参考 后果自负
exinlibs\exingpio.h(6): warning:  #9-D: nested comment is not allowed
  /*@@ 库仅供参考 后果自负
exinlibs\exinuart.h(6): warning:  #9-D: nested comment is not allowed
  /*@@ 库仅供参考 后果自负
exinlibs\exinTimerA.h(6): warning:  #9-D: nested comment is not allowed
  /*@@ 库仅供参考 后果自负
exinlibs\exinTimerAINT.h(6): warning:  #9-D: nested comment is not allowed
  /*@@ 库仅供参考 后果自负
exinlibs\exinencoder.h(6): warning:  #9-D: nested comment is not allowed
  /*@@ 库仅供参考 后果自负
exinlibs\exinadjust.h(6): warning:  #9-D: nested comment is not allowed
  /*@@ 库仅供参考 后果自负
exinlibs\exinkey.h(6): warning:  #9-D: nested comment is not allowed
  /*@@ 库仅供参考 后果自负
exinlibs\exinpwm.h(6): warning:  #9-D: nested comment is not allowed
  /*@@ 库仅供参考 后果自负
exinlibs\exinmotor.h(6): warning:  #9-D: nested comment is not allowed
  /*@@ 库仅供参考 后果自负
exinlibs\exinIIC.h(6): warning:  #9-D: nested comment is not allowed
  /*@@ 库仅供参考 后果自负
exinlibs\headfile.h(6): warning:  #9-D: nested comment is not allowed
  /*@@ 库仅供参考 后果自负
exinlibs\exinADC.h(6): warning:  #9-D: nested comment is not allowed
  /*@@ 库仅供参考 后果自负
exinlibs\exinADC0832.h(6): warning:  #9-D: nested comment is not allowed
  /*@@ 库仅供参考 后果自负
exinlibs\exineeprom.h(6): warning:  #9-D: nested comment is not allowed
  /*@@ 库仅供参考 后果自负
exinlibs\exinHC_SR04.h(6): warning:  #9-D: nested comment is not allowed
  /*@@ 库仅供参考 后果自负
exinlibs\exinsteer.h(6): warning:  #9-D: nested comment is not allowed
  /*@@ 库仅供参考 后果自负
exinlibs\exinMPU6050.c(313): warning:  #1035-D: single-precision operand implicitly converted to double-precision
      AccX=(float)ax/16384.0;
exinlibs\exinMPU6050.c(314): warning:  #1035-D: single-precision operand implicitly converted to double-precision
      AccY=(float)ay/16384.0;
exinlibs\exinMPU6050.c(315): warning:  #1035-D: single-precision operand implicitly converted to double-precision
      AccZ=(float)az/16384.0;
exinlibs\exinMPU6050.c(321): warning:  #1035-D: single-precision operand implicitly converted to double-precision
      *pitch = accAngelX*180/PI;
exinlibs\exinMPU6050.c(322): warning:  #1035-D: single-precision operand implicitly converted to double-precision
      *roll = accAngelY*180/PI;
exinlibs\exinMPU6050.c(323): warning:  #1035-D: single-precision operand implicitly converted to double-precision
      *yaw = accAngelZ*180/PI;
exinlibs\exinMPU6050.c(331): warning:  #1035-D: single-precision operand implicitly converted to double-precision
    angle = K1 * angle_m+ (1-K1) * (angle + gyro_m * 0.005);//0.005
exinlibs\exinMPU6050.c: 28 warnings, 0 errors
compiling exinkey.c...
exinlibs\exinkey.c(6): warning:  #9-D: nested comment is not allowed
  /*@@ 库仅供参考 后果自负
exinlibs\exinkey.h(6): warning:  #9-D: nested comment is not allowed
  /*@@ 库仅供参考 后果自负
exinlibs\dat.h(6): warning:  #9-D: nested comment is not allowed
  /*@@ 库仅供参考 后果自负
exinlibs\headfile.h(6): warning:  #9-D: nested comment is not allowed
  /*@@ 库仅供参考 后果自负
exinlibs\exinsystem.h(6): warning:  #9-D: nested comment is not allowed
  /*@@ 库仅供参考 后果自负
exinlibs\exingpio.h(6): warning:  #9-D: nested comment is not allowed
  /*@@ 库仅供参考 后果自负
exinlibs\exinuart.h(6): warning:  #9-D: nested comment is not allowed
  /*@@ 库仅供参考 后果自负
exinlibs\exinTimerA.h(6): warning:  #9-D: nested comment is not allowed
  /*@@ 库仅供参考 后果自负
exinlibs\exinTimerAINT.h(6): warning:  #9-D: nested comment is not allowed
  /*@@ 库仅供参考 后果自负
exinlibs\exinencoder.h(6): warning:  #9-D: nested comment is not allowed
  /*@@ 库仅供参考 后果自负
exinlibs\exinadjust.h(6): warning:  #9-D: nested comment is not allowed
  /*@@ 库仅供参考 后果自负
exinlibs\exinpwm.h(6): warning:  #9-D: nested comment is not allowed
  /*@@ 库仅供参考 后果自负
exinlibs\exinmotor.h(6): warning:  #9-D: nested comment is not allowed
  /*@@ 库仅供参考 后果自负
exinlibs\exinIIC.h(6): warning:  #9-D: nested comment is not allowed
  /*@@ 库仅供参考 后果自负
exinlibs\headfile.h(6): warning:  #9-D: nested comment is not allowed
  /*@@ 库仅供参考 后果自负
exinlibs\exinADC.h(6): warning:  #9-D: nested comment is not allowed
  /*@@ 库仅供参考 后果自负
exinlibs\exinADC0832.h(6): warning:  #9-D: nested comment is not allowed
  /*@@ 库仅供参考 后果自负
exinlibs\exineeprom.h(6): warning:  #9-D: nested comment is not allowed
  /*@@ 库仅供参考 后果自负
exinlibs\exinMPU6050.h(6): warning:  #9-D: nested comment is not allowed
  /*@@ 库仅供参考 后果自负
exinlibs\exinHC_SR04.h(6): warning:  #9-D: nested comment is not allowed
  /*@@ 库仅供参考 后果自负
exinlibs\exinsteer.h(6): warning:  #9-D: nested comment is not allowed
  /*@@ 库仅供参考 后果自负
exinlibs\exinkey.c: 21 warnings, 0 errors
compiling exinpwm.c...
exinlibs\exinpwm.c(6): warning:  #9-D: nested comment is not allowed
  /*@@ 库仅供参考 后果自负
exinlibs\exinpwm.h(6): warning:  #9-D: nested comment is not allowed
  /*@@ 库仅供参考 后果自负
exinlibs\dat.h(6): warning:  #9-D: nested comment is not allowed
  /*@@ 库仅供参考 后果自负
exinlibs\headfile.h(6): warning:  #9-D: nested comment is not allowed
  /*@@ 库仅供参考 后果自负
exinlibs\exinsystem.h(6): warning:  #9-D: nested comment is not allowed
  /*@@ 库仅供参考 后果自负
exinlibs\exingpio.h(6): warning:  #9-D: nested comment is not allowed
  /*@@ 库仅供参考 后果自负
exinlibs\exinuart.h(6): warning:  #9-D: nested comment is not allowed
  /*@@ 库仅供参考 后果自负
exinlibs\exinTimerA.h(6): warning:  #9-D: nested comment is not allowed
  /*@@ 库仅供参考 后果自负
exinlibs\exinTimerAINT.h(6): warning:  #9-D: nested comment is not allowed
  /*@@ 库仅供参考 后果自负
exinlibs\exinencoder.h(6): warning:  #9-D: nested comment is not allowed
  /*@@ 库仅供参考 后果自负
exinlibs\exinadjust.h(6): warning:  #9-D: nested comment is not allowed
  /*@@ 库仅供参考 后果自负
exinlibs\exinkey.h(6): warning:  #9-D: nested comment is not allowed
  /*@@ 库仅供参考 后果自负
exinlibs\exinmotor.h(6): warning:  #9-D: nested comment is not allowed
  /*@@ 库仅供参考 后果自负
exinlibs\exinIIC.h(6): warning:  #9-D: nested comment is not allowed
  /*@@ 库仅供参考 后果自负
exinlibs\headfile.h(6): warning:  #9-D: nested comment is not allowed
  /*@@ 库仅供参考 后果自负
exinlibs\exinADC.h(6): warning:  #9-D: nested comment is not allowed
  /*@@ 库仅供参考 后果自负
exinlibs\exinADC0832.h(6): warning:  #9-D: nested comment is not allowed
  /*@@ 库仅供参考 后果自负
exinlibs\exineeprom.h(6): warning:  #9-D: nested comment is not allowed
  /*@@ 库仅供参考 后果自负
exinlibs\exinMPU6050.h(6): warning:  #9-D: nested comment is not allowed
  /*@@ 库仅供参考 后果自负
exinlibs\exinHC_SR04.h(6): warning:  #9-D: nested comment is not allowed
  /*@@ 库仅供参考 后果自负
exinlibs\exinsteer.h(6): warning:  #9-D: nested comment is not allowed
  /*@@ 库仅供参考 后果自负
exinlibs\exinpwm.c: 21 warnings, 0 errors
compiling exinisr.c...
exinlibs\exinisr.c(6): warning:  #9-D: nested comment is not allowed
  /*@@ 库仅供参考 后果自负
exinlibs\headfile.h(6): warning:  #9-D: nested comment is not allowed
  /*@@ 库仅供参考 后果自负
.\exinlibs\dat.h(6): warning:  #9-D: nested comment is not allowed
  /*@@ 库仅供参考 后果自负
exinlibs\exinsystem.h(6): warning:  #9-D: nested comment is not allowed
  /*@@ 库仅供参考 后果自负
exinlibs\exingpio.h(6): warning:  #9-D: nested comment is not allowed
  /*@@ 库仅供参考 后果自负
exinlibs\exinuart.h(6): warning:  #9-D: nested comment is not allowed
  /*@@ 库仅供参考 后果自负
exinlibs\exinTimerA.h(6): warning:  #9-D: nested comment is not allowed
  /*@@ 库仅供参考 后果自负
exinlibs\exinTimerAINT.h(6): warning:  #9-D: nested comment is not allowed
  /*@@ 库仅供参考 后果自负
exinlibs\exinencoder.h(6): warning:  #9-D: nested comment is not allowed
  /*@@ 库仅供参考 后果自负
exinlibs\exinadjust.h(6): warning:  #9-D: nested comment is not allowed
  /*@@ 库仅供参考 后果自负
exinlibs\exinkey.h(6): warning:  #9-D: nested comment is not allowed
  /*@@ 库仅供参考 后果自负
exinlibs\exinpwm.h(6): warning:  #9-D: nested comment is not allowed
  /*@@ 库仅供参考 后果自负
exinlibs\exinmotor.h(6): warning:  #9-D: nested comment is not allowed
  /*@@ 库仅供参考 后果自负
exinlibs\exinIIC.h(6): warning:  #9-D: nested comment is not allowed
  /*@@ 库仅供参考 后果自负
exinlibs\headfile.h(6): warning:  #9-D: nested comment is not allowed
  /*@@ 库仅供参考 后果自负
exinlibs\exinADC.h(6): warning:  #9-D: nested comment is not allowed
  /*@@ 库仅供参考 后果自负
exinlibs\exinADC0832.h(6): warning:  #9-D: nested comment is not allowed
  /*@@ 库仅供参考 后果自负
exinlibs\exineeprom.h(6): warning:  #9-D: nested comment is not allowed
  /*@@ 库仅供参考 后果自负
exinlibs\exinMPU6050.h(6): warning:  #9-D: nested comment is not allowed
  /*@@ 库仅供参考 后果自负
exinlibs\exinHC_SR04.h(6): warning:  #9-D: nested comment is not allowed
  /*@@ 库仅供参考 后果自负
exinlibs\exinsteer.h(6): warning:  #9-D: nested comment is not allowed
  /*@@ 库仅供参考 后果自负
exinlibs\exinisr.c: 21 warnings, 0 errors
compiling exinmotor.c...
exinlibs\exinmotor.c(6): warning:  #9-D: nested comment is not allowed
  /*@@ 库仅供参考 后果自负
exinlibs\exinmotor.h(6): warning:  #9-D: nested comment is not allowed
  /*@@ 库仅供参考 后果自负
exinlibs\dat.h(6): warning:  #9-D: nested comment is not allowed
  /*@@ 库仅供参考 后果自负
exinlibs\headfile.h(6): warning:  #9-D: nested comment is not allowed
  /*@@ 库仅供参考 后果自负
exinlibs\exinsystem.h(6): warning:  #9-D: nested comment is not allowed
  /*@@ 库仅供参考 后果自负
exinlibs\exingpio.h(6): warning:  #9-D: nested comment is not allowed
  /*@@ 库仅供参考 后果自负
exinlibs\exinuart.h(6): warning:  #9-D: nested comment is not allowed
  /*@@ 库仅供参考 后果自负
exinlibs\exinTimerA.h(6): warning:  #9-D: nested comment is not allowed
  /*@@ 库仅供参考 后果自负
exinlibs\exinTimerAINT.h(6): warning:  #9-D: nested comment is not allowed
  /*@@ 库仅供参考 后果自负
exinlibs\exinencoder.h(6): warning:  #9-D: nested comment is not allowed
  /*@@ 库仅供参考 后果自负
exinlibs\exinadjust.h(6): warning:  #9-D: nested comment is not allowed
  /*@@ 库仅供参考 后果自负
exinlibs\exinkey.h(6): warning:  #9-D: nested comment is not allowed
  /*@@ 库仅供参考 后果自负
exinlibs\exinpwm.h(6): warning:  #9-D: nested comment is not allowed
  /*@@ 库仅供参考 后果自负
exinlibs\exinIIC.h(6): warning:  #9-D: nested comment is not allowed
  /*@@ 库仅供参考 后果自负
exinlibs\headfile.h(6): warning:  #9-D: nested comment is not allowed
  /*@@ 库仅供参考 后果自负
exinlibs\exinADC.h(6): warning:  #9-D: nested comment is not allowed
  /*@@ 库仅供参考 后果自负
exinlibs\exinADC0832.h(6): warning:  #9-D: nested comment is not allowed
  /*@@ 库仅供参考 后果自负
exinlibs\exineeprom.h(6): warning:  #9-D: nested comment is not allowed
  /*@@ 库仅供参考 后果自负
exinlibs\exinMPU6050.h(6): warning:  #9-D: nested comment is not allowed
  /*@@ 库仅供参考 后果自负
exinlibs\exinHC_SR04.h(6): warning:  #9-D: nested comment is not allowed
  /*@@ 库仅供参考 后果自负
exinlibs\exinsteer.h(6): warning:  #9-D: nested comment is not allowed
  /*@@ 库仅供参考 后果自负
exinlibs\exinmotor.c: 21 warnings, 0 errors
compiling exinsystem.c...
exinlibs\exinsystem.c(6): warning:  #9-D: nested comment is not allowed
  /*@@ 库仅供参考 后果自负
exinlibs\exinsystem.h(6): warning:  #9-D: nested comment is not allowed
  /*@@ 库仅供参考 后果自负
exinlibs\headfile.h(6): warning:  #9-D: nested comment is not allowed
  /*@@ 库仅供参考 后果自负
.\exinlibs\dat.h(6): warning:  #9-D: nested comment is not allowed
  /*@@ 库仅供参考 后果自负
exinlibs\exingpio.h(6): warning:  #9-D: nested comment is not allowed
  /*@@ 库仅供参考 后果自负
exinlibs\exinuart.h(6): warning:  #9-D: nested comment is not allowed
  /*@@ 库仅供参考 后果自负
exinlibs\exinTimerA.h(6): warning:  #9-D: nested comment is not allowed
  /*@@ 库仅供参考 后果自负
exinlibs\exinTimerAINT.h(6): warning:  #9-D: nested comment is not allowed
  /*@@ 库仅供参考 后果自负
exinlibs\exinencoder.h(6): warning:  #9-D: nested comment is not allowed
  /*@@ 库仅供参考 后果自负
exinlibs\exinadjust.h(6): warning:  #9-D: nested comment is not allowed
  /*@@ 库仅供参考 后果自负
exinlibs\exinkey.h(6): warning:  #9-D: nested comment is not allowed
  /*@@ 库仅供参考 后果自负
exinlibs\exinpwm.h(6): warning:  #9-D: nested comment is not allowed
  /*@@ 库仅供参考 后果自负
exinlibs\exinmotor.h(6): warning:  #9-D: nested comment is not allowed
  /*@@ 库仅供参考 后果自负
exinlibs\exinIIC.h(6): warning:  #9-D: nested comment is not allowed
  /*@@ 库仅供参考 后果自负
exinlibs\headfile.h(6): warning:  #9-D: nested comment is not allowed
  /*@@ 库仅供参考 后果自负
exinlibs\exinADC.h(6): warning:  #9-D: nested comment is not allowed
  /*@@ 库仅供参考 后果自负
exinlibs\exinADC0832.h(6): warning:  #9-D: nested comment is not allowed
  /*@@ 库仅供参考 后果自负
exinlibs\exineeprom.h(6): warning:  #9-D: nested comment is not allowed
  /*@@ 库仅供参考 后果自负
exinlibs\exinMPU6050.h(6): warning:  #9-D: nested comment is not allowed
  /*@@ 库仅供参考 后果自负
exinlibs\exinHC_SR04.h(6): warning:  #9-D: nested comment is not allowed
  /*@@ 库仅供参考 后果自负
exinlibs\exinsteer.h(6): warning:  #9-D: nested comment is not allowed
  /*@@ 库仅供参考 后果自负
exinlibs\exinsystem.c: 21 warnings, 0 errors
compiling exinsteer.c...
exinlibs\exinsteer.c(6): warning:  #9-D: nested comment is not allowed
  /*@@ 库仅供参考 后果自负
exinlibs\exinsteer.h(6): warning:  #9-D: nested comment is not allowed
  /*@@ 库仅供参考 后果自负
exinlibs\headfile.h(6): warning:  #9-D: nested comment is not allowed
  /*@@ 库仅供参考 后果自负
.\exinlibs\dat.h(6): warning:  #9-D: nested comment is not allowed
  /*@@ 库仅供参考 后果自负
exinlibs\exinsystem.h(6): warning:  #9-D: nested comment is not allowed
  /*@@ 库仅供参考 后果自负
exinlibs\exingpio.h(6): warning:  #9-D: nested comment is not allowed
  /*@@ 库仅供参考 后果自负
exinlibs\exinuart.h(6): warning:  #9-D: nested comment is not allowed
  /*@@ 库仅供参考 后果自负
exinlibs\exinTimerA.h(6): warning:  #9-D: nested comment is not allowed
  /*@@ 库仅供参考 后果自负
exinlibs\exinTimerAINT.h(6): warning:  #9-D: nested comment is not allowed
  /*@@ 库仅供参考 后果自负
exinlibs\exinencoder.h(6): warning:  #9-D: nested comment is not allowed
  /*@@ 库仅供参考 后果自负
exinlibs\exinadjust.h(6): warning:  #9-D: nested comment is not allowed
  /*@@ 库仅供参考 后果自负
exinlibs\exinkey.h(6): warning:  #9-D: nested comment is not allowed
  /*@@ 库仅供参考 后果自负
exinlibs\exinpwm.h(6): warning:  #9-D: nested comment is not allowed
  /*@@ 库仅供参考 后果自负
exinlibs\exinmotor.h(6): warning:  #9-D: nested comment is not allowed
  /*@@ 库仅供参考 后果自负
exinlibs\exinIIC.h(6): warning:  #9-D: nested comment is not allowed
  /*@@ 库仅供参考 后果自负
exinlibs\headfile.h(6): warning:  #9-D: nested comment is not allowed
  /*@@ 库仅供参考 后果自负
exinlibs\exinADC.h(6): warning:  #9-D: nested comment is not allowed
  /*@@ 库仅供参考 后果自负
exinlibs\exinADC0832.h(6): warning:  #9-D: nested comment is not allowed
  /*@@ 库仅供参考 后果自负
exinlibs\exineeprom.h(6): warning:  #9-D: nested comment is not allowed
  /*@@ 库仅供参考 后果自负
exinlibs\exinMPU6050.h(6): warning:  #9-D: nested comment is not allowed
  /*@@ 库仅供参考 后果自负
exinlibs\exinHC_SR04.h(6): warning:  #9-D: nested comment is not allowed
  /*@@ 库仅供参考 后果自负
exinlibs\exinsteer.c: 21 warnings, 0 errors
compiling exinTimerA.c...
exinlibs\exinTimerA.c(6): warning:  #9-D: nested comment is not allowed
  /*@@ 库仅供参考 后果自负
exinlibs\exinTimerA.h(6): warning:  #9-D: nested comment is not allowed
  /*@@ 库仅供参考 后果自负
exinlibs\dat.h(6): warning:  #9-D: nested comment is not allowed
  /*@@ 库仅供参考 后果自负
exinlibs\headfile.h(6): warning:  #9-D: nested comment is not allowed
  /*@@ 库仅供参考 后果自负
exinlibs\exinsystem.h(6): warning:  #9-D: nested comment is not allowed
  /*@@ 库仅供参考 后果自负
exinlibs\exingpio.h(6): warning:  #9-D: nested comment is not allowed
  /*@@ 库仅供参考 后果自负
exinlibs\exinuart.h(6): warning:  #9-D: nested comment is not allowed
  /*@@ 库仅供参考 后果自负
exinlibs\exinTimerAINT.h(6): warning:  #9-D: nested comment is not allowed
  /*@@ 库仅供参考 后果自负
exinlibs\exinencoder.h(6): warning:  #9-D: nested comment is not allowed
  /*@@ 库仅供参考 后果自负
exinlibs\exinadjust.h(6): warning:  #9-D: nested comment is not allowed
  /*@@ 库仅供参考 后果自负
exinlibs\exinkey.h(6): warning:  #9-D: nested comment is not allowed
  /*@@ 库仅供参考 后果自负
exinlibs\exinpwm.h(6): warning:  #9-D: nested comment is not allowed
  /*@@ 库仅供参考 后果自负
exinlibs\exinmotor.h(6): warning:  #9-D: nested comment is not allowed
  /*@@ 库仅供参考 后果自负
exinlibs\exinIIC.h(6): warning:  #9-D: nested comment is not allowed
  /*@@ 库仅供参考 后果自负
exinlibs\headfile.h(6): warning:  #9-D: nested comment is not allowed
  /*@@ 库仅供参考 后果自负
exinlibs\exinADC.h(6): warning:  #9-D: nested comment is not allowed
  /*@@ 库仅供参考 后果自负
exinlibs\exinADC0832.h(6): warning:  #9-D: nested comment is not allowed
  /*@@ 库仅供参考 后果自负
exinlibs\exineeprom.h(6): warning:  #9-D: nested comment is not allowed
  /*@@ 库仅供参考 后果自负
exinlibs\exinMPU6050.h(6): warning:  #9-D: nested comment is not allowed
  /*@@ 库仅供参考 后果自负
exinlibs\exinHC_SR04.h(6): warning:  #9-D: nested comment is not allowed
  /*@@ 库仅供参考 后果自负
exinlibs\exinsteer.h(6): warning:  #9-D: nested comment is not allowed
  /*@@ 库仅供参考 后果自负
exinlibs\exinTimerA.c: 21 warnings, 0 errors
compiling exinTimerAINT.c...
exinlibs\exinTimerAINT.c(6): warning:  #9-D: nested comment is not allowed
  /*@@ 库仅供参考 后果自负
exinlibs\exinTimerAINT.h(6): warning:  #9-D: nested comment is not allowed
  /*@@ 库仅供参考 后果自负
exinlibs\exinTimerA.h(6): warning:  #9-D: nested comment is not allowed
  /*@@ 库仅供参考 后果自负
exinlibs\dat.h(6): warning:  #9-D: nested comment is not allowed
  /*@@ 库仅供参考 后果自负
exinlibs\headfile.h(6): warning:  #9-D: nested comment is not allowed
  /*@@ 库仅供参考 后果自负
exinlibs\exinsystem.h(6): warning:  #9-D: nested comment is not allowed
  /*@@ 库仅供参考 后果自负
exinlibs\exingpio.h(6): warning:  #9-D: nested comment is not allowed
  /*@@ 库仅供参考 后果自负
exinlibs\exinuart.h(6): warning:  #9-D: nested comment is not allowed
  /*@@ 库仅供参考 后果自负
exinlibs\exinencoder.h(6): warning:  #9-D: nested comment is not allowed
  /*@@ 库仅供参考 后果自负
exinlibs\exinadjust.h(6): warning:  #9-D: nested comment is not allowed
  /*@@ 库仅供参考 后果自负
exinlibs\exinkey.h(6): warning:  #9-D: nested comment is not allowed
  /*@@ 库仅供参考 后果自负
exinlibs\exinpwm.h(6): warning:  #9-D: nested comment is not allowed
  /*@@ 库仅供参考 后果自负
exinlibs\exinmotor.h(6): warning:  #9-D: nested comment is not allowed
  /*@@ 库仅供参考 后果自负
exinlibs\exinIIC.h(6): warning:  #9-D: nested comment is not allowed
  /*@@ 库仅供参考 后果自负
exinlibs\headfile.h(6): warning:  #9-D: nested comment is not allowed
  /*@@ 库仅供参考 后果自负
exinlibs\exinADC.h(6): warning:  #9-D: nested comment is not allowed
  /*@@ 库仅供参考 后果自负
exinlibs\exinADC0832.h(6): warning:  #9-D: nested comment is not allowed
  /*@@ 库仅供参考 后果自负
exinlibs\exineeprom.h(6): warning:  #9-D: nested comment is not allowed
  /*@@ 库仅供参考 后果自负
exinlibs\exinMPU6050.h(6): warning:  #9-D: nested comment is not allowed
  /*@@ 库仅供参考 后果自负
exinlibs\exinHC_SR04.h(6): warning:  #9-D: nested comment is not allowed
  /*@@ 库仅供参考 后果自负
exinlibs\exinsteer.h(6): warning:  #9-D: nested comment is not allowed
  /*@@ 库仅供参考 后果自负
exinlibs\exinTimerAINT.c: 21 warnings, 0 errors
compiling LMT70RD.c...
exinlibs\headfile.h(6): warning:  #9-D: nested comment is not allowed
  /*@@ 库仅供参考 后果自负
.\exinlibs\dat.h(6): warning:  #9-D: nested comment is not allowed
  /*@@ 库仅供参考 后果自负
exinlibs\exinsystem.h(6): warning:  #9-D: nested comment is not allowed
  /*@@ 库仅供参考 后果自负
exinlibs\exingpio.h(6): warning:  #9-D: nested comment is not allowed
  /*@@ 库仅供参考 后果自负
exinlibs\exinuart.h(6): warning:  #9-D: nested comment is not allowed
  /*@@ 库仅供参考 后果自负
exinlibs\exinTimerA.h(6): warning:  #9-D: nested comment is not allowed
  /*@@ 库仅供参考 后果自负
exinlibs\exinTimerAINT.h(6): warning:  #9-D: nested comment is not allowed
  /*@@ 库仅供参考 后果自负
exinlibs\exinencoder.h(6): warning:  #9-D: nested comment is not allowed
  /*@@ 库仅供参考 后果自负
exinlibs\exinadjust.h(6): warning:  #9-D: nested comment is not allowed
  /*@@ 库仅供参考 后果自负
exinlibs\exinkey.h(6): warning:  #9-D: nested comment is not allowed
  /*@@ 库仅供参考 后果自负
exinlibs\exinpwm.h(6): warning:  #9-D: nested comment is not allowed
  /*@@ 库仅供参考 后果自负
exinlibs\exinmotor.h(6): warning:  #9-D: nested comment is not allowed
  /*@@ 库仅供参考 后果自负
exinlibs\exinIIC.h(6): warning:  #9-D: nested comment is not allowed
  /*@@ 库仅供参考 后果自负
exinlibs\headfile.h(6): warning:  #9-D: nested comment is not allowed
  /*@@ 库仅供参考 后果自负
exinlibs\exinADC.h(6): warning:  #9-D: nested comment is not allowed
  /*@@ 库仅供参考 后果自负
exinlibs\exinADC0832.h(6): warning:  #9-D: nested comment is not allowed
  /*@@ 库仅供参考 后果自负
exinlibs\exineeprom.h(6): warning:  #9-D: nested comment is not allowed
  /*@@ 库仅供参考 后果自负
exinlibs\exinMPU6050.h(6): warning:  #9-D: nested comment is not allowed
  /*@@ 库仅供参考 后果自负
exinlibs\exinHC_SR04.h(6): warning:  #9-D: nested comment is not allowed
  /*@@ 库仅供参考 后果自负
exinlibs\exinsteer.h(6): warning:  #9-D: nested comment is not allowed
  /*@@ 库仅供参考 后果自负
exinlibs\LMT70RD.c(13): warning:  #1035-D: single-precision operand implicitly converted to double-precision
  	if(LMT_GETMV >= 942.547 && LMT_GETMV <= 995.734)
exinlibs\LMT70RD.c(13): warning:  #1035-D: single-precision operand implicitly converted to double-precision
  	if(LMT_GETMV >= 942.547 && LMT_GETMV <= 995.734)
exinlibs\LMT70RD.c(15): warning:  #1035-D: single-precision operand implicitly converted to double-precision
  	else if(LMT_GETMV >= 890.423 && LMT_GETMV <= 943.907)
exinlibs\LMT70RD.c(15): warning:  #1035-D: single-precision operand implicitly converted to double-precision
  	else if(LMT_GETMV >= 890.423 && LMT_GETMV <= 943.907)
exinlibs\LMT70RD.c(17): warning:  #1035-D: single-precision operand implicitly converted to double-precision
  	else if(LMT_GETMV >= 838.097 && LMT_GETMV <= 891.934)
exinlibs\LMT70RD.c(17): warning:  #1035-D: single-precision operand implicitly converted to double-precision
  	else if(LMT_GETMV >= 838.097 && LMT_GETMV <= 891.934)
exinlibs\LMT70RD.c(92): warning:  #111-D: statement is unreachable
  	return ERROR;
exinlibs\LMT70RD.c: 27 warnings, 0 errors
compiling oled.c...
exinlibs\dat.h(6): warning:  #9-D: nested comment is not allowed
  /*@@ 库仅供参考 后果自负
exinlibs\headfile.h(6): warning:  #9-D: nested comment is not allowed
  /*@@ 库仅供参考 后果自负
exinlibs\exinsystem.h(6): warning:  #9-D: nested comment is not allowed
  /*@@ 库仅供参考 后果自负
exinlibs\exingpio.h(6): warning:  #9-D: nested comment is not allowed
  /*@@ 库仅供参考 后果自负
exinlibs\exinuart.h(6): warning:  #9-D: nested comment is not allowed
  /*@@ 库仅供参考 后果自负
exinlibs\exinTimerA.h(6): warning:  #9-D: nested comment is not allowed
  /*@@ 库仅供参考 后果自负
exinlibs\exinTimerAINT.h(6): warning:  #9-D: nested comment is not allowed
  /*@@ 库仅供参考 后果自负
exinlibs\exinencoder.h(6): warning:  #9-D: nested comment is not allowed
  /*@@ 库仅供参考 后果自负
exinlibs\exinadjust.h(6): warning:  #9-D: nested comment is not allowed
  /*@@ 库仅供参考 后果自负
exinlibs\exinkey.h(6): warning:  #9-D: nested comment is not allowed
  /*@@ 库仅供参考 后果自负
exinlibs\exinpwm.h(6): warning:  #9-D: nested comment is not allowed
  /*@@ 库仅供参考 后果自负
exinlibs\exinmotor.h(6): warning:  #9-D: nested comment is not allowed
  /*@@ 库仅供参考 后果自负
exinlibs\exinIIC.h(6): warning:  #9-D: nested comment is not allowed
  /*@@ 库仅供参考 后果自负
exinlibs\headfile.h(6): warning:  #9-D: nested comment is not allowed
  /*@@ 库仅供参考 后果自负
exinlibs\exinADC.h(6): warning:  #9-D: nested comment is not allowed
  /*@@ 库仅供参考 后果自负
exinlibs\exinADC0832.h(6): warning:  #9-D: nested comment is not allowed
  /*@@ 库仅供参考 后果自负
exinlibs\exineeprom.h(6): warning:  #9-D: nested comment is not allowed
  /*@@ 库仅供参考 后果自负
exinlibs\exinMPU6050.h(6): warning:  #9-D: nested comment is not allowed
  /*@@ 库仅供参考 后果自负
exinlibs\exinHC_SR04.h(6): warning:  #9-D: nested comment is not allowed
  /*@@ 库仅供参考 后果自负
exinlibs\exinsteer.h(6): warning:  #9-D: nested comment is not allowed
  /*@@ 库仅供参考 后果自负
exinlibs\oled.c(80): warning:  #9-D: nested comment is not allowed
  }/*!*/
exinlibs\oled.c(248): warning:  #167-D: argument of type "unsigned char *" is incompatible with parameter of type "char *__restrict__"
      sprintf(tmp,"%0.2f",din);
exinlibs\oled.c: 22 warnings, 0 errors
assembling startup_msp432p401x_keil.s...
compiling exinuart.c...
exinlibs\exinuart.c(6): warning:  #9-D: nested comment is not allowed
  /*@@ 库仅供参考 后果自负
exinlibs\exinuart.h(6): warning:  #9-D: nested comment is not allowed
  /*@@ 库仅供参考 后果自负
exinlibs\dat.h(6): warning:  #9-D: nested comment is not allowed
  /*@@ 库仅供参考 后果自负
exinlibs\headfile.h(6): warning:  #9-D: nested comment is not allowed
  /*@@ 库仅供参考 后果自负
exinlibs\exinsystem.h(6): warning:  #9-D: nested comment is not allowed
  /*@@ 库仅供参考 后果自负
exinlibs\exingpio.h(6): warning:  #9-D: nested comment is not allowed
  /*@@ 库仅供参考 后果自负
exinlibs\exinTimerA.h(6): warning:  #9-D: nested comment is not allowed
  /*@@ 库仅供参考 后果自负
exinlibs\exinTimerAINT.h(6): warning:  #9-D: nested comment is not allowed
  /*@@ 库仅供参考 后果自负
exinlibs\exinencoder.h(6): warning:  #9-D: nested comment is not allowed
  /*@@ 库仅供参考 后果自负
exinlibs\exinadjust.h(6): warning:  #9-D: nested comment is not allowed
  /*@@ 库仅供参考 后果自负
exinlibs\exinkey.h(6): warning:  #9-D: nested comment is not allowed
  /*@@ 库仅供参考 后果自负
exinlibs\exinpwm.h(6): warning:  #9-D: nested comment is not allowed
  /*@@ 库仅供参考 后果自负
exinlibs\exinmotor.h(6): warning:  #9-D: nested comment is not allowed
  /*@@ 库仅供参考 后果自负
exinlibs\exinIIC.h(6): warning:  #9-D: nested comment is not allowed
  /*@@ 库仅供参考 后果自负
exinlibs\headfile.h(6): warning:  #9-D: nested comment is not allowed
  /*@@ 库仅供参考 后果自负
exinlibs\exinADC.h(6): warning:  #9-D: nested comment is not allowed
  /*@@ 库仅供参考 后果自负
exinlibs\exinADC0832.h(6): warning:  #9-D: nested comment is not allowed
  /*@@ 库仅供参考 后果自负
exinlibs\exineeprom.h(6): warning:  #9-D: nested comment is not allowed
  /*@@ 库仅供参考 后果自负
exinlibs\exinMPU6050.h(6): warning:  #9-D: nested comment is not allowed
  /*@@ 库仅供参考 后果自负
exinlibs\exinHC_SR04.h(6): warning:  #9-D: nested comment is not allowed
  /*@@ 库仅供参考 后果自负
exinlibs\exinsteer.h(6): warning:  #9-D: nested comment is not allowed
  /*@@ 库仅供参考 后果自负
exinlibs\exinuart.c(207): warning:  #1035-D: single-precision operand implicitly converted to double-precision
      uint16 UCxBRF = (int)(((float)BRCLK/Baunds/16-BRCLK/Baunds/16)*16+0.5);
exinlibs\exinuart.c: 22 warnings, 0 errors
compiling system_msp432p401x.c...
compiling Oscill_OLED.c...
exinlibs\dat.h(6): warning:  #9-D: nested comment is not allowed
  /*@@ 库仅供参考 后果自负
exinlibs\headfile.h(6): warning:  #9-D: nested comment is not allowed
  /*@@ 库仅供参考 后果自负
exinlibs\exinsystem.h(6): warning:  #9-D: nested comment is not allowed
  /*@@ 库仅供参考 后果自负
exinlibs\exingpio.h(6): warning:  #9-D: nested comment is not allowed
  /*@@ 库仅供参考 后果自负
exinlibs\exinuart.h(6): warning:  #9-D: nested comment is not allowed
  /*@@ 库仅供参考 后果自负
exinlibs\exinTimerA.h(6): warning:  #9-D: nested comment is not allowed
  /*@@ 库仅供参考 后果自负
exinlibs\exinTimerAINT.h(6): warning:  #9-D: nested comment is not allowed
  /*@@ 库仅供参考 后果自负
exinlibs\exinencoder.h(6): warning:  #9-D: nested comment is not allowed
  /*@@ 库仅供参考 后果自负
exinlibs\exinadjust.h(6): warning:  #9-D: nested comment is not allowed
  /*@@ 库仅供参考 后果自负
exinlibs\exinkey.h(6): warning:  #9-D: nested comment is not allowed
  /*@@ 库仅供参考 后果自负
exinlibs\exinpwm.h(6): warning:  #9-D: nested comment is not allowed
  /*@@ 库仅供参考 后果自负
exinlibs\exinmotor.h(6): warning:  #9-D: nested comment is not allowed
  /*@@ 库仅供参考 后果自负
exinlibs\exinIIC.h(6): warning:  #9-D: nested comment is not allowed
  /*@@ 库仅供参考 后果自负
exinlibs\headfile.h(6): warning:  #9-D: nested comment is not allowed
  /*@@ 库仅供参考 后果自负
exinlibs\exinADC.h(6): warning:  #9-D: nested comment is not allowed
  /*@@ 库仅供参考 后果自负
exinlibs\exinADC0832.h(6): warning:  #9-D: nested comment is not allowed
  /*@@ 库仅供参考 后果自负
exinlibs\exineeprom.h(6): warning:  #9-D: nested comment is not allowed
  /*@@ 库仅供参考 后果自负
exinlibs\exinMPU6050.h(6): warning:  #9-D: nested comment is not allowed
  /*@@ 库仅供参考 后果自负
exinlibs\exinHC_SR04.h(6): warning:  #9-D: nested comment is not allowed
  /*@@ 库仅供参考 后果自负
exinlibs\exinsteer.h(6): warning:  #9-D: nested comment is not allowed
  /*@@ 库仅供参考 后果自负
exinlibs\Oscill_OLED.c: 20 warnings, 0 errors
compiling main.c...
main.c(6): warning:  #9-D: nested comment is not allowed
  /*@@ 库仅供参考 后果自负
.\exinlibs\headfile.h(6): warning:  #9-D: nested comment is not allowed
  /*@@ 库仅供参考 后果自负
.\exinlibs\dat.h(6): warning:  #9-D: nested comment is not allowed
  /*@@ 库仅供参考 后果自负
.\exinlibs\exinsystem.h(6): warning:  #9-D: nested comment is not allowed
  /*@@ 库仅供参考 后果自负
.\exinlibs\exingpio.h(6): warning:  #9-D: nested comment is not allowed
  /*@@ 库仅供参考 后果自负
.\exinlibs\exinuart.h(6): warning:  #9-D: nested comment is not allowed
  /*@@ 库仅供参考 后果自负
.\exinlibs\exinTimerA.h(6): warning:  #9-D: nested comment is not allowed
  /*@@ 库仅供参考 后果自负
.\exinlibs\exinTimerAINT.h(6): warning:  #9-D: nested comment is not allowed
  /*@@ 库仅供参考 后果自负
.\exinlibs\exinencoder.h(6): warning:  #9-D: nested comment is not allowed
  /*@@ 库仅供参考 后果自负
.\exinlibs\exinadjust.h(6): warning:  #9-D: nested comment is not allowed
  /*@@ 库仅供参考 后果自负
.\exinlibs\exinkey.h(6): warning:  #9-D: nested comment is not allowed
  /*@@ 库仅供参考 后果自负
.\exinlibs\exinpwm.h(6): warning:  #9-D: nested comment is not allowed
  /*@@ 库仅供参考 后果自负
.\exinlibs\exinmotor.h(6): warning:  #9-D: nested comment is not allowed
  /*@@ 库仅供参考 后果自负
.\exinlibs\exinIIC.h(6): warning:  #9-D: nested comment is not allowed
  /*@@ 库仅供参考 后果自负
.\exinlibs\headfile.h(6): warning:  #9-D: nested comment is not allowed
  /*@@ 库仅供参考 后果自负
.\exinlibs\exinADC.h(6): warning:  #9-D: nested comment is not allowed
  /*@@ 库仅供参考 后果自负
.\exinlibs\exinADC0832.h(6): warning:  #9-D: nested comment is not allowed
  /*@@ 库仅供参考 后果自负
.\exinlibs\exineeprom.h(6): warning:  #9-D: nested comment is not allowed
  /*@@ 库仅供参考 后果自负
.\exinlibs\exinMPU6050.h(6): warning:  #9-D: nested comment is not allowed
  /*@@ 库仅供参考 后果自负
.\exinlibs\exinHC_SR04.h(6): warning:  #9-D: nested comment is not allowed
  /*@@ 库仅供参考 后果自负
.\exinlibs\exinsteer.h(6): warning:  #9-D: nested comment is not allowed
  /*@@ 库仅供参考 后果自负
main.c: 21 warnings, 0 errors
linking...
Program Size: Code=7702 RO-data=2878 RW-data=84 ZI-data=716  
".\Objects\Exin_key.axf" - 0 Error(s), 510 Warning(s).

<h2>Software Packages used:</h2>

Package Vendor: TexasInstruments
                http://software-dl.ti.com/msp430/msp430_public_sw/mcu/msp430/msp432cmsis/latest/exports/TexasInstruments.MSP432P4xx_DFP.3.2.6.pack
                TexasInstruments.MSP432P4xx_DFP.3.2.6
                Device Family Pack for Texas Instruments SimpleLink(TM) MSP432 Series

<h2>Collection of Component include folders:</h2>
  .\RTE\_Exin_key
  C:\Users\93793\AppData\Local\Arm\Packs\TexasInstruments\MSP432P4xx_DFP\3.2.6\Device\Include

<h2>Collection of Component Files used:</h2>
Build Time Elapsed:  00:00:13
</pre>
</body>
</html>
